Archive member included because of file (symbol)

C:/Users/Emanuele/Documents/sloeber-workspace/Catena/Release/arduino.ar(variant.cpp.o)
                              .\arduino-api\arduinoUART.cpp.o (Serial1)
C:/Users/Emanuele/Documents/sloeber-workspace/Catena/Release/arduino.ar(CDC.cpp.o)
                              .\arduino-api\arduinoUART.cpp.o (Serial_::write(unsigned char))
C:/Users/Emanuele/Documents/sloeber-workspace/Catena/Release/arduino.ar(USBCore.cpp.o)
                              .\sloeber.ino.cpp.o (USBDeviceClass::detach())
C:/Users/Emanuele/Documents/sloeber-workspace/Catena/Release/arduino.ar(Print.cpp.o)
                              .\libraries\Wire\Wire.cpp.o (Print::write(unsigned char const*, unsigned int))
C:/Users/Emanuele/Documents/sloeber-workspace/Catena/Release/arduino.ar(Reset.cpp.o)
                              C:/Users/Emanuele/Documents/sloeber-workspace/Catena/Release/arduino.ar(CDC.cpp.o) (initiateReset)
C:/Users/Emanuele/Documents/sloeber-workspace/Catena/Release/arduino.ar(RingBuffer.cpp.o)
                              .\libraries\Wire\Wire.cpp.o (RingBuffer::RingBuffer())
C:/Users/Emanuele/Documents/sloeber-workspace/Catena/Release/arduino.ar(SERCOM.cpp.o)
                              C:/Users/Emanuele/Documents/sloeber-workspace/Catena/Release/arduino.ar(variant.cpp.o) (SERCOM::SERCOM(Sercom*))
C:/Users/Emanuele/Documents/sloeber-workspace/Catena/Release/arduino.ar(Uart.cpp.o)
                              .\arduino-api\arduinoUART.cpp.o (Uart::begin(unsigned long))
C:/Users/Emanuele/Documents/sloeber-workspace/Catena/Release/arduino.ar(abi.cpp.o)
                              .\libraries\Wire\Wire.cpp.o (__cxa_pure_virtual)
C:/Users/Emanuele/Documents/sloeber-workspace/Catena/Release/arduino.ar(cortex_handlers.c.o)
                              (Reset_Handler)
C:/Users/Emanuele/Documents/sloeber-workspace/Catena/Release/arduino.ar(delay.c.o)
                              .\libraries\DallasTemperature\DallasTemperature.cpp.o (millis)
C:/Users/Emanuele/Documents/sloeber-workspace/Catena/Release/arduino.ar(hooks.c.o)
                              C:/Users/Emanuele/Documents/sloeber-workspace/Catena/Release/arduino.ar(delay.c.o) (yield)
C:/Users/Emanuele/Documents/sloeber-workspace/Catena/Release/arduino.ar(main.cpp.o)
                              c:/program files/sloeber/arduinoplugin/packages/arduino/tools/arm-none-eabi-gcc/4.8.3-2014q1/bin/../lib/gcc/arm-none-eabi/4.8.3/../../../../arm-none-eabi/lib/armv6-m/crt0.o (main)
C:/Users/Emanuele/Documents/sloeber-workspace/Catena/Release/arduino.ar(new.cpp.o)
                              C:/Users/Emanuele/Documents/sloeber-workspace/Catena/Release/arduino.ar(USBCore.cpp.o) (operator new(unsigned int))
C:/Users/Emanuele/Documents/sloeber-workspace/Catena/Release/arduino.ar(startup.c.o)
                              C:/Users/Emanuele/Documents/sloeber-workspace/Catena/Release/arduino.ar(cortex_handlers.c.o) (SystemInit)
C:/Users/Emanuele/Documents/sloeber-workspace/Catena/Release/arduino.ar(wiring.c.o)
                              C:/Users/Emanuele/Documents/sloeber-workspace/Catena/Release/arduino.ar(main.cpp.o) (init)
C:/Users/Emanuele/Documents/sloeber-workspace/Catena/Release/arduino.ar(wiring_analog.c.o)
                              .\sloeber.ino.cpp.o (analogReadResolution)
C:/Users/Emanuele/Documents/sloeber-workspace/Catena/Release/arduino.ar(wiring_digital.c.o)
                              .\sloeber.ino.cpp.o (pinMode)
C:/Users/Emanuele/Documents/sloeber-workspace/Catena/Release/arduino.ar(wiring_private.c.o)
                              .\libraries\Wire\Wire.cpp.o (pinPeripheral)
C:/Users/Emanuele/Documents/sloeber-workspace/Catena/Release/arduino.ar(PluggableUSB.cpp.o)
                              C:/Users/Emanuele/Documents/sloeber-workspace/Catena/Release/arduino.ar(USBCore.cpp.o) (PluggableUSB_::getInterface(unsigned char*))
c:/program files/sloeber/arduinoplugin/packages/arduino/tools/arm-none-eabi-gcc/4.8.3-2014q1/bin/../lib/gcc/arm-none-eabi/4.8.3/../../../../arm-none-eabi/lib/armv6-m\libm.a(lib_a-s_fpclassify.o)
                              C:/Users/Emanuele/Documents/sloeber-workspace/Catena/Release/arduino.ar(Print.cpp.o) (__fpclassifyd)
c:/program files/sloeber/arduinoplugin/packages/arduino/tools/arm-none-eabi-gcc/4.8.3-2014q1/bin/../lib/gcc/arm-none-eabi/4.8.3/armv6-m\libgcc.a(_thumb1_case_uqi.o)
                              .\arduinoLoRaWAN\arduinoLoRaWAN.cpp.o (__gnu_thumb1_case_uqi)
c:/program files/sloeber/arduinoplugin/packages/arduino/tools/arm-none-eabi-gcc/4.8.3-2014q1/bin/../lib/gcc/arm-none-eabi/4.8.3/armv6-m\libgcc.a(_udivsi3.o)
                              C:/Users/Emanuele/Documents/sloeber-workspace/Catena/Release/arduino.ar(USBCore.cpp.o) (__aeabi_uidiv)
c:/program files/sloeber/arduinoplugin/packages/arduino/tools/arm-none-eabi-gcc/4.8.3-2014q1/bin/../lib/gcc/arm-none-eabi/4.8.3/armv6-m\libgcc.a(_divsi3.o)
[...]
Memory Configuration

Name             Origin             Length             Attributes
FLASH            0x00002000         0x0003e000         xr
RAM              0x20000000         0x00008000         xrw
*default*        0x00000000         0xffffffff

Linker script and memory map

LOAD c:/program files/sloeber/arduinoplugin/packages/arduino/tools/arm-none-eabi-gcc/4.8.3-2014q1/bin/../lib/gcc/arm-none-eabi/4.8.3/armv6-m/crti.o
LOAD c:/program files/sloeber/arduinoplugin/packages/arduino/tools/arm-none-eabi-gcc/4.8.3-2014q1/bin/../lib/gcc/arm-none-eabi/4.8.3/armv6-m/crtbegin.o
LOAD c:/program files/sloeber/arduinoplugin/packages/arduino/tools/arm-none-eabi-gcc/4.8.3-2014q1/bin/../lib/gcc/arm-none-eabi/4.8.3/../../../../arm-none-eabi/lib/armv6-m/crt0.o
LOAD .\sloeber.ino.cpp.o
LOAD .\libraries\Wire\Wire.cpp.o
LOAD .\libraries\RTCZero\src\RTCZero.cpp.o
LOAD .\libraries\OneWire\OneWire.cpp.o
LOAD .\libraries\DallasTemperature\DallasTemperature.cpp.o
LOAD .\arduinoLoRaWAN\arduinoLoRaWAN.cpp.o
LOAD .\arduinoLoRaWAN\configLoRaWAN.cpp.o
LOAD .\arduino-api\arduinoUART.cpp.o
START GROUP
LOAD C:\Program Files\sloeber\/arduinoPlugin/packages/arduino/tools/CMSIS/4.5.0/CMSIS/Lib/GCC/\libarm_cortexM0l_math.a
LOAD c:/program files/sloeber/arduinoplugin/packages/arduino/tools/arm-none-eabi-gcc/4.8.3-2014q1/bin/../lib/gcc/arm-none-eabi/4.8.3/../../../../arm-none-eabi/lib/armv6-m\libm.a
LOAD C:/Users/Emanuele/Documents/sloeber-workspace/Catena/Release/arduino.ar
END GROUP
START GROUP
LOAD c:/program files/sloeber/arduinoplugin/packages/arduino/tools/arm-none-eabi-gcc/4.8.3-2014q1/bin/../lib/gcc/arm-none-eabi/4.8.3/armv6-m\libgcc.a
LOAD c:/program files/sloeber/arduinoplugin/packages/arduino/tools/arm-none-eabi-gcc/4.8.3-2014q1/bin/../lib/gcc/arm-none-eabi/4.8.3/../../../../arm-none-eabi/lib/armv6-m\libc_s.a
END GROUP
START GROUP
LOAD c:/program files/sloeber/arduinoplugin/packages/arduino/tools/arm-none-eabi-gcc/4.8.3-2014q1/bin/../lib/gcc/arm-none-eabi/4.8.3/armv6-m\libgcc.a
LOAD c:/program files/sloeber/arduinoplugin/packages/arduino/tools/arm-none-eabi-gcc/4.8.3-2014q1/bin/../lib/gcc/arm-none-eabi/4.8.3/../../../../arm-none-eabi/lib/armv6-m\libc_s.a
LOAD c:/program files/sloeber/arduinoplugin/packages/arduino/tools/arm-none-eabi-gcc/4.8.3-2014q1/bin/../lib/gcc/arm-none-eabi/4.8.3/../../../../arm-none-eabi/lib/armv6-m\libnosys.a
END GROUP
START GROUP
LOAD c:/program files/sloeber/arduinoplugin/packages/arduino/tools/arm-none-eabi-gcc/4.8.3-2014q1/bin/../lib/gcc/arm-none-eabi/4.8.3/armv6-m\libgcc.a
LOAD c:/program files/sloeber/arduinoplugin/packages/arduino/tools/arm-none-eabi-gcc/4.8.3-2014q1/bin/../lib/gcc/arm-none-eabi/4.8.3/../../../../arm-none-eabi/lib/armv6-m\libc_s.a
LOAD c:/program files/sloeber/arduinoplugin/packages/arduino/tools/arm-none-eabi-gcc/4.8.3-2014q1/bin/../lib/gcc/arm-none-eabi/4.8.3/../../../../arm-none-eabi/lib/armv6-m\libnosys.a
END GROUP
LOAD c:/program files/sloeber/arduinoplugin/packages/arduino/tools/arm-none-eabi-gcc/4.8.3-2014q1/bin/../lib/gcc/arm-none-eabi/4.8.3/armv6-m/crtend.o
LOAD c:/program files/sloeber/arduinoplugin/packages/arduino/tools/arm-none-eabi-gcc/4.8.3-2014q1/bin/../lib/gcc/arm-none-eabi/4.8.3/armv6-m/crtn.o

.text           0x00002000     0x797c
                0x00002000                __text_start__ = .
 *(.sketch_boot)
                0x00002000                . = ALIGN (0x2000)
 *(.isr_vector)
 .isr_vector    0x00002000       0xb4 C:/Users/Emanuele/Documents/sloeber-workspace/Catena/Release/arduino.ar(cortex_handlers.c.o)
                0x00002000                exception_table
 *(.text*)
 .text          0x000020b4       0x60 c:/program files/sloeber/arduinoplugin/packages/arduino/tools/arm-none-eabi-gcc/4.8.3-2014q1/bin/../lib/gcc/arm-none-eabi/4.8.3/armv6-m/crtbegin.o
 .text._Z10alarmMatchv
                0x00002114        0x2 .\sloeber.ino.cpp.o
                0x00002114                alarmMatch()
 *fill*         0x00002116        0x2 
 .text.loop     0x00002118      0x2b8 .\sloeber.ino.cpp.o
                0x00002118                loop
 .text._Z12printAddressPh
                0x000023d0       0x30 .\sloeber.ino.cpp.o
                0x000023d0                printAddress(unsigned char*)
 .text.setup    0x00002400      0x1f8 .\sloeber.ino.cpp.o
                0x00002400                setup
 .text.startup._GLOBAL__sub_I_rtc
                0x000025f8       0x28 .\sloeber.ino.cpp.o
 .text._ZN7TwoWire5writeEPKhj
                0x00002620       0x24 .\libraries\Wire\Wire.cpp.o
                0x00002620                TwoWire::write(unsigned char const*, unsigned int)
 .text._ZN7TwoWire5flushEv
                0x00002644        0x2 .\libraries\Wire\Wire.cpp.o
                0x00002644                TwoWire::flush()
 .text._ZN7TwoWire4readEv
                0x00002646        0xa .\libraries\Wire\Wire.cpp.o
                0x00002646                TwoWire::read()
 .text._ZN7TwoWire9availableEv
                0x00002650        0xa .\libraries\Wire\Wire.cpp.o
                0x00002650                TwoWire::available()
 .text._ZN7TwoWire5writeEh
                0x0000265a       0x28 .\libraries\Wire\Wire.cpp.o
                0x0000265a                TwoWire::write(unsigned char)
 .text._ZN7TwoWire4peekEv
                0x00002682        0xa .\libraries\Wire\Wire.cpp.o
                0x00002682                TwoWire::peek()
 .text._ZN7TwoWireC2EP6SERCOMhh
                0x0000268c       0x3c .\libraries\Wire\Wire.cpp.o
                0x0000268c                TwoWire::TwoWire(SERCOM*, unsigned char, unsigned char)
                0x0000268c                TwoWire::TwoWire(SERCOM*, unsigned char, unsigned char)
 .text._ZN7TwoWire9onServiceEv
                0x000026c8      0x104 .\libraries\Wire\Wire.cpp.o
                0x000026c8                TwoWire::onService()
 .text.SERCOM3_Handler
                0x000027cc       0x10 .\libraries\Wire\Wire.cpp.o
                0x000027cc                SERCOM3_Handler
 .text.startup._GLOBAL__sub_I__ZN7TwoWireC2EP6SERCOMhh
                0x000027dc       0x18 .\libraries\Wire\Wire.cpp.o
 .text._ZN7RTCZeroC2Ev
                0x000027f4        0x6 .\libraries\RTCZero\src\RTCZero.cpp.o
                0x000027f4                RTCZero::RTCZero()
                0x000027f4                RTCZero::RTCZero()
 *fill*         0x000027fa        0x2 
 .text.RTC_Handler
                0x000027fc       0x1c .\libraries\RTCZero\src\RTCZero.cpp.o
                0x000027fc                RTC_Handler
 .text._ZN7RTCZero11enableAlarmENS_11Alarm_MatchE
                0x00002818       0x24 .\libraries\RTCZero\src\RTCZero.cpp.o
                0x00002818                RTCZero::enableAlarm(RTCZero::Alarm_Match)
 .text._ZN7RTCZero15attachInterruptEPFvvE
                0x0000283c        0xc .\libraries\RTCZero\src\RTCZero.cpp.o
                0x0000283c                RTCZero::attachInterrupt(void (*)())
 .text._ZN7RTCZero11standbyModeEv
                0x00002848       0x14 .\libraries\RTCZero\src\RTCZero.cpp.o
                0x00002848                RTCZero::standbyMode()
 .text._ZN7RTCZero15getAlarmMinutesEv
                0x0000285c       0x10 .\libraries\RTCZero\src\RTCZero.cpp.o
                0x0000285c                RTCZero::getAlarmMinutes()
 .text._ZN7RTCZero10setSecondsEh
                0x0000286c       0x24 .\libraries\RTCZero\src\RTCZero.cpp.o
                0x0000286c                RTCZero::setSeconds(unsigned char)
 .text._ZN7RTCZero10setMinutesEh
                0x00002890       0x28 .\libraries\RTCZero\src\RTCZero.cpp.o
                0x00002890                RTCZero::setMinutes(unsigned char)
 .text._ZN7RTCZero8setHoursEh
                0x000028b8       0x28 .\libraries\RTCZero\src\RTCZero.cpp.o
                0x000028b8                RTCZero::setHours(unsigned char)
 .text._ZN7RTCZero7setTimeEhhh
                0x000028e0       0x26 .\libraries\RTCZero\src\RTCZero.cpp.o
                0x000028e0                RTCZero::setTime(unsigned char, unsigned char, unsigned char)
 *fill*         0x00002906        0x2 
 .text._ZN7RTCZero6setDayEh
                0x00002908       0x28 .\libraries\RTCZero\src\RTCZero.cpp.o
                0x00002908                RTCZero::setDay(unsigned char)
 .text._ZN7RTCZero8setMonthEh
                0x00002930       0x28 .\libraries\RTCZero\src\RTCZero.cpp.o
                0x00002930                RTCZero::setMonth(unsigned char)
 .text._ZN7RTCZero7setYearEh
                0x00002958       0x20 .\libraries\RTCZero\src\RTCZero.cpp.o
                0x00002958                RTCZero::setYear(unsigned char)
 .text._ZN7RTCZero7setDateEhhh
                0x00002978       0x24 .\libraries\RTCZero\src\RTCZero.cpp.o
                0x00002978                RTCZero::setDate(unsigned char, unsigned char, unsigned char)
 .text._ZN7RTCZero15setAlarmMinutesEh
                0x0000299c       0x28 .\libraries\RTCZero\src\RTCZero.cpp.o
                0x0000299c                RTCZero::setAlarmMinutes(unsigned char)
 .text._ZN7RTCZero14configureClockEv
                0x000029c4       0x3c .\libraries\RTCZero\src\RTCZero.cpp.o
                0x000029c4                RTCZero::configureClock()
 .text._ZN7RTCZero10RTCdisableEv
                0x00002a00       0x18 .\libraries\RTCZero\src\RTCZero.cpp.o
                0x00002a00                RTCZero::RTCdisable()
 .text._ZN7RTCZero9RTCenableEv
                0x00002a18       0x18 .\libraries\RTCZero\src\RTCZero.cpp.o
                0x00002a18                RTCZero::RTCenable()
 .text._ZN7RTCZero8RTCresetEv
                0x00002a30       0x18 .\libraries\RTCZero\src\RTCZero.cpp.o
                0x00002a30                RTCZero::RTCreset()
 .text._ZN7RTCZero14RTCresetRemoveEv
                0x00002a48       0x18 .\libraries\RTCZero\src\RTCZero.cpp.o
                0x00002a48                RTCZero::RTCresetRemove()
 .text._ZN7RTCZero5beginEb
                0x00002a60       0xd0 .\libraries\RTCZero\src\RTCZero.cpp.o
                0x00002a60                RTCZero::begin(bool)
 .text._ZN7OneWire5resetEv
                0x00002b30       0x52 .\libraries\OneWire\OneWire.cpp.o
                0x00002b30                OneWire::reset()
 .text._ZN7OneWire9write_bitEh
                0x00002b82       0x36 .\libraries\OneWire\OneWire.cpp.o
                0x00002b82                OneWire::write_bit(unsigned char)
 .text._ZN7OneWire8read_bitEv
                0x00002bb8       0x2e .\libraries\OneWire\OneWire.cpp.o
                0x00002bb8                OneWire::read_bit()
 .text._ZN7OneWire5writeEhh
                0x00002be6       0x3c .\libraries\OneWire\OneWire.cpp.o
                0x00002be6                OneWire::write(unsigned char, unsigned char)
 .text._ZN7OneWire4readEv
                0x00002c22       0x24 .\libraries\OneWire\OneWire.cpp.o
                0x00002c22                OneWire::read()
 .text._ZN7OneWire6selectEPKh
                0x00002c46       0x22 .\libraries\OneWire\OneWire.cpp.o
                0x00002c46                OneWire::select(unsigned char const*)
 .text._ZN7OneWire4skipEv
                0x00002c68        0xc .\libraries\OneWire\OneWire.cpp.o
                0x00002c68                OneWire::skip()
 .text._ZN7OneWire12reset_searchEv
                0x00002c74       0x1a .\libraries\OneWire\OneWire.cpp.o
                0x00002c74                OneWire::reset_search()
 *fill*         0x00002c8e        0x2 
 .text._ZN7OneWireC2Eh
                0x00002c90       0x3c .\libraries\OneWire\OneWire.cpp.o
                0x00002c90                OneWire::OneWire(unsigned char)
                0x00002c90                OneWire::OneWire(unsigned char)
 .text._ZN7OneWire6searchEPhb
                0x00002ccc       0xec .\libraries\OneWire\OneWire.cpp.o
                0x00002ccc                OneWire::search(unsigned char*, bool)
 .text._ZN7OneWire4crc8EPKhh
                0x00002db8       0x20 .\libraries\OneWire\OneWire.cpp.o
                0x00002db8                OneWire::crc8(unsigned char const*, unsigned char)
 .text._ZN17DallasTemperature11validFamilyEPKh
                0x00002dd8       0x22 .\libraries\DallasTemperature\DallasTemperature.cpp.o
                0x00002dd8                DallasTemperature::validFamily(unsigned char const*)
 .text._ZN17DallasTemperature10setOneWireEP7OneWire
                0x00002dfa       0x16 .\libraries\DallasTemperature\DallasTemperature.cpp.o
                0x00002dfa                DallasTemperature::setOneWire(OneWire*)
 .text._ZN17DallasTemperatureC2EP7OneWire
                0x00002e10       0x10 .\libraries\DallasTemperature\DallasTemperature.cpp.o
                0x00002e10                DallasTemperature::DallasTemperature(OneWire*)
                0x00002e10                DallasTemperature::DallasTemperature(OneWire*)
 .text._ZN17DallasTemperature12validAddressEPKh
                0x00002e20       0x18 .\libraries\DallasTemperature\DallasTemperature.cpp.o
                0x00002e20                DallasTemperature::validAddress(unsigned char const*)
 .text._ZN17DallasTemperature10getAddressEPhh
                0x00002e38       0x3a .\libraries\DallasTemperature\DallasTemperature.cpp.o
                0x00002e38                DallasTemperature::getAddress(unsigned char*, unsigned char)
 .text._ZN17DallasTemperature14readScratchPadEPKhPh
                0x00002e72       0x46 .\libraries\DallasTemperature\DallasTemperature.cpp.o
                0x00002e72                DallasTemperature::readScratchPad(unsigned char const*, unsigned char*)
 .text._ZN17DallasTemperature11isConnectedEPKhPh
                0x00002eb8       0x24 .\libraries\DallasTemperature\DallasTemperature.cpp.o
                0x00002eb8                DallasTemperature::isConnected(unsigned char const*, unsigned char*)
 .text._ZN17DallasTemperature15writeScratchPadEPKhS1_
                0x00002edc       0x76 .\libraries\DallasTemperature\DallasTemperature.cpp.o
                0x00002edc                DallasTemperature::writeScratchPad(unsigned char const*, unsigned char const*)
 .text._ZN17DallasTemperature15readPowerSupplyEPKh
                0x00002f52       0x34 .\libraries\DallasTemperature\DallasTemperature.cpp.o
                0x00002f52                DallasTemperature::readPowerSupply(unsigned char const*)
 .text._ZN17DallasTemperature13getResolutionEPKh
                0x00002f86       0x40 .\libraries\DallasTemperature\DallasTemperature.cpp.o
                0x00002f86                DallasTemperature::getResolution(unsigned char const*)
 .text._ZN17DallasTemperature5beginEv
                0x00002fc6       0x78 .\libraries\DallasTemperature\DallasTemperature.cpp.o
                0x00002fc6                DallasTemperature::begin()
 .text._ZN17DallasTemperature13setResolutionEPKhhb
                0x0000303e       0xb6 .\libraries\DallasTemperature\DallasTemperature.cpp.o
                0x0000303e                DallasTemperature::setResolution(unsigned char const*, unsigned char, bool)
 .text._ZN17DallasTemperature20isConversionCompleteEv
                0x000030f4       0x12 .\libraries\DallasTemperature\DallasTemperature.cpp.o
                0x000030f4                DallasTemperature::isConversionComplete()
 *fill*         0x00003106        0x2 
 .text._ZN17DallasTemperature27blockTillConversionCompleteEh
                0x00003108       0x50 .\libraries\DallasTemperature\DallasTemperature.cpp.o
                0x00003108                DallasTemperature::blockTillConversionComplete(unsigned char)
 .text._ZN17DallasTemperature19requestTemperaturesEv
                0x00003158       0x2a .\libraries\DallasTemperature\DallasTemperature.cpp.o
                0x00003158                DallasTemperature::requestTemperatures()
 .text._ZN17DallasTemperature20calculateTemperatureEPKhPh
                0x00003182       0x30 .\libraries\DallasTemperature\DallasTemperature.cpp.o
                0x00003182                DallasTemperature::calculateTemperature(unsigned char const*, unsigned char*)
 *fill*         0x000031b2        0x2 
 .text._ZN17DallasTemperature7getTempEPKh
                0x000031b4       0x2c .\libraries\DallasTemperature\DallasTemperature.cpp.o
                0x000031b4                DallasTemperature::getTemp(unsigned char const*)
 .text._ZN14arduinoLoRaWAN11printAnswerEh
                0x000031e0       0x7c .\arduinoLoRaWAN\arduinoLoRaWAN.cpp.o
                0x000031e0                arduinoLoRaWAN::printAnswer(unsigned char)
 .text._ZN14arduinoLoRaWAN5checkEv
                0x0000325c       0xb0 .\arduinoLoRaWAN\arduinoLoRaWAN.cpp.o
                0x0000325c                arduinoLoRaWAN::check()
 .text._ZN14arduinoLoRaWAN2ONEh
                0x0000330c       0x32 .\arduinoLoRaWAN\arduinoLoRaWAN.cpp.o
                0x0000330c                arduinoLoRaWAN::ON(unsigned char)
 *fill*         0x0000333e        0x2 
 .text._ZN14arduinoLoRaWAN15setBatteryLevelEh
                0x00003340       0x7c .\arduinoLoRaWAN\arduinoLoRaWAN.cpp.o
                0x00003340                arduinoLoRaWAN::setBatteryLevel(unsigned char)
 .text._ZN14arduinoLoRaWAN11setDataRateEh
                0x000033bc       0xa4 .\arduinoLoRaWAN\arduinoLoRaWAN.cpp.o
                0x000033bc                arduinoLoRaWAN::setDataRate(unsigned char)
 .text._ZN14arduinoLoRaWAN8joinOTAAEv
                0x00003460       0xd4 .\arduinoLoRaWAN\arduinoLoRaWAN.cpp.o
                0x00003460                arduinoLoRaWAN::joinOTAA()
 .text._ZN14arduinoLoRaWAN13sendConfirmedEhPc
                0x00003534      0x1b0 .\arduinoLoRaWAN\arduinoLoRaWAN.cpp.o
                0x00003534                arduinoLoRaWAN::sendConfirmed(unsigned char, char*)
 .text._ZN14arduinoLoRaWAN6setADREPc
                0x000036e4       0xc4 .\arduinoLoRaWAN\arduinoLoRaWAN.cpp.o
                0x000036e4                arduinoLoRaWAN::setADR(char*)
 .text._ZN14arduinoLoRaWAN10setRetriesEh
                0x000037a8       0x80 .\arduinoLoRaWAN\arduinoLoRaWAN.cpp.o
                0x000037a8                arduinoLoRaWAN::setRetries(unsigned char)
 .text._ZN14arduinoLoRaWAN5sleepEy
                0x00003828       0x74 .\arduinoLoRaWAN\arduinoLoRaWAN.cpp.o
                0x00003828                arduinoLoRaWAN::sleep(unsigned long long)
 .text._ZN14arduinoLoRaWAN6wakeUPEv
                0x0000389c       0x58 .\arduinoLoRaWAN\arduinoLoRaWAN.cpp.o
                0x0000389c                arduinoLoRaWAN::wakeUP()
 .text.startup._GLOBAL__sub_I__ZN14arduinoLoRaWAN11printAnswerEh
                0x000038f4       0x30 .\arduinoLoRaWAN\arduinoLoRaWAN.cpp.o
 .text._ZN11arduinoUART4findEPhtPc
                0x00003924       0x3c .\arduino-api\arduinoUART.cpp.o
                0x00003924                arduinoUART::find(unsigned char*, unsigned short, char*)
 .text.beginSerial
                0x00003960       0x24 .\arduino-api\arduinoUART.cpp.o
                0x00003960                beginSerial
 .text._ZN11arduinoUART9beginUARTEv
                0x00003984        0xe .\arduino-api\arduinoUART.cpp.o
                0x00003984                arduinoUART::beginUART()
 *fill*         0x00003992        0x2 
 .text.serialWrite
                0x00003994       0x24 .\arduino-api\arduinoUART.cpp.o
                0x00003994                serialWrite
 .text.printString
                0x000039b8       0x18 .\arduino-api\arduinoUART.cpp.o
                0x000039b8                printString
 .text.serialAvailable
                0x000039d0       0x20 .\arduino-api\arduinoUART.cpp.o
                0x000039d0                serialAvailable
 .text.serialRead
                0x000039f0       0x20 .\arduino-api\arduinoUART.cpp.o
                0x000039f0                serialRead
 .text._ZN11arduinoUART7waitForEPcS0_S0_S0_m
                0x00003a10       0xda .\arduino-api\arduinoUART.cpp.o
                0x00003a10                arduinoUART::waitFor(char*, char*, char*, char*, unsigned long)
 .text._ZN11arduinoUART7waitForEPcm
                0x00003aea       0x10 .\arduino-api\arduinoUART.cpp.o
                0x00003aea                arduinoUART::waitFor(char*, unsigned long)
 .text._ZN11arduinoUART7waitForEPcS0_m
                0x00003afa       0x10 .\arduino-api\arduinoUART.cpp.o
                0x00003afa                arduinoUART::waitFor(char*, char*, unsigned long)
 *fill*         0x00003b0a        0x2 
 .text.serialFlush
                0x00003b0c       0x48 .\arduino-api\arduinoUART.cpp.o
                0x00003b0c                serialFlush
 .text._ZN11arduinoUART11sendCommandEPcS0_S0_S0_S0_m
                0x00003b54       0xf4 .\arduino-api\arduinoUART.cpp.o
                0x00003b54                arduinoUART::sendCommand(char*, char*, char*, char*, char*, unsigned long)
 .text._ZN11arduinoUART11sendCommandEPcS0_S0_m
                0x00003c48       0x14 .\arduino-api\arduinoUART.cpp.o
                0x00003c48                arduinoUART::sendCommand(char*, char*, char*, unsigned long)
 .text._ZN11arduinoUART11sendCommandEPcS0_S0_S0_m
                0x00003c5c       0x16 .\arduino-api\arduinoUART.cpp.o
                0x00003c5c                arduinoUART::sendCommand(char*, char*, char*, char*, unsigned long)
 .text._ZN11arduinoUART11sendCommandEPht
                0x00003c72       0x32 .\arduino-api\arduinoUART.cpp.o
                0x00003c72                arduinoUART::sendCommand(unsigned char*, unsigned short)
 .text.SERCOM0_Handler
                0x00003ca4       0x10 C:/Users/Emanuele/Documents/sloeber-workspace/Catena/Release/arduino.ar(variant.cpp.o)
                0x00003ca4                SERCOM0_Handler
 .text.SERCOM5_Handler
                0x00003cb4       0x10 C:/Users/Emanuele/Documents/sloeber-workspace/Catena/Release/arduino.ar(variant.cpp.o)
                0x00003cb4                SERCOM5_Handler
 .text.startup._GLOBAL__sub_I_g_APinDescription
                0x00003cc4       0x94 C:/Users/Emanuele/Documents/sloeber-workspace/Catena/Release/arduino.ar(variant.cpp.o)
 .text._ZN7Serial_17availableForWriteEv
                0x00003d58        0x4 C:/Users/Emanuele/Documents/sloeber-workspace/Catena/Release/arduino.ar(CDC.cpp.o)
                0x00003d58                Serial_::availableForWrite()
 .text._ZN7Serial_5writeEh
                0x00003d5c       0x14 C:/Users/Emanuele/Documents/sloeber-workspace/Catena/Release/arduino.ar(CDC.cpp.o)
                0x00003d5c                Serial_::write(unsigned char)
 .text._ZN7Serial_9availableEv
                0x00003d70        0xc C:/Users/Emanuele/Documents/sloeber-workspace/Catena/Release/arduino.ar(CDC.cpp.o)
                0x00003d70                Serial_::available()
 .text._ZN7Serial_5flushEv
                0x00003d7c        0xc C:/Users/Emanuele/Documents/sloeber-workspace/Catena/Release/arduino.ar(CDC.cpp.o)
                0x00003d7c                Serial_::flush()
 .text._ZN7Serial_5writeEPKhj
                0x00003d88       0x1c C:/Users/Emanuele/Documents/sloeber-workspace/Catena/Release/arduino.ar(CDC.cpp.o)
                0x00003d88                Serial_::write(unsigned char const*, unsigned int)
 .text._ZN7Serial_4peekEv
                0x00003da4       0x1c C:/Users/Emanuele/Documents/sloeber-workspace/Catena/Release/arduino.ar(CDC.cpp.o)
                0x00003da4                Serial_::peek()
 .text._ZN7Serial_4readEv
                0x00003dc0       0x24 C:/Users/Emanuele/Documents/sloeber-workspace/Catena/Release/arduino.ar(CDC.cpp.o)
                0x00003dc0                Serial_::read()
 .text._Z16CDC_GetInterfacePh
                0x00003de4       0x1c C:/Users/Emanuele/Documents/sloeber-workspace/Catena/Release/arduino.ar(CDC.cpp.o)
                0x00003de4                CDC_GetInterface(unsigned char*)
 .text._Z9CDC_SetupR8USBSetup
                0x00003e00       0x80 C:/Users/Emanuele/Documents/sloeber-workspace/Catena/Release/arduino.ar(CDC.cpp.o)
                0x00003e00                CDC_Setup(USBSetup&)
 .text._ZN7Serial_5beginEm
                0x00003e80        0x2 C:/Users/Emanuele/Documents/sloeber-workspace/Catena/Release/arduino.ar(CDC.cpp.o)
                0x00003e80                Serial_::begin(unsigned long)
 .text._ZN7Serial_3endEv
                0x00003e82        0x2 C:/Users/Emanuele/Documents/sloeber-workspace/Catena/Release/arduino.ar(CDC.cpp.o)
                0x00003e82                Serial_::end()
 .text.startup._GLOBAL__sub_I__Z17_CDC_GetInterfacev
                0x00003e84       0x28 C:/Users/Emanuele/Documents/sloeber-workspace/Catena/Release/arduino.ar(CDC.cpp.o)
 .text._ZN14USBDeviceClass6initEPEmm.part.4
                0x00003eac       0x80 C:/Users/Emanuele/Documents/sloeber-workspace/Catena/Release/arduino.ar(USBCore.cpp.o)
 .text._ZN20USBDevice_SAMD21G18x5resetEv
                0x00003f2c       0x28 C:/Users/Emanuele/Documents/sloeber-workspace/Catena/Release/arduino.ar(USBCore.cpp.o)
                0x00003f2c                USBDevice_SAMD21G18x::reset()
 .text._ZN20USBDevice_SAMD21G18x9calibrateEv
                0x00003f54       0x5c C:/Users/Emanuele/Documents/sloeber-workspace/Catena/Release/arduino.ar(USBCore.cpp.o)
                0x00003f54                USBDevice_SAMD21G18x::calibrate()
 .text._ZN7__GuardC2Ev
                0x00003fb0        0xe C:/Users/Emanuele/Documents/sloeber-workspace/Catena/Release/arduino.ar(USBCore.cpp.o)
                0x00003fb0                __Guard::__Guard()
                0x00003fb0                __Guard::__Guard()
 .text._ZN7__GuardD2Ev
                0x00003fbe        0xe C:/Users/Emanuele/Documents/sloeber-workspace/Catena/Release/arduino.ar(USBCore.cpp.o)
                0x00003fbe                __Guard::~__Guard()
                0x00003fbe                __Guard::~__Guard()
 .text._ZNK26DoubleBufferedEPOutHandler9availableEv
                0x00003fcc       0x5e C:/Users/Emanuele/Documents/sloeber-workspace/Catena/Release/arduino.ar(USBCore.cpp.o)
                0x00003fcc                DoubleBufferedEPOutHandler::available() const
 *fill*         0x0000402a        0x2 
 .text._ZN26DoubleBufferedEPOutHandler7releaseEv
                0x0000402c       0x58 C:/Users/Emanuele/Documents/sloeber-workspace/Catena/Release/arduino.ar(USBCore.cpp.o)
                0x0000402c                DoubleBufferedEPOutHandler::release()
 .text._ZN26DoubleBufferedEPOutHandler4recvEPvm
                0x00004084      0x11c C:/Users/Emanuele/Documents/sloeber-workspace/Catena/Release/arduino.ar(USBCore.cpp.o)
                0x00004084                DoubleBufferedEPOutHandler::recv(void*, unsigned long)
 .text._ZN26DoubleBufferedEPOutHandler14handleEndpointEv
                0x000041a0       0xc4 C:/Users/Emanuele/Documents/sloeber-workspace/Catena/Release/arduino.ar(USBCore.cpp.o)
                0x000041a0                DoubleBufferedEPOutHandler::handleEndpoint()
 .text._ZN14USBDeviceClass14SendInterfacesEPm
                0x00004264       0x2c C:/Users/Emanuele/Documents/sloeber-workspace/Catena/Release/arduino.ar(USBCore.cpp.o)
                0x00004264                USBDeviceClass::SendInterfaces(unsigned long*)
 .text._ZN14USBDeviceClass14handleEndpointEh
                0x00004290       0x40 C:/Users/Emanuele/Documents/sloeber-workspace/Catena/Release/arduino.ar(USBCore.cpp.o)
                0x00004290                USBDeviceClass::handleEndpoint(unsigned char)
 .text._ZN14USBDeviceClass4initEv
                0x000042d0       0xf0 C:/Users/Emanuele/Documents/sloeber-workspace/Catena/Release/arduino.ar(USBCore.cpp.o)
                0x000042d0                USBDeviceClass::init()
 .text._ZN14USBDeviceClass6attachEv
                0x000043c0       0x34 C:/Users/Emanuele/Documents/sloeber-workspace/Catena/Release/arduino.ar(USBCore.cpp.o)
                0x000043c0                USBDeviceClass::attach()
 .text._ZN14USBDeviceClass10setAddressEm
                0x000043f4       0x48 C:/Users/Emanuele/Documents/sloeber-workspace/Catena/Release/arduino.ar(USBCore.cpp.o)
                0x000043f4                USBDeviceClass::setAddress(unsigned long)
 .text._ZN14USBDeviceClass6detachEv
                0x0000443c       0x18 C:/Users/Emanuele/Documents/sloeber-workspace/Catena/Release/arduino.ar(USBCore.cpp.o)
                0x0000443c                USBDeviceClass::detach()
 .text._ZN14USBDeviceClass25handleClassInterfaceSetupER8USBSetup
                0x00004454       0x40 C:/Users/Emanuele/Documents/sloeber-workspace/Catena/Release/arduino.ar(USBCore.cpp.o)
                0x00004454                USBDeviceClass::handleClassInterfaceSetup(USBSetup&)
 .text._ZN14USBDeviceClass6initEPEmm
                0x00004494      0x128 C:/Users/Emanuele/Documents/sloeber-workspace/Catena/Release/arduino.ar(USBCore.cpp.o)
                0x00004494                USBDeviceClass::initEP(unsigned long, unsigned long)
 .text._ZN14USBDeviceClass13initEndpointsEv
                0x000045bc       0x24 C:/Users/Emanuele/Documents/sloeber-workspace/Catena/Release/arduino.ar(USBCore.cpp.o)
                0x000045bc                USBDeviceClass::initEndpoints()
 .text._ZN14USBDeviceClass9availableEm
                0x000045e0       0x2c C:/Users/Emanuele/Documents/sloeber-workspace/Catena/Release/arduino.ar(USBCore.cpp.o)
                0x000045e0                USBDeviceClass::available(unsigned long)
 .text._ZN14USBDeviceClass5flushEm
                0x0000460c       0x2c C:/Users/Emanuele/Documents/sloeber-workspace/Catena/Release/arduino.ar(USBCore.cpp.o)
                0x0000460c                USBDeviceClass::flush(unsigned long)
 .text._ZN14USBDeviceClass14armRecvCtrlOUTEm
                0x00004638       0x60 C:/Users/Emanuele/Documents/sloeber-workspace/Catena/Release/arduino.ar(USBCore.cpp.o)
                0x00004638                USBDeviceClass::armRecvCtrlOUT(unsigned long)
 .text._ZN14USBDeviceClass11recvControlEPvm
                0x00004698       0x3c C:/Users/Emanuele/Documents/sloeber-workspace/Catena/Release/arduino.ar(USBCore.cpp.o)
                0x00004698                USBDeviceClass::recvControl(void*, unsigned long)
 .text._ZN14USBDeviceClass7armRecvEm
                0x000046d4       0x3c C:/Users/Emanuele/Documents/sloeber-workspace/Catena/Release/arduino.ar(USBCore.cpp.o)
                0x000046d4                USBDeviceClass::armRecv(unsigned long)
 .text._ZN14USBDeviceClass4recvEmPvm
                0x00004710       0xd8 C:/Users/Emanuele/Documents/sloeber-workspace/Catena/Release/arduino.ar(USBCore.cpp.o)
                0x00004710                USBDeviceClass::recv(unsigned long, void*, unsigned long)
 .text._ZN14USBDeviceClass4recvEm
                0x000047e8       0x1c C:/Users/Emanuele/Documents/sloeber-workspace/Catena/Release/arduino.ar(USBCore.cpp.o)
                0x000047e8                USBDeviceClass::recv(unsigned long)
 .text._ZN14USBDeviceClass4sendEmPKvm
                0x00004804      0x124 C:/Users/Emanuele/Documents/sloeber-workspace/Catena/Release/arduino.ar(USBCore.cpp.o)
                0x00004804                USBDeviceClass::send(unsigned long, void const*, unsigned long)
 .text._ZN14USBDeviceClass7armSendEmPKvm
                0x00004928       0x48 C:/Users/Emanuele/Documents/sloeber-workspace/Catena/Release/arduino.ar(USBCore.cpp.o)
                0x00004928                USBDeviceClass::armSend(unsigned long, void const*, unsigned long)
 .text._ZN14USBDeviceClass11sendControlEPKvm
                0x00004970       0x58 C:/Users/Emanuele/Documents/sloeber-workspace/Catena/Release/arduino.ar(USBCore.cpp.o)
                0x00004970                USBDeviceClass::sendControl(void const*, unsigned long)
 .text._ZN14USBDeviceClass20sendStringDescriptorEPKhh
                0x000049c8       0x68 C:/Users/Emanuele/Documents/sloeber-workspace/Catena/Release/arduino.ar(USBCore.cpp.o)
                0x000049c8                USBDeviceClass::sendStringDescriptor(unsigned char const*, unsigned char)
 .text._ZN14USBDeviceClass12packMessagesEb.part.6
                0x00004a30       0x20 C:/Users/Emanuele/Documents/sloeber-workspace/Catena/Release/arduino.ar(USBCore.cpp.o)
 .text._ZN14USBDeviceClass17sendConfigurationEm
                0x00004a50       0x90 C:/Users/Emanuele/Documents/sloeber-workspace/Catena/Release/arduino.ar(USBCore.cpp.o)
                0x00004a50                USBDeviceClass::sendConfiguration(unsigned long)
 .text._ZN14USBDeviceClass14sendDescriptorER8USBSetup
                0x00004ae0       0xb4 C:/Users/Emanuele/Documents/sloeber-workspace/Catena/Release/arduino.ar(USBCore.cpp.o)
                0x00004ae0                USBDeviceClass::sendDescriptor(USBSetup&)
 .text._ZN14USBDeviceClass19handleStandardSetupER8USBSetup
                0x00004b94      0x118 C:/Users/Emanuele/Documents/sloeber-workspace/Catena/Release/arduino.ar(USBCore.cpp.o)
                0x00004b94                USBDeviceClass::handleStandardSetup(USBSetup&)
 .text._ZN14USBDeviceClass10ISRHandlerEv
                0x00004cac      0x150 C:/Users/Emanuele/Documents/sloeber-workspace/Catena/Release/arduino.ar(USBCore.cpp.o)
                0x00004cac                USBDeviceClass::ISRHandler()
 .text.UDD_Handler
                0x00004dfc       0x10 C:/Users/Emanuele/Documents/sloeber-workspace/Catena/Release/arduino.ar(USBCore.cpp.o)
                0x00004dfc                UDD_Handler
 .text.startup._GLOBAL__sub_I__ZN20USBDevice_SAMD21G18x5resetEv
                0x00004e0c       0x10 C:/Users/Emanuele/Documents/sloeber-workspace/Catena/Release/arduino.ar(USBCore.cpp.o)
 .text._ZN5Print5writeEPKhj
                0x00004e1c       0x28 C:/Users/Emanuele/Documents/sloeber-workspace/Catena/Release/arduino.ar(Print.cpp.o)
                0x00004e1c                Print::write(unsigned char const*, unsigned int)
 .text._ZN5Print5printEmi.part.3
                0x00004e44        0xc C:/Users/Emanuele/Documents/sloeber-workspace/Catena/Release/arduino.ar(Print.cpp.o)
 .text._ZN5Print5writeEPKc
                0x00004e50       0x1c C:/Users/Emanuele/Documents/sloeber-workspace/Catena/Release/arduino.ar(Print.cpp.o)
                0x00004e50                Print::write(char const*)
 .text._ZN5Print5printEPKc
                0x00004e6c        0x8 C:/Users/Emanuele/Documents/sloeber-workspace/Catena/Release/arduino.ar(Print.cpp.o)
                0x00004e6c                Print::print(char const*)
 .text._ZN5Print5printEc
                0x00004e74        0xa C:/Users/Emanuele/Documents/sloeber-workspace/Catena/Release/arduino.ar(Print.cpp.o)
                0x00004e74                Print::print(char)
 *fill*         0x00004e7e        0x2 
 .text._ZN5Print7printlnEv
                0x00004e80       0x10 C:/Users/Emanuele/Documents/sloeber-workspace/Catena/Release/arduino.ar(Print.cpp.o)
                0x00004e80                Print::println()
 .text._ZN5Print7printlnEPKc
                0x00004e90       0x14 C:/Users/Emanuele/Documents/sloeber-workspace/Catena/Release/arduino.ar(Print.cpp.o)
                0x00004e90                Print::println(char const*)
 .text._ZN5Print11printNumberEmh
                0x00004ea4       0x4e C:/Users/Emanuele/Documents/sloeber-workspace/Catena/Release/arduino.ar(Print.cpp.o)
                0x00004ea4                Print::printNumber(unsigned long, unsigned char)
 .text._ZN5Print5printEli
                0x00004ef2       0x3c C:/Users/Emanuele/Documents/sloeber-workspace/Catena/Release/arduino.ar(Print.cpp.o)
                0x00004ef2                Print::print(long, int)
 .text._ZN5Print5printEii
                0x00004f2e        0x8 C:/Users/Emanuele/Documents/sloeber-workspace/Catena/Release/arduino.ar(Print.cpp.o)
                0x00004f2e                Print::print(int, int)
 .text._ZN5Print5printEmi
                0x00004f36       0x14 C:/Users/Emanuele/Documents/sloeber-workspace/Catena/Release/arduino.ar(Print.cpp.o)
                0x00004f36                Print::print(unsigned long, int)
 .text._ZN5Print5printEhi
                0x00004f4a        0x8 C:/Users/Emanuele/Documents/sloeber-workspace/Catena/Release/arduino.ar(Print.cpp.o)
                0x00004f4a                Print::print(unsigned char, int)
 *fill*         0x00004f52        0x2 
 .text.initiateReset
                0x00004f54        0xc C:/Users/Emanuele/Documents/sloeber-workspace/Catena/Release/arduino.ar(Reset.cpp.o)
                0x00004f54                initiateReset
 .text.cancelReset
                0x00004f60       0x10 C:/Users/Emanuele/Documents/sloeber-workspace/Catena/Release/arduino.ar(Reset.cpp.o)
                0x00004f60                cancelReset
 .text.tickReset
                0x00004f70       0x74 C:/Users/Emanuele/Documents/sloeber-workspace/Catena/Release/arduino.ar(Reset.cpp.o)
                0x00004f70                tickReset
 .text._ZN10RingBufferC2Ev
                0x00004fe4       0x1a C:/Users/Emanuele/Documents/sloeber-workspace/Catena/Release/arduino.ar(RingBuffer.cpp.o)
                0x00004fe4                RingBuffer::RingBuffer()
                0x00004fe4                RingBuffer::RingBuffer()
 .text._ZN10RingBuffer10store_charEh
                0x00004ffe       0x24 C:/Users/Emanuele/Documents/sloeber-workspace/Catena/Release/arduino.ar(RingBuffer.cpp.o)
                0x00004ffe                RingBuffer::store_char(unsigned char)
 .text._ZN10RingBuffer5clearEv
                0x00005022        0xe C:/Users/Emanuele/Documents/sloeber-workspace/Catena/Release/arduino.ar(RingBuffer.cpp.o)
                0x00005022                RingBuffer::clear()
 .text._ZN10RingBuffer9read_charEv
                0x00005030       0x28 C:/Users/Emanuele/Documents/sloeber-workspace/Catena/Release/arduino.ar(RingBuffer.cpp.o)
                0x00005030                RingBuffer::read_char()
 .text._ZN10RingBuffer9availableEv
                0x00005058       0x12 C:/Users/Emanuele/Documents/sloeber-workspace/Catena/Release/arduino.ar(RingBuffer.cpp.o)
                0x00005058                RingBuffer::available()
 .text._ZN10RingBuffer4peekEv
                0x0000506a       0x1a C:/Users/Emanuele/Documents/sloeber-workspace/Catena/Release/arduino.ar(RingBuffer.cpp.o)
                0x0000506a                RingBuffer::peek()
 .text._ZN10RingBuffer6isFullEv
                0x00005084       0x20 C:/Users/Emanuele/Documents/sloeber-workspace/Catena/Release/arduino.ar(RingBuffer.cpp.o)
                0x00005084                RingBuffer::isFull()
 .text._ZN6SERCOMC2EP6Sercom
                0x000050a4        0x4 C:/Users/Emanuele/Documents/sloeber-workspace/Catena/Release/arduino.ar(SERCOM.cpp.o)
                0x000050a4                SERCOM::SERCOM(Sercom*)
                0x000050a4                SERCOM::SERCOM(Sercom*)
 .text._ZN6SERCOM9initFrameE18SercomUartCharSize15SercomDataOrder16SercomParityMode19SercomNumberStopBit
                0x000050a8       0x38 C:/Users/Emanuele/Documents/sloeber-workspace/Catena/Release/arduino.ar(SERCOM.cpp.o)
                0x000050a8                SERCOM::initFrame(SercomUartCharSize, SercomDataOrder, SercomParityMode, SercomNumberStopBit)
 .text._ZN6SERCOM8initPadsE15SercomUartTXPad11SercomRXPad
                0x000050e0       0x26 C:/Users/Emanuele/Documents/sloeber-workspace/Catena/Release/arduino.ar(SERCOM.cpp.o)
                0x000050e0                SERCOM::initPads(SercomUartTXPad, SercomRXPad)
 .text._ZN6SERCOM9resetUARTEv
                0x00005106       0x1c C:/Users/Emanuele/Documents/sloeber-workspace/Catena/Release/arduino.ar(SERCOM.cpp.o)
                0x00005106                SERCOM::resetUART()
 .text._ZN6SERCOM10enableUARTEv
                0x00005122       0x14 C:/Users/Emanuele/Documents/sloeber-workspace/Catena/Release/arduino.ar(SERCOM.cpp.o)
                0x00005122                SERCOM::enableUART()
 .text._ZN6SERCOM9flushUARTEv
                0x00005136       0x10 C:/Users/Emanuele/Documents/sloeber-workspace/Catena/Release/arduino.ar(SERCOM.cpp.o)
                0x00005136                SERCOM::flushUART()
 .text._ZN6SERCOM15clearStatusUARTEv
                0x00005146        0x8 C:/Users/Emanuele/Documents/sloeber-workspace/Catena/Release/arduino.ar(SERCOM.cpp.o)
                0x00005146                SERCOM::clearStatusUART()
 .text._ZN6SERCOM17availableDataUARTEv
                0x0000514e        0xa C:/Users/Emanuele/Documents/sloeber-workspace/Catena/Release/arduino.ar(SERCOM.cpp.o)
                0x0000514e                SERCOM::availableDataUART()
 .text._ZN6SERCOM11isUARTErrorEv
                0x00005158        0x8 C:/Users/Emanuele/Documents/sloeber-workspace/Catena/Release/arduino.ar(SERCOM.cpp.o)
                0x00005158                SERCOM::isUARTError()
 .text._ZN6SERCOM20acknowledgeUARTErrorEv
                0x00005160        0xe C:/Users/Emanuele/Documents/sloeber-workspace/Catena/Release/arduino.ar(SERCOM.cpp.o)
                0x00005160                SERCOM::acknowledgeUARTError()
 .text._ZN6SERCOM12readDataUARTEv
                0x0000516e        0x8 C:/Users/Emanuele/Documents/sloeber-workspace/Catena/Release/arduino.ar(SERCOM.cpp.o)
                0x0000516e                SERCOM::readDataUART()
 .text._ZN6SERCOM13writeDataUARTEh
                0x00005176        0xe C:/Users/Emanuele/Documents/sloeber-workspace/Catena/Release/arduino.ar(SERCOM.cpp.o)
                0x00005176                SERCOM::writeDataUART(unsigned char)
 .text._ZN6SERCOM18prepareNackBitWIREEv
                0x00005184       0x10 C:/Users/Emanuele/Documents/sloeber-workspace/Catena/Release/arduino.ar(SERCOM.cpp.o)
                0x00005184                SERCOM::prepareNackBitWIRE()
 .text._ZN6SERCOM17prepareAckBitWIREEv
                0x00005194       0x14 C:/Users/Emanuele/Documents/sloeber-workspace/Catena/Release/arduino.ar(SERCOM.cpp.o)
                0x00005194                SERCOM::prepareAckBitWIRE()
 .text._ZN6SERCOM22prepareCommandBitsWireEh
                0x000051a8       0x2c C:/Users/Emanuele/Documents/sloeber-workspace/Catena/Release/arduino.ar(SERCOM.cpp.o)
                0x000051a8                SERCOM::prepareCommandBitsWire(unsigned char)
 .text._ZN6SERCOM17sendDataSlaveWIREEh
                0x000051d4       0x1a C:/Users/Emanuele/Documents/sloeber-workspace/Catena/Release/arduino.ar(SERCOM.cpp.o)
                0x000051d4                SERCOM::sendDataSlaveWIRE(unsigned char)
 .text._ZN6SERCOM11isSlaveWIREEv
                0x000051ee       0x12 C:/Users/Emanuele/Documents/sloeber-workspace/Catena/Release/arduino.ar(SERCOM.cpp.o)
                0x000051ee                SERCOM::isSlaveWIRE()
 .text._ZN6SERCOM15isDataReadyWIREEv
                0x00005200        0xa C:/Users/Emanuele/Documents/sloeber-workspace/Catena/Release/arduino.ar(SERCOM.cpp.o)
                0x00005200                SERCOM::isDataReadyWIRE()
 .text._ZN6SERCOM18isStopDetectedWIREEv
                0x0000520a        0xa C:/Users/Emanuele/Documents/sloeber-workspace/Catena/Release/arduino.ar(SERCOM.cpp.o)
                0x0000520a                SERCOM::isStopDetectedWIRE()
 .text._ZN6SERCOM21isRestartDetectedWIREEv
                0x00005214        0xa C:/Users/Emanuele/Documents/sloeber-workspace/Catena/Release/arduino.ar(SERCOM.cpp.o)
                0x00005214                SERCOM::isRestartDetectedWIRE()
 .text._ZN6SERCOM14isAddressMatchEv
                0x0000521e        0xa C:/Users/Emanuele/Documents/sloeber-workspace/Catena/Release/arduino.ar(SERCOM.cpp.o)
                0x0000521e                SERCOM::isAddressMatch()
 .text._ZN6SERCOM25isMasterReadOperationWIREEv
                0x00005228        0xa C:/Users/Emanuele/Documents/sloeber-workspace/Catena/Release/arduino.ar(SERCOM.cpp.o)
                0x00005228                SERCOM::isMasterReadOperationWIRE()
 .text._ZN6SERCOM12readDataWIREEv
                0x00005232       0x1a C:/Users/Emanuele/Documents/sloeber-workspace/Catena/Release/arduino.ar(SERCOM.cpp.o)
                0x00005232                SERCOM::readDataWIRE()
 .text._ZN6SERCOM13initClockNVICEv
                0x0000524c       0xac C:/Users/Emanuele/Documents/sloeber-workspace/Catena/Release/arduino.ar(SERCOM.cpp.o)
                0x0000524c                SERCOM::initClockNVIC()
 .text._ZN6SERCOM8initUARTE14SercomUartMode20SercomUartSampleRatem
                0x000052f8       0x6c C:/Users/Emanuele/Documents/sloeber-workspace/Catena/Release/arduino.ar(SERCOM.cpp.o)
                0x000052f8                SERCOM::initUART(SercomUartMode, SercomUartSampleRate, unsigned long)
 .text._ZN4UartcvbEv
                0x00005364        0x4 C:/Users/Emanuele/Documents/sloeber-workspace/Catena/Release/arduino.ar(Uart.cpp.o)
                0x00005364                Uart::operator bool()
 .text._ZN4Uart5beginEm
                0x00005368       0x10 C:/Users/Emanuele/Documents/sloeber-workspace/Catena/Release/arduino.ar(Uart.cpp.o)
                0x00005368                Uart::begin(unsigned long)
 .text._ZN4Uart3endEv
                0x00005378       0x14 C:/Users/Emanuele/Documents/sloeber-workspace/Catena/Release/arduino.ar(Uart.cpp.o)
                0x00005378                Uart::end()
 .text._ZN4Uart5flushEv
                0x0000538c        0xa C:/Users/Emanuele/Documents/sloeber-workspace/Catena/Release/arduino.ar(Uart.cpp.o)
                0x0000538c                Uart::flush()
 .text._ZN4Uart9availableEv
                0x00005396        0xa C:/Users/Emanuele/Documents/sloeber-workspace/Catena/Release/arduino.ar(Uart.cpp.o)
                0x00005396                Uart::available()
 .text._ZN4Uart4peekEv
                0x000053a0        0xa C:/Users/Emanuele/Documents/sloeber-workspace/Catena/Release/arduino.ar(Uart.cpp.o)
                0x000053a0                Uart::peek()
 .text._ZN4Uart4readEv
                0x000053aa        0xa C:/Users/Emanuele/Documents/sloeber-workspace/Catena/Release/arduino.ar(Uart.cpp.o)
                0x000053aa                Uart::read()
 .text._ZN4Uart5writeEh
                0x000053b4        0xc C:/Users/Emanuele/Documents/sloeber-workspace/Catena/Release/arduino.ar(Uart.cpp.o)
                0x000053b4                Uart::write(unsigned char)
 .text._ZN4UartC2EP6SERCOMhh11SercomRXPad15SercomUartTXPad
                0x000053c0       0x48 C:/Users/Emanuele/Documents/sloeber-workspace/Catena/Release/arduino.ar(Uart.cpp.o)
                0x000053c0                Uart::Uart(SERCOM*, unsigned char, unsigned char, SercomRXPad, SercomUartTXPad)
                0x000053c0                Uart::Uart(SERCOM*, unsigned char, unsigned char, SercomRXPad, SercomUartTXPad)
 .text._ZN4Uart10IrqHandlerEv
                0x00005408       0x36 C:/Users/Emanuele/Documents/sloeber-workspace/Catena/Release/arduino.ar(Uart.cpp.o)
                0x00005408                Uart::IrqHandler()
 .text._ZN4Uart16extractNbStopBitEt
                0x0000543e        0xe C:/Users/Emanuele/Documents/sloeber-workspace/Catena/Release/arduino.ar(Uart.cpp.o)
                0x0000543e                Uart::extractNbStopBit(unsigned short)
 .text._ZN4Uart15extractCharSizeEt
                0x0000544c       0x2c C:/Users/Emanuele/Documents/sloeber-workspace/Catena/Release/arduino.ar(Uart.cpp.o)
                0x0000544c                Uart::extractCharSize(unsigned short)
 .text._ZN4Uart13extractParityEt
                0x00005478       0x18 C:/Users/Emanuele/Documents/sloeber-workspace/Catena/Release/arduino.ar(Uart.cpp.o)
                0x00005478                Uart::extractParity(unsigned short)
 .text._ZN4Uart5beginEmt
                0x00005490       0x88 C:/Users/Emanuele/Documents/sloeber-workspace/Catena/Release/arduino.ar(Uart.cpp.o)
                0x00005490                Uart::begin(unsigned long, unsigned short)
 .text.Dummy_Handler
                0x00005518        0x2 C:/Users/Emanuele/Documents/sloeber-workspace/Catena/Release/arduino.ar(cortex_handlers.c.o)
                0x00005518                DMAC_Handler
                0x00005518                HardFault_Handler
                0x00005518                AC_Handler
                0x00005518                PendSV_Handler
                0x00005518                NMI_Handler
                0x00005518                TC7_Handler
                0x00005518                SERCOM1_Handler
                0x00005518                ADC_Handler
                0x00005518                TCC1_Handler
                0x00005518                SERCOM2_Handler
                0x00005518                TCC0_Handler
                0x00005518                EIC_Handler
                0x00005518                TC6_Handler
                0x00005518                WDT_Handler
                0x00005518                TC4_Handler
                0x00005518                TC3_Handler
                0x00005518                Dummy_Handler
                0x00005518                PM_Handler
                0x00005518                SVC_Handler
                0x00005518                TCC2_Handler
                0x00005518                EVSYS_Handler
                0x00005518                SERCOM4_Handler
                0x00005518                I2S_Handler
                0x00005518                NVMCTRL_Handler
                0x00005518                DAC_Handler
                0x00005518                PTC_Handler
                0x00005518                SYSCTRL_Handler
 *fill*         0x0000551a        0x2 
 .text.USB_Handler
                0x0000551c       0x14 C:/Users/Emanuele/Documents/sloeber-workspace/Catena/Release/arduino.ar(cortex_handlers.c.o)
                0x0000551c                USB_Handler
 .text.Reset_Handler
                0x00005530       0x54 C:/Users/Emanuele/Documents/sloeber-workspace/Catena/Release/arduino.ar(cortex_handlers.c.o)
                0x00005530                Reset_Handler
 .text.SysTick_Handler
                0x00005584       0x10 C:/Users/Emanuele/Documents/sloeber-workspace/Catena/Release/arduino.ar(cortex_handlers.c.o)
                0x00005584                SysTick_Handler
 .text.USB_SetHandler
                0x00005594        0xc C:/Users/Emanuele/Documents/sloeber-workspace/Catena/Release/arduino.ar(cortex_handlers.c.o)
                0x00005594                USB_SetHandler
 .text.millis   0x000055a0        0xc C:/Users/Emanuele/Documents/sloeber-workspace/Catena/Release/arduino.ar(delay.c.o)
                0x000055a0                millis
 .text.delay    0x000055ac       0x20 C:/Users/Emanuele/Documents/sloeber-workspace/Catena/Release/arduino.ar(delay.c.o)
                0x000055ac                delay
 .text.SysTick_DefaultHandler
                0x000055cc       0x14 C:/Users/Emanuele/Documents/sloeber-workspace/Catena/Release/arduino.ar(delay.c.o)
                0x000055cc                SysTick_DefaultHandler
 .text.__empty  0x000055e0        0x2 C:/Users/Emanuele/Documents/sloeber-workspace/Catena/Release/arduino.ar(hooks.c.o)
                0x000055e0                yield
 .text.__false  0x000055e2        0x4 C:/Users/Emanuele/Documents/sloeber-workspace/Catena/Release/arduino.ar(hooks.c.o)
                0x000055e2                sysTickHook
 .text._Z11initVariantv
                0x000055e6        0x2 C:/Users/Emanuele/Documents/sloeber-workspace/Catena/Release/arduino.ar(main.cpp.o)
                0x000055e6                initVariant()
 .text.startup.main
                0x000055e8       0x40 C:/Users/Emanuele/Documents/sloeber-workspace/Catena/Release/arduino.ar(main.cpp.o)
                0x000055e8                main
 .text._Znwj    0x00005628        0x8 C:/Users/Emanuele/Documents/sloeber-workspace/Catena/Release/arduino.ar(new.cpp.o)
                0x00005628                operator new(unsigned int)
 .text.SystemInit
                0x00005630      0x168 C:/Users/Emanuele/Documents/sloeber-workspace/Catena/Release/arduino.ar(startup.c.o)
                0x00005630                SystemInit
 .text.init     0x00005798       0xf0 C:/Users/Emanuele/Documents/sloeber-workspace/Catena/Release/arduino.ar(wiring.c.o)
                0x00005798                init
 .text.mapResolution
                0x00005888       0x12 C:/Users/Emanuele/Documents/sloeber-workspace/Catena/Release/arduino.ar(wiring_analog.c.o)
 *fill*         0x0000589a        0x2 
 .text.analogReadResolution
                0x0000589c       0x4c C:/Users/Emanuele/Documents/sloeber-workspace/Catena/Release/arduino.ar(wiring_analog.c.o)
                0x0000589c                analogReadResolution
 .text.analogReference
                0x000058e8       0x5c C:/Users/Emanuele/Documents/sloeber-workspace/Catena/Release/arduino.ar(wiring_analog.c.o)
                0x000058e8                analogReference
 .text.analogRead
                0x00005944       0xe4 C:/Users/Emanuele/Documents/sloeber-workspace/Catena/Release/arduino.ar(wiring_analog.c.o)
                0x00005944                analogRead
 .text.pinMode  0x00005a28       0xb4 C:/Users/Emanuele/Documents/sloeber-workspace/Catena/Release/arduino.ar(wiring_digital.c.o)
                0x00005a28                pinMode
 .text.digitalWrite
                0x00005adc       0x60 C:/Users/Emanuele/Documents/sloeber-workspace/Catena/Release/arduino.ar(wiring_digital.c.o)
                0x00005adc                digitalWrite
 .text.pinPeripheral
                0x00005b3c       0xc4 C:/Users/Emanuele/Documents/sloeber-workspace/Catena/Release/arduino.ar(wiring_private.c.o)
                0x00005b3c                pinPeripheral
 .text._ZN13PluggableUSB_12getInterfaceEPh
                0x00005c00       0x2a C:/Users/Emanuele/Documents/sloeber-workspace/Catena/Release/arduino.ar(PluggableUSB.cpp.o)
                0x00005c00                PluggableUSB_::getInterface(unsigned char*)
 .text._ZN13PluggableUSB_13getDescriptorER8USBSetup
                0x00005c2a       0x20 C:/Users/Emanuele/Documents/sloeber-workspace/Catena/Release/arduino.ar(PluggableUSB.cpp.o)
                0x00005c2a                PluggableUSB_::getDescriptor(USBSetup&)
 .text._ZN13PluggableUSB_12getShortNameEPc
                0x00005c4a       0x1e C:/Users/Emanuele/Documents/sloeber-workspace/Catena/Release/arduino.ar(PluggableUSB.cpp.o)
                0x00005c4a                PluggableUSB_::getShortName(char*)
 .text._ZN13PluggableUSB_5setupER8USBSetup
                0x00005c68       0x24 C:/Users/Emanuele/Documents/sloeber-workspace/Catena/Release/arduino.ar(PluggableUSB.cpp.o)
                0x00005c68                PluggableUSB_::setup(USBSetup&)
 .text._Z12PluggableUSBv
                0x00005c8c       0x24 C:/Users/Emanuele/Documents/sloeber-workspace/Catena/Release/arduino.ar(PluggableUSB.cpp.o)
                0x00005c8c                PluggableUSB()
 .text          0x00005cb0       0x14 c:/program files/sloeber/arduinoplugin/packages/arduino/tools/arm-none-eabi-gcc/4.8.3-2014q1/bin/../lib/gcc/arm-none-eabi/4.8.3/armv6-m\libgcc.a(_thumb1_case_uqi.o)
                0x00005cb0                __gnu_thumb1_case_uqi
 .text          0x00005cc4       0x9c c:/program files/sloeber/arduinoplugin/packages/arduino/tools/arm-none-eabi-gcc/4.8.3-2014q1/bin/../lib/gcc/arm-none-eabi/4.8.3/armv6-m\libgcc.a(_udivsi3.o)
                0x00005cc4                __aeabi_uidiv
                0x00005cc4                __udivsi3
                0x00005d4c                __aeabi_uidivmod
 .text          0x00005d60       0xc0 c:/program files/sloeber/arduinoplugin/packages/arduino/tools/arm-none-eabi-gcc/4.8.3-2014q1/bin/../lib/gcc/arm-none-eabi/4.8.3/armv6-m\libgcc.a(_divsi3.o)
                0x00005d60                __divsi3
                0x00005d60                __aeabi_idiv
                0x00005e0c                __aeabi_idivmod
 .text          0x00005e20        0x4 c:/program files/sloeber/arduinoplugin/packages/arduino/tools/arm-none-eabi-gcc/4.8.3-2014q1/bin/../lib/gcc/arm-none-eabi/4.8.3/armv6-m\libgcc.a(_dvmd_tls.o)
                0x00005e20                __aeabi_idiv0
                0x00005e20                __aeabi_ldiv0
 .text          0x00005e24       0x74 c:/program files/sloeber/arduinoplugin/packages/arduino/tools/arm-none-eabi-gcc/4.8.3-2014q1/bin/../lib/gcc/arm-none-eabi/4.8.3/armv6-m\libgcc.a(_arm_cmpsf2.o)
                0x00005e24                __aeabi_cfrcmple
                0x00005e2c                __aeabi_cfcmpeq
                0x00005e2c                __aeabi_cfcmple
                0x00005e3c                __aeabi_fcmpeq
                0x00005e48                __aeabi_fcmplt
                0x00005e5c                __aeabi_fcmple
                0x00005e70                __aeabi_fcmpgt
                0x00005e84                __aeabi_fcmpge
 .text          0x00005e98       0x30 c:/program files/sloeber/arduinoplugin/packages/arduino/tools/arm-none-eabi-gcc/4.8.3-2014q1/bin/../lib/gcc/arm-none-eabi/4.8.3/armv6-m\libgcc.a(_fixunssfsi.o)
                0x00005e98                __fixunssfsi
                0x00005e98                __aeabi_f2uiz
 .text          0x00005ec8      0x24c c:/program files/sloeber/arduinoplugin/packages/arduino/tools/arm-none-eabi-gcc/4.8.3-2014q1/bin/../lib/gcc/arm-none-eabi/4.8.3/armv6-m\libgcc.a(divsf3.o)
                0x00005ec8                __aeabi_fdiv
 .text          0x00006114       0x54 c:/program files/sloeber/arduinoplugin/packages/arduino/tools/arm-none-eabi-gcc/4.8.3-2014q1/bin/../lib/gcc/arm-none-eabi/4.8.3/armv6-m\libgcc.a(eqsf2.o)
                0x00006114                __eqsf2
                0x00006114                __nesf2
 .text          0x00006168       0x90 c:/program files/sloeber/arduinoplugin/packages/arduino/tools/arm-none-eabi-gcc/4.8.3-2014q1/bin/../lib/gcc/arm-none-eabi/4.8.3/armv6-m\libgcc.a(gesf2.o)
                0x00006168                __gesf2
                0x00006168                __gtsf2
 .text          0x000061f8       0x98 c:/program files/sloeber/arduinoplugin/packages/arduino/tools/arm-none-eabi-gcc/4.8.3-2014q1/bin/../lib/gcc/arm-none-eabi/4.8.3/armv6-m\libgcc.a(lesf2.o)
                0x000061f8                __ltsf2
                0x000061f8                __lesf2
 .text          0x00006290      0x254 c:/program files/sloeber/arduinoplugin/packages/arduino/tools/arm-none-eabi-gcc/4.8.3-2014q1/bin/../lib/gcc/arm-none-eabi/4.8.3/armv6-m\libgcc.a(mulsf3.o)
                0x00006290                __aeabi_fmul
 .text          0x000064e4      0x2e0 c:/program files/sloeber/arduinoplugin/packages/arduino/tools/arm-none-eabi-gcc/4.8.3-2014q1/bin/../lib/gcc/arm-none-eabi/4.8.3/armv6-m\libgcc.a(subsf3.o)
                0x000064e4                __aeabi_fsub
 .text          0x000067c4       0x40 c:/program files/sloeber/arduinoplugin/packages/arduino/tools/arm-none-eabi-gcc/4.8.3-2014q1/bin/../lib/gcc/arm-none-eabi/4.8.3/armv6-m\libgcc.a(fixsfsi.o)
                0x000067c4                __aeabi_f2iz
 .text          0x00006804       0xb8 c:/program files/sloeber/arduinoplugin/packages/arduino/tools/arm-none-eabi-gcc/4.8.3-2014q1/bin/../lib/gcc/arm-none-eabi/4.8.3/armv6-m\libgcc.a(floatsisf.o)
                0x00006804                __aeabi_i2f
 .text          0x000068bc      0x638 c:/program files/sloeber/arduinoplugin/packages/arduino/tools/arm-none-eabi-gcc/4.8.3-2014q1/bin/../lib/gcc/arm-none-eabi/4.8.3/armv6-m\libgcc.a(adddf3.o)
                0x000068bc                __aeabi_dadd
 .text          0x00006ef4      0x648 c:/program files/sloeber/arduinoplugin/packages/arduino/tools/arm-none-eabi-gcc/4.8.3-2014q1/bin/../lib/gcc/arm-none-eabi/4.8.3/armv6-m\libgcc.a(divdf3.o)
                0x00006ef4                __aeabi_ddiv
 .text          0x0000753c      0x520 c:/program files/sloeber/arduinoplugin/packages/arduino/tools/arm-none-eabi-gcc/4.8.3-2014q1/bin/../lib/gcc/arm-none-eabi/4.8.3/armv6-m\libgcc.a(muldf3.o)
                0x0000753c                __aeabi_dmul
 .text          0x00007a5c       0xa4 c:/program files/sloeber/arduinoplugin/packages/arduino/tools/arm-none-eabi-gcc/4.8.3-2014q1/bin/../lib/gcc/arm-none-eabi/4.8.3/armv6-m\libgcc.a(extendsfdf2.o)
                0x00007a5c                __aeabi_f2d
 .text          0x00007b00      0x118 c:/program files/sloeber/arduinoplugin/packages/arduino/tools/arm-none-eabi-gcc/4.8.3-2014q1/bin/../lib/gcc/arm-none-eabi/4.8.3/armv6-m\libgcc.a(truncdfsf2.o)
                0x00007b00                __aeabi_d2f
 .text          0x00007c18       0x3c c:/program files/sloeber/arduinoplugin/packages/arduino/tools/arm-none-eabi-gcc/4.8.3-2014q1/bin/../lib/gcc/arm-none-eabi/4.8.3/armv6-m\libgcc.a(_clzsi2.o)
                0x00007c18                __clzsi2
 .text.atoi     0x00007c54        0xc c:/program files/sloeber/arduinoplugin/packages/arduino/tools/arm-none-eabi-gcc/4.8.3-2014q1/bin/../lib/gcc/arm-none-eabi/4.8.3/../../../../arm-none-eabi/lib/armv6-m\libc_s.a(lib_a-atoi.o)
                0x00007c54                atoi
 .text.__libc_init_array
                0x00007c60       0x4c c:/program files/sloeber/arduinoplugin/packages/arduino/tools/arm-none-eabi-gcc/4.8.3-2014q1/bin/../lib/gcc/arm-none-eabi/4.8.3/../../../../arm-none-eabi/lib/armv6-m\libc_s.a(lib_a-init.o)
                0x00007c60                __libc_init_array
 .text.malloc   0x00007cac       0x14 c:/program files/sloeber/arduinoplugin/packages/arduino/tools/arm-none-eabi-gcc/4.8.3-2014q1/bin/../lib/gcc/arm-none-eabi/4.8.3/../../../../arm-none-eabi/lib/armv6-m\libc_s.a(lib_a-malloc.o)
                0x00007cac                malloc
 .text.memcmp   0x00007cc0       0x1e c:/program files/sloeber/arduinoplugin/packages/arduino/tools/arm-none-eabi-gcc/4.8.3-2014q1/bin/../lib/gcc/arm-none-eabi/4.8.3/../../../../arm-none-eabi/lib/armv6-m\libc_s.a(lib_a-memcmp.o)
                0x00007cc0                memcmp
 .text.memcpy   0x00007cde       0x12 c:/program files/sloeber/arduinoplugin/packages/arduino/tools/arm-none-eabi-gcc/4.8.3-2014q1/bin/../lib/gcc/arm-none-eabi/4.8.3/../../../../arm-none-eabi/lib/armv6-m\libc_s.a(lib_a-memcpy-stub.o)
                0x00007cde                memcpy
 .text.memset   0x00007cf0       0x10 c:/program files/sloeber/arduinoplugin/packages/arduino/tools/arm-none-eabi-gcc/4.8.3-2014q1/bin/../lib/gcc/arm-none-eabi/4.8.3/../../../../arm-none-eabi/lib/armv6-m\libc_s.a(lib_a-memset.o)
                0x00007cf0                memset
 .text._free_r  0x00007d00       0x90 c:/program files/sloeber/arduinoplugin/packages/arduino/tools/arm-none-eabi-gcc/4.8.3-2014q1/bin/../lib/gcc/arm-none-eabi/4.8.3/../../../../arm-none-eabi/lib/armv6-m\libc_s.a(lib_a-nano-freer.o)
                0x00007d00                _free_r
 .text._malloc_r
                0x00007d90       0xa8 c:/program files/sloeber/arduinoplugin/packages/arduino/tools/arm-none-eabi-gcc/4.8.3-2014q1/bin/../lib/gcc/arm-none-eabi/4.8.3/../../../../arm-none-eabi/lib/armv6-m\libc_s.a(lib_a-nano-mallocr.o)
                0x00007d90                _malloc_r
 .text._sbrk_r  0x00007e38       0x24 c:/program files/sloeber/arduinoplugin/packages/arduino/tools/arm-none-eabi-gcc/4.8.3-2014q1/bin/../lib/gcc/arm-none-eabi/4.8.3/../../../../arm-none-eabi/lib/armv6-m\libc_s.a(lib_a-sbrkr.o)
                0x00007e38                _sbrk_r
 .text.sprintf  0x00007e5c       0x44 c:/program files/sloeber/arduinoplugin/packages/arduino/tools/arm-none-eabi-gcc/4.8.3-2014q1/bin/../lib/gcc/arm-none-eabi/4.8.3/../../../../arm-none-eabi/lib/armv6-m\libc_s.a(lib_a-sprintf.o)
                0x00007e5c                siprintf
                0x00007e5c                sprintf
 .text.strcat   0x00007ea0       0x1a c:/program files/sloeber/arduinoplugin/packages/arduino/tools/arm-none-eabi-gcc/4.8.3-2014q1/bin/../lib/gcc/arm-none-eabi/4.8.3/../../../../arm-none-eabi/lib/armv6-m\libc_s.a(lib_a-strcat.o)
                0x00007ea0                strcat
 .text          0x00007eba       0x14 c:/program files/sloeber/arduinoplugin/packages/arduino/tools/arm-none-eabi-gcc/4.8.3-2014q1/bin/../lib/gcc/arm-none-eabi/4.8.3/../../../../arm-none-eabi/lib/armv6-m\libc_s.a(lib_a-strcmp.o)
                0x00007eba                strcmp
 .text.strcpy   0x00007ece       0x10 c:/program files/sloeber/arduinoplugin/packages/arduino/tools/arm-none-eabi-gcc/4.8.3-2014q1/bin/../lib/gcc/arm-none-eabi/4.8.3/../../../../arm-none-eabi/lib/armv6-m\libc_s.a(lib_a-strcpy.o)
                0x00007ece                strcpy
 .text.strlen   0x00007ede        0xe c:/program files/sloeber/arduinoplugin/packages/arduino/tools/arm-none-eabi-gcc/4.8.3-2014q1/bin/../lib/gcc/arm-none-eabi/4.8.3/../../../../arm-none-eabi/lib/armv6-m\libc_s.a(lib_a-strlen.o)
                0x00007ede                strlen
 .text.strncpy  0x00007eec       0x28 c:/program files/sloeber/arduinoplugin/packages/arduino/tools/arm-none-eabi-gcc/4.8.3-2014q1/bin/../lib/gcc/arm-none-eabi/4.8.3/../../../../arm-none-eabi/lib/armv6-m\libc_s.a(lib_a-strncpy.o)
                0x00007eec                strncpy
 .text.strtok   0x00007f14       0x64 c:/program files/sloeber/arduinoplugin/packages/arduino/tools/arm-none-eabi-gcc/4.8.3-2014q1/bin/../lib/gcc/arm-none-eabi/4.8.3/../../../../arm-none-eabi/lib/armv6-m\libc_s.a(lib_a-strtok.o)
                0x00007f14                strtok
 .text.__strtok_r
                0x00007f78       0x5c c:/program files/sloeber/arduinoplugin/packages/arduino/tools/arm-none-eabi-gcc/4.8.3-2014q1/bin/../lib/gcc/arm-none-eabi/4.8.3/../../../../arm-none-eabi/lib/armv6-m\libc_s.a(lib_a-strtok_r.o)
                0x00007f78                __strtok_r
 .text._strtol_r
                0x00007fd4      0x114 c:/program files/sloeber/arduinoplugin/packages/arduino/tools/arm-none-eabi-gcc/4.8.3-2014q1/bin/../lib/gcc/arm-none-eabi/4.8.3/../../../../arm-none-eabi/lib/armv6-m\libc_s.a(lib_a-strtol.o)
                0x00007fd4                _strtol_r
 .text.strtol   0x000080e8       0x1c c:/program files/sloeber/arduinoplugin/packages/arduino/tools/arm-none-eabi-gcc/4.8.3-2014q1/bin/../lib/gcc/arm-none-eabi/4.8.3/../../../../arm-none-eabi/lib/armv6-m\libc_s.a(lib_a-strtol.o)
                0x000080e8                strtol
 .text.__ssputs_r
                0x00008104       0xc0 c:/program files/sloeber/arduinoplugin/packages/arduino/tools/arm-none-eabi-gcc/4.8.3-2014q1/bin/../lib/gcc/arm-none-eabi/4.8.3/../../../../arm-none-eabi/lib/armv6-m\libc_s.a(lib_a-svfprintf.o)
                0x00008104                __ssputs_r
 .text._svfprintf_r
                0x000081c4      0x1e0 c:/program files/sloeber/arduinoplugin/packages/arduino/tools/arm-none-eabi-gcc/4.8.3-2014q1/bin/../lib/gcc/arm-none-eabi/4.8.3/../../../../arm-none-eabi/lib/armv6-m\libc_s.a(lib_a-svfprintf.o)
                0x000081c4                _svfiprintf_r
                0x000081c4                _svfprintf_r
 .text._printf_common
                0x000083a4       0xe8 c:/program files/sloeber/arduinoplugin/packages/arduino/tools/arm-none-eabi-gcc/4.8.3-2014q1/bin/../lib/gcc/arm-none-eabi/4.8.3/../../../../arm-none-eabi/lib/armv6-m\libc_s.a(lib_a-vfprintf_i.o)
                0x000083a4                _printf_common
 .text._printf_i
                0x0000848c      0x22c c:/program files/sloeber/arduinoplugin/packages/arduino/tools/arm-none-eabi-gcc/4.8.3-2014q1/bin/../lib/gcc/arm-none-eabi/4.8.3/../../../../arm-none-eabi/lib/armv6-m\libc_s.a(lib_a-vfprintf_i.o)
                0x0000848c                _printf_i
 .text.memchr   0x000086b8       0x16 c:/program files/sloeber/arduinoplugin/packages/arduino/tools/arm-none-eabi-gcc/4.8.3-2014q1/bin/../lib/gcc/arm-none-eabi/4.8.3/../../../../arm-none-eabi/lib/armv6-m\libc_s.a(lib_a-memchr-stub.o)
                0x000086b8                memchr
 .text.memmove  0x000086ce       0x32 c:/program files/sloeber/arduinoplugin/packages/arduino/tools/arm-none-eabi-gcc/4.8.3-2014q1/bin/../lib/gcc/arm-none-eabi/4.8.3/../../../../arm-none-eabi/lib/armv6-m\libc_s.a(lib_a-memmove.o)
                0x000086ce                memmove
 .text._realloc_r
                0x00008700       0x4c c:/program files/sloeber/arduinoplugin/packages/arduino/tools/arm-none-eabi-gcc/4.8.3-2014q1/bin/../lib/gcc/arm-none-eabi/4.8.3/../../../../arm-none-eabi/lib/armv6-m\libc_s.a(lib_a-nano-reallocr.o)
                0x00008700                _realloc_r
 .text._malloc_usable_size_r
                0x0000874c       0x12 c:/program files/sloeber/arduinoplugin/packages/arduino/tools/arm-none-eabi-gcc/4.8.3-2014q1/bin/../lib/gcc/arm-none-eabi/4.8.3/../../../../arm-none-eabi/lib/armv6-m\libc_s.a(lib_a-nano-msizer.o)
                0x0000874c                _malloc_usable_size_r
 *fill*         0x0000875e        0x2 
 .text._sbrk    0x00008760       0x34 c:/program files/sloeber/arduinoplugin/packages/arduino/tools/arm-none-eabi-gcc/4.8.3-2014q1/bin/../lib/gcc/arm-none-eabi/4.8.3/../../../../arm-none-eabi/lib/armv6-m\libnosys.a(sbrk.o)
                0x00008760                _sbrk
 *(.init)
 .init          0x00008794        0x4 c:/program files/sloeber/arduinoplugin/packages/arduino/tools/arm-none-eabi-gcc/4.8.3-2014q1/bin/../lib/gcc/arm-none-eabi/4.8.3/armv6-m/crti.o
                0x00008794                _init
 .init          0x00008798        0x8 c:/program files/sloeber/arduinoplugin/packages/arduino/tools/arm-none-eabi-gcc/4.8.3-2014q1/bin/../lib/gcc/arm-none-eabi/4.8.3/armv6-m/crtn.o
 *(.fini)
 .fini          0x000087a0        0x4 c:/program files/sloeber/arduinoplugin/packages/arduino/tools/arm-none-eabi-gcc/4.8.3-2014q1/bin/../lib/gcc/arm-none-eabi/4.8.3/armv6-m/crti.o
                0x000087a0                _fini
 .fini          0x000087a4        0x8 c:/program files/sloeber/arduinoplugin/packages/arduino/tools/arm-none-eabi-gcc/4.8.3-2014q1/bin/../lib/gcc/arm-none-eabi/4.8.3/armv6-m/crtn.o
 *crtbegin.o(.ctors)
 *crtbegin?.o(.ctors)
 *(EXCLUDE_FILE(*crtend.o *crtend?.o) .ctors)
 *(SORT(.ctors.*))
 *(.ctors)
 *crtbegin.o(.dtors)
 *crtbegin?.o(.dtors)
 *(EXCLUDE_FILE(*crtend.o *crtend?.o) .dtors)
 *(SORT(.dtors.*))
 *(.dtors)
 *(.rodata*)
 .rodata.str1.1
                0x000087ac       0x43 .\sloeber.ino.cpp.o
                                 0x50 (size before relaxing)
 *fill*         0x000087ef        0x1 
 .rodata._ZTV7TwoWire
                0x000087f0       0x20 .\libraries\Wire\Wire.cpp.o
                0x000087f0                vtable for TwoWire
 .rodata._ZL11dscrc_table
                0x00008810      0x100 .\libraries\OneWire\OneWire.cpp.o
 .rodata.CSWTCH.74
                0x00008910        0x6 .\libraries\DallasTemperature\DallasTemperature.cpp.o
 .rodata._ZL10command_10
                0x00008916        0xd .\arduinoLoRaWAN\arduinoLoRaWAN.cpp.o
 .rodata._ZL10command_11
                0x00008923       0x15 .\arduinoLoRaWAN\arduinoLoRaWAN.cpp.o
 .rodata._ZL10command_12
                0x00008938       0x14 .\arduinoLoRaWAN\arduinoLoRaWAN.cpp.o
 .rodata._ZL10command_13
                0x0000894c       0x14 .\arduinoLoRaWAN\arduinoLoRaWAN.cpp.o
 .rodata._ZL10command_14
                0x00008960       0x15 .\arduinoLoRaWAN\arduinoLoRaWAN.cpp.o
 .rodata._ZL10command_15
                0x00008975       0x15 .\arduinoLoRaWAN\arduinoLoRaWAN.cpp.o
 .rodata._ZL10command_16
                0x0000898a       0x14 .\arduinoLoRaWAN\arduinoLoRaWAN.cpp.o
 .rodata._ZL10command_17
                0x0000899e       0x14 .\arduinoLoRaWAN\arduinoLoRaWAN.cpp.o
 .rodata._ZL10command_18
                0x000089b2       0x10 .\arduinoLoRaWAN\arduinoLoRaWAN.cpp.o
 .rodata._ZL10command_19
                0x000089c2       0x11 .\arduinoLoRaWAN\arduinoLoRaWAN.cpp.o
 .rodata._ZL10command_50
                0x000089d3       0x14 .\arduinoLoRaWAN\arduinoLoRaWAN.cpp.o
 .rodata._ZL10command_51
                0x000089e7       0x15 .\arduinoLoRaWAN\arduinoLoRaWAN.cpp.o
 .rodata._ZL10command_52
                0x000089fc       0x13 .\arduinoLoRaWAN\arduinoLoRaWAN.cpp.o
 .rodata._ZL10command_53
                0x00008a0f       0x12 .\arduinoLoRaWAN\arduinoLoRaWAN.cpp.o
 .rodata._ZL10command_54
                0x00008a21       0x14 .\arduinoLoRaWAN\arduinoLoRaWAN.cpp.o
 .rodata._ZL10command_55
                0x00008a35       0x12 .\arduinoLoRaWAN\arduinoLoRaWAN.cpp.o
 .rodata._ZL10command_56
                0x00008a47       0x10 .\arduinoLoRaWAN\arduinoLoRaWAN.cpp.o
 .rodata._ZL10command_57
                0x00008a57       0x11 .\arduinoLoRaWAN\arduinoLoRaWAN.cpp.o
 .rodata._ZL10command_58
                0x00008a68       0x10 .\arduinoLoRaWAN\arduinoLoRaWAN.cpp.o
 .rodata._ZL10command_59
                0x00008a78        0xf .\arduinoLoRaWAN\arduinoLoRaWAN.cpp.o
 .rodata._ZL9answer_10
                0x00008a87        0x4 .\arduinoLoRaWAN\arduinoLoRaWAN.cpp.o
 .rodata._ZL9answer_11
                0x00008a8b        0xb .\arduinoLoRaWAN\arduinoLoRaWAN.cpp.o
 .rodata._ZL9answer_12
                0x00008a96        0xa .\arduinoLoRaWAN\arduinoLoRaWAN.cpp.o
 .rodata._ZL9answer_13
                0x00008aa0        0x3 .\arduinoLoRaWAN\arduinoLoRaWAN.cpp.o
 .rodata._ZL9answer_14
                0x00008aa3        0xb .\arduinoLoRaWAN\arduinoLoRaWAN.cpp.o
 .rodata._ZL9answer_15
                0x00008aae        0x8 .\arduinoLoRaWAN\arduinoLoRaWAN.cpp.o
 .rodata._ZL9answer_16
                0x00008ab6       0x11 .\arduinoLoRaWAN\arduinoLoRaWAN.cpp.o
 .rodata._ZL9answer_17
                0x00008ac7        0xe .\arduinoLoRaWAN\arduinoLoRaWAN.cpp.o
 .rodata._ZL9answer_18
                0x00008ad5        0xb .\arduinoLoRaWAN\arduinoLoRaWAN.cpp.o
 .rodata._ZL9answer_19
                0x00008ae0        0x7 .\arduinoLoRaWAN\arduinoLoRaWAN.cpp.o
 .rodata._ZL10command_20
                0x00008ae7       0x19 .\arduinoLoRaWAN\arduinoLoRaWAN.cpp.o
 .rodata._ZL10command_21
                0x00008b00       0x1a .\arduinoLoRaWAN\arduinoLoRaWAN.cpp.o
 .rodata._ZL10command_22
                0x00008b1a       0x1e .\arduinoLoRaWAN\arduinoLoRaWAN.cpp.o
 .rodata._ZL10command_23
                0x00008b38       0x1a .\arduinoLoRaWAN\arduinoLoRaWAN.cpp.o
 .rodata._ZL10command_24
                0x00008b52       0x12 .\arduinoLoRaWAN\arduinoLoRaWAN.cpp.o
 .rodata._ZL10command_25
                0x00008b64       0x11 .\arduinoLoRaWAN\arduinoLoRaWAN.cpp.o
 .rodata._ZL10command_26
                0x00008b75       0x11 .\arduinoLoRaWAN\arduinoLoRaWAN.cpp.o
 .rodata._ZL10command_27
                0x00008b86        0xd .\arduinoLoRaWAN\arduinoLoRaWAN.cpp.o
 .rodata._ZL10command_28
                0x00008b93        0xf .\arduinoLoRaWAN\arduinoLoRaWAN.cpp.o
 .rodata._ZL10command_29
                0x00008ba2       0x11 .\arduinoLoRaWAN\arduinoLoRaWAN.cpp.o
 .rodata._ZL9answer_22
                0x00008bb3        0x3 .\arduinoLoRaWAN\arduinoLoRaWAN.cpp.o
 .rodata._ZL10command_60
                0x00008bb6       0x11 .\arduinoLoRaWAN\arduinoLoRaWAN.cpp.o
 .rodata._ZL10command_61
                0x00008bc7       0x14 .\arduinoLoRaWAN\arduinoLoRaWAN.cpp.o
 .rodata._ZL10command_62
                0x00008bdb        0xf .\arduinoLoRaWAN\arduinoLoRaWAN.cpp.o
 .rodata._ZL10command_63
                0x00008bea       0x10 .\arduinoLoRaWAN\arduinoLoRaWAN.cpp.o
 .rodata._ZL10command_64
                0x00008bfa        0xf .\arduinoLoRaWAN\arduinoLoRaWAN.cpp.o
 .rodata._ZL10command_65
                0x00008c09       0x10 .\arduinoLoRaWAN\arduinoLoRaWAN.cpp.o
 .rodata._ZL10command_66
                0x00008c19       0x10 .\arduinoLoRaWAN\arduinoLoRaWAN.cpp.o
 .rodata._ZL10command_67
                0x00008c29       0x12 .\arduinoLoRaWAN\arduinoLoRaWAN.cpp.o
 .rodata._ZL10command_68
                0x00008c3b        0xe .\arduinoLoRaWAN\arduinoLoRaWAN.cpp.o
 .rodata._ZL10command_69
                0x00008c49       0x12 .\arduinoLoRaWAN\arduinoLoRaWAN.cpp.o
 .rodata._ZL9answer_20
                0x00008c5b        0x7 .\arduinoLoRaWAN\arduinoLoRaWAN.cpp.o
 .rodata._ZL9answer_21
                0x00008c62        0xe .\arduinoLoRaWAN\arduinoLoRaWAN.cpp.o
 .rodata._ZL10command_30
                0x00008c70        0xe .\arduinoLoRaWAN\arduinoLoRaWAN.cpp.o
 .rodata._ZL10command_31
                0x00008c7e       0x13 .\arduinoLoRaWAN\arduinoLoRaWAN.cpp.o
 .rodata._ZL10command_32
                0x00008c91        0xf .\arduinoLoRaWAN\arduinoLoRaWAN.cpp.o
 .rodata._ZL10command_33
                0x00008ca0        0xf .\arduinoLoRaWAN\arduinoLoRaWAN.cpp.o
 .rodata._ZL10command_34
                0x00008caf       0x11 .\arduinoLoRaWAN\arduinoLoRaWAN.cpp.o
 .rodata._ZL10command_35
                0x00008cc0       0x15 .\arduinoLoRaWAN\arduinoLoRaWAN.cpp.o
 .rodata._ZL10command_36
                0x00008cd5       0x17 .\arduinoLoRaWAN\arduinoLoRaWAN.cpp.o
 .rodata._ZL10command_37
                0x00008cec       0x18 .\arduinoLoRaWAN\arduinoLoRaWAN.cpp.o
 .rodata._ZL10command_38
                0x00008d04       0x17 .\arduinoLoRaWAN\arduinoLoRaWAN.cpp.o
 .rodata._ZL10command_39
                0x00008d1b        0xd .\arduinoLoRaWAN\arduinoLoRaWAN.cpp.o
 .rodata.str1.1
                0x00008d28       0xe1 .\arduinoLoRaWAN\arduinoLoRaWAN.cpp.o
                                 0xe7 (size before relaxing)
 .rodata._ZL10command_70
                0x00008e09        0xf .\arduinoLoRaWAN\arduinoLoRaWAN.cpp.o
 .rodata._ZL10command_71
                0x00008e18       0x11 .\arduinoLoRaWAN\arduinoLoRaWAN.cpp.o
 .rodata._ZL10command_72
                0x00008e29       0x14 .\arduinoLoRaWAN\arduinoLoRaWAN.cpp.o
 .rodata._ZL10command_73
                0x00008e3d       0x10 .\arduinoLoRaWAN\arduinoLoRaWAN.cpp.o
 .rodata._ZL10command_74
                0x00008e4d       0x14 .\arduinoLoRaWAN\arduinoLoRaWAN.cpp.o
 .rodata._ZL10command_75
                0x00008e61       0x10 .\arduinoLoRaWAN\arduinoLoRaWAN.cpp.o
 .rodata._ZL10command_76
                0x00008e71       0x10 .\arduinoLoRaWAN\arduinoLoRaWAN.cpp.o
 .rodata._ZL10command_77
                0x00008e81       0x15 .\arduinoLoRaWAN\arduinoLoRaWAN.cpp.o
 .rodata._ZL10command_78
                0x00008e96       0x15 .\arduinoLoRaWAN\arduinoLoRaWAN.cpp.o
 .rodata._ZL10command_79
                0x00008eab       0x16 .\arduinoLoRaWAN\arduinoLoRaWAN.cpp.o
 *fill*         0x00008ec1        0x3 
 .rodata._ZL21table_LoRaWAN_ANSWERS
                0x00008ec4       0x5c .\arduinoLoRaWAN\arduinoLoRaWAN.cpp.o
 .rodata._ZL10command_00
                0x00008f20        0xc .\arduinoLoRaWAN\arduinoLoRaWAN.cpp.o
 .rodata._ZL10command_01
                0x00008f2c       0x13 .\arduinoLoRaWAN\arduinoLoRaWAN.cpp.o
 .rodata._ZL10command_02
                0x00008f3f       0x10 .\arduinoLoRaWAN\arduinoLoRaWAN.cpp.o
 .rodata._ZL10command_03
                0x00008f4f        0xe .\arduinoLoRaWAN\arduinoLoRaWAN.cpp.o
 .rodata._ZL10command_04
                0x00008f5d        0xf .\arduinoLoRaWAN\arduinoLoRaWAN.cpp.o
 .rodata._ZL10command_05
                0x00008f6c       0x13 .\arduinoLoRaWAN\arduinoLoRaWAN.cpp.o
 .rodata._ZL10command_06
                0x00008f7f       0x15 .\arduinoLoRaWAN\arduinoLoRaWAN.cpp.o
 .rodata._ZL10command_07
                0x00008f94        0xf .\arduinoLoRaWAN\arduinoLoRaWAN.cpp.o
 .rodata._ZL10command_08
                0x00008fa3        0xb .\arduinoLoRaWAN\arduinoLoRaWAN.cpp.o
 .rodata._ZL10command_09
                0x00008fae        0xc .\arduinoLoRaWAN\arduinoLoRaWAN.cpp.o
 .rodata._ZL10command_40
                0x00008fba        0xe .\arduinoLoRaWAN\arduinoLoRaWAN.cpp.o
 .rodata._ZL10command_41
                0x00008fc8        0xe .\arduinoLoRaWAN\arduinoLoRaWAN.cpp.o
 .rodata._ZL10command_42
                0x00008fd6        0xf .\arduinoLoRaWAN\arduinoLoRaWAN.cpp.o
 .rodata._ZL10command_43
                0x00008fe5       0x13 .\arduinoLoRaWAN\arduinoLoRaWAN.cpp.o
 .rodata._ZL10command_44
                0x00008ff8       0x15 .\arduinoLoRaWAN\arduinoLoRaWAN.cpp.o
 .rodata._ZL10command_45
                0x0000900d       0x13 .\arduinoLoRaWAN\arduinoLoRaWAN.cpp.o
 .rodata._ZL10command_46
                0x00009020       0x12 .\arduinoLoRaWAN\arduinoLoRaWAN.cpp.o
 .rodata._ZL10command_47
                0x00009032       0x14 .\arduinoLoRaWAN\arduinoLoRaWAN.cpp.o
 .rodata._ZL10command_48
                0x00009046       0x17 .\arduinoLoRaWAN\arduinoLoRaWAN.cpp.o
 .rodata._ZL10command_49
                0x0000905d       0x17 .\arduinoLoRaWAN\arduinoLoRaWAN.cpp.o
 .rodata._ZL10command_80
                0x00009074        0xc .\arduinoLoRaWAN\arduinoLoRaWAN.cpp.o
 .rodata._ZL10command_81
                0x00009080       0x10 .\arduinoLoRaWAN\arduinoLoRaWAN.cpp.o
 .rodata._ZL10command_82
                0x00009090       0x11 .\arduinoLoRaWAN\arduinoLoRaWAN.cpp.o
 .rodata._ZL9answer_07
                0x000090a1        0xb .\arduinoLoRaWAN\arduinoLoRaWAN.cpp.o
 .rodata._ZL9answer_00
                0x000090ac        0x3 .\arduinoLoRaWAN\arduinoLoRaWAN.cpp.o
 .rodata._ZL9answer_01
                0x000090af        0xe .\arduinoLoRaWAN\arduinoLoRaWAN.cpp.o
 .rodata._ZL9answer_02
                0x000090bd        0xb .\arduinoLoRaWAN\arduinoLoRaWAN.cpp.o
 .rodata._ZL9answer_03
                0x000090c8        0x7 .\arduinoLoRaWAN\arduinoLoRaWAN.cpp.o
 .rodata._ZL9answer_04
                0x000090cf        0xc .\arduinoLoRaWAN\arduinoLoRaWAN.cpp.o
 .rodata._ZL9answer_05
                0x000090db        0x7 .\arduinoLoRaWAN\arduinoLoRaWAN.cpp.o
 .rodata._ZL9answer_06
                0x000090e2        0x9 .\arduinoLoRaWAN\arduinoLoRaWAN.cpp.o
 *fill*         0x000090eb        0x1 
 .rodata._ZL22table_LoRaWAN_COMMANDS
                0x000090ec      0x14c .\arduinoLoRaWAN\arduinoLoRaWAN.cpp.o
 .rodata._ZL9answer_08
                0x00009238        0xa .\arduinoLoRaWAN\arduinoLoRaWAN.cpp.o
 .rodata._ZL9answer_09
                0x00009242        0x3 .\arduinoLoRaWAN\arduinoLoRaWAN.cpp.o
 *fill*         0x00009245        0x3 
 .rodata.g_APinDescription
                0x00009248      0x450 C:/Users/Emanuele/Documents/sloeber-workspace/Catena/Release/arduino.ar(variant.cpp.o)
                0x00009248                g_APinDescription
 .rodata._ZTV7Serial_
                0x00009698       0x28 C:/Users/Emanuele/Documents/sloeber-workspace/Catena/Release/arduino.ar(CDC.cpp.o)
                0x00009698                vtable for Serial_
 .rodata._ZTV26DoubleBufferedEPOutHandler
                0x000096c0       0x18 C:/Users/Emanuele/Documents/sloeber-workspace/Catena/Release/arduino.ar(USBCore.cpp.o)
                0x000096c0                vtable for DoubleBufferedEPOutHandler
 .rodata._ZL19STRING_MANUFACTURER
                0x000096d8        0x9 C:/Users/Emanuele/Documents/sloeber-workspace/Catena/Release/arduino.ar(USBCore.cpp.o)
 *fill*         0x000096e1        0x1 
 .rodata._ZL15STRING_LANGUAGE
                0x000096e2        0x4 C:/Users/Emanuele/Documents/sloeber-workspace/Catena/Release/arduino.ar(USBCore.cpp.o)
 .rodata._ZL21USB_DeviceDescriptorB
                0x000096e6       0x12 C:/Users/Emanuele/Documents/sloeber-workspace/Catena/Release/arduino.ar(USBCore.cpp.o)
 .rodata._ZL14STRING_PRODUCT
                0x000096f8        0xb C:/Users/Emanuele/Documents/sloeber-workspace/Catena/Release/arduino.ar(USBCore.cpp.o)
 .rodata.str1.1
                0x00009703        0xc C:/Users/Emanuele/Documents/sloeber-workspace/Catena/Release/arduino.ar(Print.cpp.o)
                                 0x11 (size before relaxing)
 *fill*         0x0000970f        0x1 
 .rodata._ZTV4Uart
                0x00009710       0x30 C:/Users/Emanuele/Documents/sloeber-workspace/Catena/Release/arduino.ar(Uart.cpp.o)
                0x00009710                vtable for Uart
 .rodata        0x00009740       0x40 c:/program files/sloeber/arduinoplugin/packages/arduino/tools/arm-none-eabi-gcc/4.8.3-2014q1/bin/../lib/gcc/arm-none-eabi/4.8.3/armv6-m\libgcc.a(divsf3.o)
 .rodata        0x00009780       0x40 c:/program files/sloeber/arduinoplugin/packages/arduino/tools/arm-none-eabi-gcc/4.8.3-2014q1/bin/../lib/gcc/arm-none-eabi/4.8.3/armv6-m\libgcc.a(mulsf3.o)
 .rodata        0x000097c0       0x40 c:/program files/sloeber/arduinoplugin/packages/arduino/tools/arm-none-eabi-gcc/4.8.3-2014q1/bin/../lib/gcc/arm-none-eabi/4.8.3/armv6-m\libgcc.a(divdf3.o)
 .rodata        0x00009800       0x40 c:/program files/sloeber/arduinoplugin/packages/arduino/tools/arm-none-eabi-gcc/4.8.3-2014q1/bin/../lib/gcc/arm-none-eabi/4.8.3/armv6-m\libgcc.a(muldf3.o)
 .rodata.str1.1
                0x00009840        0x2 c:/program files/sloeber/arduinoplugin/packages/arduino/tools/arm-none-eabi-gcc/4.8.3-2014q1/bin/../lib/gcc/arm-none-eabi/4.8.3/../../../../arm-none-eabi/lib/armv6-m\libc_s.a(lib_a-impure.o)
 .rodata.str1.1
                0x00009842       0x11 c:/program files/sloeber/arduinoplugin/packages/arduino/tools/arm-none-eabi-gcc/4.8.3-2014q1/bin/../lib/gcc/arm-none-eabi/4.8.3/../../../../arm-none-eabi/lib/armv6-m\libc_s.a(lib_a-svfprintf.o)
 .rodata.str1.1
                0x00009853       0x22 c:/program files/sloeber/arduinoplugin/packages/arduino/tools/arm-none-eabi-gcc/4.8.3-2014q1/bin/../lib/gcc/arm-none-eabi/4.8.3/../../../../arm-none-eabi/lib/armv6-m\libc_s.a(lib_a-vfprintf_i.o)
 .rodata._ctype_
                0x00009875      0x101 c:/program files/sloeber/arduinoplugin/packages/arduino/tools/arm-none-eabi-gcc/4.8.3-2014q1/bin/../lib/gcc/arm-none-eabi/4.8.3/../../../../arm-none-eabi/lib/armv6-m\libc_s.a(lib_a-ctype_.o)
                0x00009875                _ctype_
 *(.eh_frame*)
 *fill*         0x00009976        0x2 
 .eh_frame      0x00009978        0x0 c:/program files/sloeber/arduinoplugin/packages/arduino/tools/arm-none-eabi-gcc/4.8.3-2014q1/bin/../lib/gcc/arm-none-eabi/4.8.3/armv6-m/crtbegin.o
 .eh_frame      0x00009978        0x4 c:/program files/sloeber/arduinoplugin/packages/arduino/tools/arm-none-eabi-gcc/4.8.3-2014q1/bin/../lib/gcc/arm-none-eabi/4.8.3/armv6-m/crtend.o

.glue_7         0x0000997c        0x0
 .glue_7        0x00000000        0x0 linker stubs

.glue_7t        0x0000997c        0x0
 .glue_7t       0x00000000        0x0 linker stubs

.vfp11_veneer   0x0000997c        0x0
 .vfp11_veneer  0x00000000        0x0 linker stubs

.v4_bx          0x0000997c        0x0
 .v4_bx         0x00000000        0x0 linker stubs

.iplt           0x0000997c        0x0
 .iplt          0x00000000        0x0 c:/program files/sloeber/arduinoplugin/packages/arduino/tools/arm-none-eabi-gcc/4.8.3-2014q1/bin/../lib/gcc/arm-none-eabi/4.8.3/armv6-m/crtbegin.o

.rel.dyn        0x0000997c        0x0
 .rel.iplt      0x00000000        0x0 c:/program files/sloeber/arduinoplugin/packages/arduino/tools/arm-none-eabi-gcc/4.8.3-2014q1/bin/../lib/gcc/arm-none-eabi/4.8.3/armv6-m/crtbegin.o

.ARM.extab
 *(.ARM.extab* .gnu.linkonce.armextab.*)
                0x0000997c                __exidx_start = .

.ARM.exidx
 *(.ARM.exidx* .gnu.linkonce.armexidx.*)
                0x0000997c                __exidx_end = .
                0x0000997c                __etext = .

.data           0x20000000      0x180 load address 0x0000997c
                0x20000000                __data_start__ = .
 *(vtable)
 *(.data*)
 .data.data     0x20000000        0x7 .\sloeber.ino.cpp.o
                0x20000000                data
 .data.dsaddr   0x20000007       0x58 .\sloeber.ino.cpp.o
                0x20000007                dsaddr
 .data.uart     0x2000005f        0x1 .\sloeber.ino.cpp.o
                0x2000005f                uart
 .data.port     0x20000060        0x1 .\sloeber.ino.cpp.o
                0x20000060                port
 *fill*         0x20000061        0x3 
 .data._ZL12_usbLineInfo
                0x20000064        0x8 C:/Users/Emanuele/Documents/sloeber-workspace/Catena/Release/arduino.ar(CDC.cpp.o)
 .data._ZL10breakValue
                0x2000006c        0x4 C:/Users/Emanuele/Documents/sloeber-workspace/Catena/Release/arduino.ar(CDC.cpp.o)
 .data._ZL13_cdcInterface
                0x20000070       0x42 C:/Users/Emanuele/Documents/sloeber-workspace/Catena/Release/arduino.ar(CDC.cpp.o)
 *fill*         0x200000b2        0x2 
 .data._serialPeek
                0x200000b4        0x4 C:/Users/Emanuele/Documents/sloeber-workspace/Catena/Release/arduino.ar(CDC.cpp.o)
                0x200000b4                _serialPeek
 .data.EndPoints
                0x200000b8       0x28 C:/Users/Emanuele/Documents/sloeber-workspace/Catena/Release/arduino.ar(USBCore.cpp.o)
                0x200000b8                EndPoints
 .data._ZL5ticks
                0x200000e0        0x4 C:/Users/Emanuele/Documents/sloeber-workspace/Catena/Release/arduino.ar(Reset.cpp.o)
 .data.SystemCoreClock
                0x200000e4        0x4 C:/Users/Emanuele/Documents/sloeber-workspace/Catena/Release/arduino.ar(wiring.c.o)
                0x200000e4                SystemCoreClock
 .data._ADCResolution
                0x200000e8        0x4 C:/Users/Emanuele/Documents/sloeber-workspace/Catena/Release/arduino.ar(wiring_analog.c.o)
 .data._readResolution
                0x200000ec        0x4 C:/Users/Emanuele/Documents/sloeber-workspace/Catena/Release/arduino.ar(wiring_analog.c.o)
 .data.impure_data
                0x200000f0       0x60 c:/program files/sloeber/arduinoplugin/packages/arduino/tools/arm-none-eabi-gcc/4.8.3-2014q1/bin/../lib/gcc/arm-none-eabi/4.8.3/../../../../arm-none-eabi/lib/armv6-m\libc_s.a(lib_a-impure.o)
 .data._impure_ptr
                0x20000150        0x4 c:/program files/sloeber/arduinoplugin/packages/arduino/tools/arm-none-eabi-gcc/4.8.3-2014q1/bin/../lib/gcc/arm-none-eabi/4.8.3/../../../../arm-none-eabi/lib/armv6-m\libc_s.a(lib_a-impure.o)
                0x20000150                _impure_ptr
 .data.__ctype_ptr__
                0x20000154        0x4 c:/program files/sloeber/arduinoplugin/packages/arduino/tools/arm-none-eabi-gcc/4.8.3-2014q1/bin/../lib/gcc/arm-none-eabi/4.8.3/../../../../arm-none-eabi/lib/armv6-m\libc_s.a(lib_a-ctype_.o)
                0x20000154                __ctype_ptr__
                0x20000158                . = ALIGN (0x4)
                0x20000158                PROVIDE (__preinit_array_start, .)
 *(.preinit_array)
                0x20000158                PROVIDE (__preinit_array_end, .)
                0x20000158                . = ALIGN (0x4)
                0x20000158                PROVIDE (__init_array_start, .)
 *(SORT(.init_array.*))
 *(.init_array)
 .init_array    0x20000158        0x4 c:/program files/sloeber/arduinoplugin/packages/arduino/tools/arm-none-eabi-gcc/4.8.3-2014q1/bin/../lib/gcc/arm-none-eabi/4.8.3/armv6-m/crtbegin.o
 .init_array    0x2000015c        0x4 .\sloeber.ino.cpp.o
 .init_array    0x20000160        0x4 .\libraries\Wire\Wire.cpp.o
 .init_array    0x20000164        0x4 .\arduinoLoRaWAN\arduinoLoRaWAN.cpp.o
 .init_array    0x20000168        0x4 C:/Users/Emanuele/Documents/sloeber-workspace/Catena/Release/arduino.ar(variant.cpp.o)
 .init_array    0x2000016c        0x4 C:/Users/Emanuele/Documents/sloeber-workspace/Catena/Release/arduino.ar(CDC.cpp.o)
 .init_array    0x20000170        0x4 C:/Users/Emanuele/Documents/sloeber-workspace/Catena/Release/arduino.ar(USBCore.cpp.o)
                0x20000174                PROVIDE (__init_array_end, .)
                0x20000174                . = ALIGN (0x4)
                0x20000174                PROVIDE (__fini_array_start, .)
 *(SORT(.fini_array.*))
 *(.fini_array)
 .fini_array    0x20000174        0x4 c:/program files/sloeber/arduinoplugin/packages/arduino/tools/arm-none-eabi-gcc/4.8.3-2014q1/bin/../lib/gcc/arm-none-eabi/4.8.3/armv6-m/crtbegin.o
                0x20000178                PROVIDE (__fini_array_end, .)
 *(.jcr*)
 .jcr           0x20000178        0x0 c:/program files/sloeber/arduinoplugin/packages/arduino/tools/arm-none-eabi-gcc/4.8.3-2014q1/bin/../lib/gcc/arm-none-eabi/4.8.3/armv6-m/crtbegin.o
 .jcr           0x20000178        0x4 c:/program files/sloeber/arduinoplugin/packages/arduino/tools/arm-none-eabi-gcc/4.8.3-2014q1/bin/../lib/gcc/arm-none-eabi/4.8.3/armv6-m/crtend.o
                0x20000180                . = ALIGN (0x10)
 *fill*         0x2000017c        0x4 
                0x20000180                __data_end__ = .

.igot.plt       0x20000180        0x0 load address 0x00009afc
 .igot.plt      0x00000000        0x0 c:/program files/sloeber/arduinoplugin/packages/arduino/tools/arm-none-eabi-gcc/4.8.3-2014q1/bin/../lib/gcc/arm-none-eabi/4.8.3/armv6-m/crtbegin.o

.bss            0x20000180      0xe24 load address 0x00009afc
                0x20000180                . = ALIGN (0x4)
                0x20000180                __bss_start__ = .
 *(.bss*)
 .bss           0x20000180       0x1c c:/program files/sloeber/arduinoplugin/packages/arduino/tools/arm-none-eabi-gcc/4.8.3-2014q1/bin/../lib/gcc/arm-none-eabi/4.8.3/armv6-m/crtbegin.o
 .bss._ds       0x2000019c       0x84 .\sloeber.ino.cpp.o
                0x2000019c                _ds
 .bss.sensors   0x20000220       0x1c .\sloeber.ino.cpp.o
                0x20000220                sensors
 .bss._deviceState
                0x2000023c        0x1 .\sloeber.ino.cpp.o
                0x2000023c                _deviceState
 .bss.rtc       0x2000023d        0x1 .\sloeber.ino.cpp.o
                0x2000023d                rtc
 *fill*         0x2000023e        0x2 
 .bss.oneWire   0x20000240       0x14 .\sloeber.ino.cpp.o
                0x20000240                oneWire
 .bss.error     0x20000254        0x1 .\sloeber.ino.cpp.o
                0x20000254                error
 *fill*         0x20000255        0x3 
 .bss.Wire      0x20000258      0x17c .\libraries\Wire\Wire.cpp.o
                0x20000258                Wire
 .bss.RTC_callBack
                0x200003d4        0x4 .\libraries\RTCZero\src\RTCZero.cpp.o
                0x200003d4                RTC_callBack
 .bss.LoRaWAN   0x200003d8      0x42c .\arduinoLoRaWAN\arduinoLoRaWAN.cpp.o