Archive member included because of file (symbol)

C:/Users/Emanuele/Documents/sloeber-workspace/Catena/Release/arduino.ar(variant.cpp.o)
                              .\arduino-api\arduinoUART.cpp.o (Serial1)
C:/Users/Emanuele/Documents/sloeber-workspace/Catena/Release/arduino.ar(CDC.cpp.o)
                              .\arduino-api\arduinoUART.cpp.o (Serial_::write(unsigned char))
C:/Users/Emanuele/Documents/sloeber-workspace/Catena/Release/arduino.ar(USBCore.cpp.o)
                              .\sloeber.ino.cpp.o (USBDeviceClass::detach())
C:/Users/Emanuele/Documents/sloeber-workspace/Catena/Release/arduino.ar(Print.cpp.o)
                              .\libraries\Wire\Wire.cpp.o (Print::write(unsigned char const*, unsigned int))
C:/Users/Emanuele/Documents/sloeber-workspace/Catena/Release/arduino.ar(Reset.cpp.o)
                              C:/Users/Emanuele/Documents/sloeber-workspace/Catena/Release/arduino.ar(CDC.cpp.o) (initiateReset)
C:/Users/Emanuele/Documents/sloeber-workspace/Catena/Release/arduino.ar(RingBuffer.cpp.o)
                              .\libraries\Wire\Wire.cpp.o (RingBuffer::RingBuffer())
C:/Users/Emanuele/Documents/sloeber-workspace/Catena/Release/arduino.ar(SERCOM.cpp.o)
                              C:/Users/Emanuele/Documents/sloeber-workspace/Catena/Release/arduino.ar(variant.cpp.o) (SERCOM::SERCOM(Sercom*))
C:/Users/Emanuele/Documents/sloeber-workspace/Catena/Release/arduino.ar(Uart.cpp.o)
                              .\arduino-api\arduinoUART.cpp.o (Uart::begin(unsigned long))
C:/Users/Emanuele/Documents/sloeber-workspace/Catena/Release/arduino.ar(abi.cpp.o)
                              .\libraries\Wire\Wire.cpp.o (__cxa_pure_virtual)
C:/Users/Emanuele/Documents/sloeber-workspace/Catena/Release/arduino.ar(cortex_handlers.c.o)
                              (Reset_Handler)
C:/Users/Emanuele/Documents/sloeber-workspace/Catena/Release/arduino.ar(delay.c.o)
                              .\libraries\DallasTemperature\DallasTemperature.cpp.o (millis)
C:/Users/Emanuele/Documents/sloeber-workspace/Catena/Release/arduino.ar(hooks.c.o)
                              C:/Users/Emanuele/Documents/sloeber-workspace/Catena/Release/arduino.ar(delay.c.o) (yield)
C:/Users/Emanuele/Documents/sloeber-workspace/Catena/Release/arduino.ar(main.cpp.o)
                              c:/program files/sloeber/arduinoplugin/packages/arduino/tools/arm-none-eabi-gcc/4.8.3-2014q1/bin/../lib/gcc/arm-none-eabi/4.8.3/../../../../arm-none-eabi/lib/armv6-m/crt0.o (main)
C:/Users/Emanuele/Documents/sloeber-workspace/Catena/Release/arduino.ar(new.cpp.o)
                              C:/Users/Emanuele/Documents/sloeber-workspace/Catena/Release/arduino.ar(USBCore.cpp.o) (operator new(unsigned int))
C:/Users/Emanuele/Documents/sloeber-workspace/Catena/Release/arduino.ar(startup.c.o)
                              C:/Users/Emanuele/Documents/sloeber-workspace/Catena/Release/arduino.ar(cortex_handlers.c.o) (SystemInit)
C:/Users/Emanuele/Documents/sloeber-workspace/Catena/Release/arduino.ar(wiring.c.o)
                              C:/Users/Emanuele/Documents/sloeber-workspace/Catena/Release/arduino.ar(main.cpp.o) (init)
C:/Users/Emanuele/Documents/sloeber-workspace/Catena/Release/arduino.ar(wiring_analog.c.o)
                              .\sloeber.ino.cpp.o (analogReadResolution)
C:/Users/Emanuele/Documents/sloeber-workspace/Catena/Release/arduino.ar(wiring_digital.c.o)
                              .\sloeber.ino.cpp.o (pinMode)
C:/Users/Emanuele/Documents/sloeber-workspace/Catena/Release/arduino.ar(wiring_private.c.o)
                              .\libraries\Wire\Wire.cpp.o (pinPeripheral)
C:/Users/Emanuele/Documents/sloeber-workspace/Catena/Release/arduino.ar(PluggableUSB.cpp.o)
                              C:/Users/Emanuele/Documents/sloeber-workspace/Catena/Release/arduino.ar(USBCore.cpp.o) (PluggableUSB_::getInterface(unsigned char*))
c:/program files/sloeber/arduinoplugin/packages/arduino/tools/arm-none-eabi-gcc/4.8.3-2014q1/bin/../lib/gcc/arm-none-eabi/4.8.3/../../../../arm-none-eabi/lib/armv6-m\libm.a(lib_a-s_fpclassify.o)
                              C:/Users/Emanuele/Documents/sloeber-workspace/Catena/Release/arduino.ar(Print.cpp.o) (__fpclassifyd)
c:/program files/sloeber/arduinoplugin/packages/arduino/tools/arm-none-eabi-gcc/4.8.3-2014q1/bin/../lib/gcc/arm-none-eabi/4.8.3/armv6-m\libgcc.a(_thumb1_case_uqi.o)
                              .\arduinoLoRaWAN\arduinoLoRaWAN.cpp.o (__gnu_thumb1_case_uqi)
c:/program files/sloeber/arduinoplugin/packages/arduino/tools/arm-none-eabi-gcc/4.8.3-2014q1/bin/../lib/gcc/arm-none-eabi/4.8.3/armv6-m\libgcc.a(_udivsi3.o)
                              .\Adafruit_ASFcore\gclk.c.o (__aeabi_uidiv)
c:/program files/sloeber/arduinoplugin/packages/arduino/tools/arm-none-eabi-gcc/4.8.3-2014q1/bin/../lib/gcc/arm-none-eabi/4.8.3/armv6-m\libgcc.a(_divsi3.o)
[...]
Memory Configuration

Name             Origin             Length             Attributes
FLASH            0x00002000         0x0003e000         xr
RAM              0x20000000         0x00008000         xrw
*default*        0x00000000         0xffffffff

Linker script and memory map

LOAD c:/program files/sloeber/arduinoplugin/packages/arduino/tools/arm-none-eabi-gcc/4.8.3-2014q1/bin/../lib/gcc/arm-none-eabi/4.8.3/armv6-m/crti.o
LOAD c:/program files/sloeber/arduinoplugin/packages/arduino/tools/arm-none-eabi-gcc/4.8.3-2014q1/bin/../lib/gcc/arm-none-eabi/4.8.3/armv6-m/crtbegin.o
LOAD c:/program files/sloeber/arduinoplugin/packages/arduino/tools/arm-none-eabi-gcc/4.8.3-2014q1/bin/../lib/gcc/arm-none-eabi/4.8.3/../../../../arm-none-eabi/lib/armv6-m/crt0.o
LOAD .\sloeber.ino.cpp.o
LOAD .\libraries\Wire\Wire.cpp.o
LOAD .\libraries\RTCZero\src\RTCZero.cpp.o
LOAD .\libraries\OneWire\OneWire.cpp.o
LOAD .\libraries\DallasTemperature\DallasTemperature.cpp.o
LOAD .\libraries\Adafruit_SleepyDog_Library\utility\WatchdogAVR.cpp.o
LOAD .\libraries\Adafruit_SleepyDog_Library\utility\WatchdogKinetisK.cpp.o
LOAD .\libraries\Adafruit_SleepyDog_Library\utility\WatchdogKinetisL.cpp.o
LOAD .\libraries\Adafruit_SleepyDog_Library\utility\WatchdogSAMD.cpp.o
LOAD .\libraries\Adafruit_SleepyDog_Library\Adafruit_SleepyDog.cpp.o
LOAD .\arduinoLoRaWAN\arduinoLoRaWAN.cpp.o
LOAD .\arduinoLoRaWAN\configLoRaWAN.cpp.o
LOAD .\arduino-api\arduinoUART.cpp.o
LOAD .\Adafruit_ASFcore\interrupt\interrupt_sam_nvic.c.o
LOAD .\Adafruit_ASFcore\gclk.c.o
LOAD .\Adafruit_ASFcore\i2s.c.o
LOAD .\Adafruit_ASFcore\pinmux.c.o
LOAD .\Adafruit_ASFcore\system.c.o
LOAD .\Adafruit_ASFcore\tc.c.o
LOAD .\Adafruit_ASFcore\tc_interrupt.c.o
LOAD .\Adafruit_ASFcore\wdt.c.o
START GROUP
LOAD C:\Program Files\sloeber\/arduinoPlugin/packages/arduino/tools/CMSIS/4.5.0/CMSIS/Lib/GCC/\libarm_cortexM0l_math.a
LOAD c:/program files/sloeber/arduinoplugin/packages/arduino/tools/arm-none-eabi-gcc/4.8.3-2014q1/bin/../lib/gcc/arm-none-eabi/4.8.3/../../../../arm-none-eabi/lib/armv6-m\libm.a
LOAD C:/Users/Emanuele/Documents/sloeber-workspace/Catena/Release/arduino.ar
END GROUP
START GROUP
LOAD c:/program files/sloeber/arduinoplugin/packages/arduino/tools/arm-none-eabi-gcc/4.8.3-2014q1/bin/../lib/gcc/arm-none-eabi/4.8.3/armv6-m\libgcc.a
LOAD c:/program files/sloeber/arduinoplugin/packages/arduino/tools/arm-none-eabi-gcc/4.8.3-2014q1/bin/../lib/gcc/arm-none-eabi/4.8.3/../../../../arm-none-eabi/lib/armv6-m\libc_s.a
END GROUP
START GROUP
LOAD c:/program files/sloeber/arduinoplugin/packages/arduino/tools/arm-none-eabi-gcc/4.8.3-2014q1/bin/../lib/gcc/arm-none-eabi/4.8.3/armv6-m\libgcc.a
LOAD c:/program files/sloeber/arduinoplugin/packages/arduino/tools/arm-none-eabi-gcc/4.8.3-2014q1/bin/../lib/gcc/arm-none-eabi/4.8.3/../../../../arm-none-eabi/lib/armv6-m\libc_s.a
LOAD c:/program files/sloeber/arduinoplugin/packages/arduino/tools/arm-none-eabi-gcc/4.8.3-2014q1/bin/../lib/gcc/arm-none-eabi/4.8.3/../../../../arm-none-eabi/lib/armv6-m\libnosys.a
END GROUP
START GROUP
LOAD c:/program files/sloeber/arduinoplugin/packages/arduino/tools/arm-none-eabi-gcc/4.8.3-2014q1/bin/../lib/gcc/arm-none-eabi/4.8.3/armv6-m\libgcc.a
LOAD c:/program files/sloeber/arduinoplugin/packages/arduino/tools/arm-none-eabi-gcc/4.8.3-2014q1/bin/../lib/gcc/arm-none-eabi/4.8.3/../../../../arm-none-eabi/lib/armv6-m\libc_s.a
LOAD c:/program files/sloeber/arduinoplugin/packages/arduino/tools/arm-none-eabi-gcc/4.8.3-2014q1/bin/../lib/gcc/arm-none-eabi/4.8.3/../../../../arm-none-eabi/lib/armv6-m\libnosys.a
END GROUP
LOAD c:/program files/sloeber/arduinoplugin/packages/arduino/tools/arm-none-eabi-gcc/4.8.3-2014q1/bin/../lib/gcc/arm-none-eabi/4.8.3/armv6-m/crtend.o
LOAD c:/program files/sloeber/arduinoplugin/packages/arduino/tools/arm-none-eabi-gcc/4.8.3-2014q1/bin/../lib/gcc/arm-none-eabi/4.8.3/armv6-m/crtn.o

.text           0x00002000     0x7cfc
                0x00002000                __text_start__ = .
 *(.sketch_boot)
                0x00002000                . = ALIGN (0x2000)
 *(.isr_vector)
 .isr_vector    0x00002000       0xb4 C:/Users/Emanuele/Documents/sloeber-workspace/Catena/Release/arduino.ar(cortex_handlers.c.o)
                0x00002000                exception_table
 *(.text*)
 .text          0x000020b4       0x60 c:/program files/sloeber/arduinoplugin/packages/arduino/tools/arm-none-eabi-gcc/4.8.3-2014q1/bin/../lib/gcc/arm-none-eabi/4.8.3/armv6-m/crtbegin.o
 .text._Z10alarmMatchv
                0x00002114        0x2 .\sloeber.ino.cpp.o
                0x00002114                alarmMatch()
 *fill*         0x00002116        0x2 
 .text.loop     0x00002118      0x318 .\sloeber.ino.cpp.o
                0x00002118                loop
 .text._Z12printAddressPh
                0x00002430       0x30 .\sloeber.ino.cpp.o
                0x00002430                printAddress(unsigned char*)
 .text.setup    0x00002460      0x228 .\sloeber.ino.cpp.o
                0x00002460                setup
 .text.startup._GLOBAL__sub_I_rtc
                0x00002688       0x5c .\sloeber.ino.cpp.o
 .text._ZN7TwoWire5writeEPKhj
                0x000026e4       0x24 .\libraries\Wire\Wire.cpp.o
                0x000026e4                TwoWire::write(unsigned char const*, unsigned int)
 .text._ZN7TwoWire5flushEv
                0x00002708        0x2 .\libraries\Wire\Wire.cpp.o
                0x00002708                TwoWire::flush()
 .text._ZN7TwoWire4readEv
                0x0000270a        0xa .\libraries\Wire\Wire.cpp.o
                0x0000270a                TwoWire::read()
 .text._ZN7TwoWire9availableEv
                0x00002714        0xa .\libraries\Wire\Wire.cpp.o
                0x00002714                TwoWire::available()
 .text._ZN7TwoWire5writeEh
                0x0000271e       0x28 .\libraries\Wire\Wire.cpp.o
                0x0000271e                TwoWire::write(unsigned char)
 .text._ZN7TwoWire4peekEv
                0x00002746        0xa .\libraries\Wire\Wire.cpp.o
                0x00002746                TwoWire::peek()
 .text._ZN7TwoWireC2EP6SERCOMhh
                0x00002750       0x3c .\libraries\Wire\Wire.cpp.o
                0x00002750                TwoWire::TwoWire(SERCOM*, unsigned char, unsigned char)
                0x00002750                TwoWire::TwoWire(SERCOM*, unsigned char, unsigned char)
 .text._ZN7TwoWire9onServiceEv
                0x0000278c      0x104 .\libraries\Wire\Wire.cpp.o
                0x0000278c                TwoWire::onService()
 .text.SERCOM3_Handler
                0x00002890       0x10 .\libraries\Wire\Wire.cpp.o
                0x00002890                SERCOM3_Handler
 .text.startup._GLOBAL__sub_I__ZN7TwoWireC2EP6SERCOMhh
                0x000028a0       0x18 .\libraries\Wire\Wire.cpp.o
 .text._ZN7RTCZeroC2Ev
                0x000028b8        0x6 .\libraries\RTCZero\src\RTCZero.cpp.o
                0x000028b8                RTCZero::RTCZero()
                0x000028b8                RTCZero::RTCZero()
 *fill*         0x000028be        0x2 
 .text.RTC_Handler
                0x000028c0       0x1c .\libraries\RTCZero\src\RTCZero.cpp.o
                0x000028c0                RTC_Handler
 .text._ZN7RTCZero11enableAlarmENS_11Alarm_MatchE
                0x000028dc       0x24 .\libraries\RTCZero\src\RTCZero.cpp.o
                0x000028dc                RTCZero::enableAlarm(RTCZero::Alarm_Match)
 .text._ZN7RTCZero15attachInterruptEPFvvE
                0x00002900        0xc .\libraries\RTCZero\src\RTCZero.cpp.o
                0x00002900                RTCZero::attachInterrupt(void (*)())
 .text._ZN7RTCZero11standbyModeEv
                0x0000290c       0x14 .\libraries\RTCZero\src\RTCZero.cpp.o
                0x0000290c                RTCZero::standbyMode()
 .text._ZN7RTCZero15getAlarmMinutesEv
                0x00002920       0x10 .\libraries\RTCZero\src\RTCZero.cpp.o
                0x00002920                RTCZero::getAlarmMinutes()
 .text._ZN7RTCZero10setSecondsEh
                0x00002930       0x24 .\libraries\RTCZero\src\RTCZero.cpp.o
                0x00002930                RTCZero::setSeconds(unsigned char)
 .text._ZN7RTCZero10setMinutesEh
                0x00002954       0x28 .\libraries\RTCZero\src\RTCZero.cpp.o
                0x00002954                RTCZero::setMinutes(unsigned char)
 .text._ZN7RTCZero8setHoursEh
                0x0000297c       0x28 .\libraries\RTCZero\src\RTCZero.cpp.o
                0x0000297c                RTCZero::setHours(unsigned char)
 .text._ZN7RTCZero7setTimeEhhh
                0x000029a4       0x26 .\libraries\RTCZero\src\RTCZero.cpp.o
                0x000029a4                RTCZero::setTime(unsigned char, unsigned char, unsigned char)
 *fill*         0x000029ca        0x2 
 .text._ZN7RTCZero6setDayEh
                0x000029cc       0x28 .\libraries\RTCZero\src\RTCZero.cpp.o
                0x000029cc                RTCZero::setDay(unsigned char)
 .text._ZN7RTCZero8setMonthEh
                0x000029f4       0x28 .\libraries\RTCZero\src\RTCZero.cpp.o
                0x000029f4                RTCZero::setMonth(unsigned char)
 .text._ZN7RTCZero7setYearEh
                0x00002a1c       0x20 .\libraries\RTCZero\src\RTCZero.cpp.o
                0x00002a1c                RTCZero::setYear(unsigned char)
 .text._ZN7RTCZero7setDateEhhh
                0x00002a3c       0x24 .\libraries\RTCZero\src\RTCZero.cpp.o
                0x00002a3c                RTCZero::setDate(unsigned char, unsigned char, unsigned char)
 .text._ZN7RTCZero15setAlarmMinutesEh
                0x00002a60       0x28 .\libraries\RTCZero\src\RTCZero.cpp.o
                0x00002a60                RTCZero::setAlarmMinutes(unsigned char)
 .text._ZN7RTCZero14configureClockEv
                0x00002a88       0x3c .\libraries\RTCZero\src\RTCZero.cpp.o
                0x00002a88                RTCZero::configureClock()
 .text._ZN7RTCZero10RTCdisableEv
                0x00002ac4       0x18 .\libraries\RTCZero\src\RTCZero.cpp.o
                0x00002ac4                RTCZero::RTCdisable()
 .text._ZN7RTCZero9RTCenableEv
                0x00002adc       0x18 .\libraries\RTCZero\src\RTCZero.cpp.o
                0x00002adc                RTCZero::RTCenable()
 .text._ZN7RTCZero8RTCresetEv
                0x00002af4       0x18 .\libraries\RTCZero\src\RTCZero.cpp.o
                0x00002af4                RTCZero::RTCreset()
 .text._ZN7RTCZero14RTCresetRemoveEv
                0x00002b0c       0x18 .\libraries\RTCZero\src\RTCZero.cpp.o
                0x00002b0c                RTCZero::RTCresetRemove()
 .text._ZN7RTCZero5beginEb
                0x00002b24       0xd0 .\libraries\RTCZero\src\RTCZero.cpp.o
                0x00002b24                RTCZero::begin(bool)
 .text._ZN7OneWire5resetEv
                0x00002bf4       0x52 .\libraries\OneWire\OneWire.cpp.o
                0x00002bf4                OneWire::reset()
 .text._ZN7OneWire9write_bitEh
                0x00002c46       0x36 .\libraries\OneWire\OneWire.cpp.o
                0x00002c46                OneWire::write_bit(unsigned char)
 .text._ZN7OneWire8read_bitEv
                0x00002c7c       0x2e .\libraries\OneWire\OneWire.cpp.o
                0x00002c7c                OneWire::read_bit()
 .text._ZN7OneWire5writeEhh
                0x00002caa       0x3c .\libraries\OneWire\OneWire.cpp.o
                0x00002caa                OneWire::write(unsigned char, unsigned char)
 .text._ZN7OneWire4readEv
                0x00002ce6       0x24 .\libraries\OneWire\OneWire.cpp.o
                0x00002ce6                OneWire::read()
 .text._ZN7OneWire6selectEPKh
                0x00002d0a       0x22 .\libraries\OneWire\OneWire.cpp.o
                0x00002d0a                OneWire::select(unsigned char const*)
 .text._ZN7OneWire4skipEv
                0x00002d2c        0xc .\libraries\OneWire\OneWire.cpp.o
                0x00002d2c                OneWire::skip()
 .text._ZN7OneWire12reset_searchEv
                0x00002d38       0x1a .\libraries\OneWire\OneWire.cpp.o
                0x00002d38                OneWire::reset_search()
 *fill*         0x00002d52        0x2 
 .text._ZN7OneWireC2Eh
                0x00002d54       0x3c .\libraries\OneWire\OneWire.cpp.o
                0x00002d54                OneWire::OneWire(unsigned char)
                0x00002d54                OneWire::OneWire(unsigned char)
 .text._ZN7OneWire6searchEPhb
                0x00002d90       0xec .\libraries\OneWire\OneWire.cpp.o
                0x00002d90                OneWire::search(unsigned char*, bool)
 .text._ZN7OneWire4crc8EPKhh
                0x00002e7c       0x20 .\libraries\OneWire\OneWire.cpp.o
                0x00002e7c                OneWire::crc8(unsigned char const*, unsigned char)
 .text._ZN17DallasTemperature11validFamilyEPKh
                0x00002e9c       0x22 .\libraries\DallasTemperature\DallasTemperature.cpp.o
                0x00002e9c                DallasTemperature::validFamily(unsigned char const*)
 .text._ZN17DallasTemperature10setOneWireEP7OneWire
                0x00002ebe       0x16 .\libraries\DallasTemperature\DallasTemperature.cpp.o
                0x00002ebe                DallasTemperature::setOneWire(OneWire*)
 .text._ZN17DallasTemperatureC2EP7OneWire
                0x00002ed4       0x10 .\libraries\DallasTemperature\DallasTemperature.cpp.o
                0x00002ed4                DallasTemperature::DallasTemperature(OneWire*)
                0x00002ed4                DallasTemperature::DallasTemperature(OneWire*)
 .text._ZN17DallasTemperature12validAddressEPKh
                0x00002ee4       0x18 .\libraries\DallasTemperature\DallasTemperature.cpp.o
                0x00002ee4                DallasTemperature::validAddress(unsigned char const*)
 .text._ZN17DallasTemperature10getAddressEPhh
                0x00002efc       0x3a .\libraries\DallasTemperature\DallasTemperature.cpp.o
                0x00002efc                DallasTemperature::getAddress(unsigned char*, unsigned char)
 .text._ZN17DallasTemperature14readScratchPadEPKhPh
                0x00002f36       0x46 .\libraries\DallasTemperature\DallasTemperature.cpp.o
                0x00002f36                DallasTemperature::readScratchPad(unsigned char const*, unsigned char*)
 .text._ZN17DallasTemperature11isConnectedEPKhPh
                0x00002f7c       0x24 .\libraries\DallasTemperature\DallasTemperature.cpp.o
                0x00002f7c                DallasTemperature::isConnected(unsigned char const*, unsigned char*)
 .text._ZN17DallasTemperature15writeScratchPadEPKhS1_
                0x00002fa0       0x76 .\libraries\DallasTemperature\DallasTemperature.cpp.o
                0x00002fa0                DallasTemperature::writeScratchPad(unsigned char const*, unsigned char const*)
 .text._ZN17DallasTemperature15readPowerSupplyEPKh
                0x00003016       0x34 .\libraries\DallasTemperature\DallasTemperature.cpp.o
                0x00003016                DallasTemperature::readPowerSupply(unsigned char const*)
 .text._ZN17DallasTemperature13getResolutionEPKh
                0x0000304a       0x40 .\libraries\DallasTemperature\DallasTemperature.cpp.o
                0x0000304a                DallasTemperature::getResolution(unsigned char const*)
 .text._ZN17DallasTemperature5beginEv
                0x0000308a       0x78 .\libraries\DallasTemperature\DallasTemperature.cpp.o
                0x0000308a                DallasTemperature::begin()
 .text._ZN17DallasTemperature13setResolutionEPKhhb
                0x00003102       0xb6 .\libraries\DallasTemperature\DallasTemperature.cpp.o
                0x00003102                DallasTemperature::setResolution(unsigned char const*, unsigned char, bool)
 .text._ZN17DallasTemperature20isConversionCompleteEv
                0x000031b8       0x12 .\libraries\DallasTemperature\DallasTemperature.cpp.o
                0x000031b8                DallasTemperature::isConversionComplete()
 *fill*         0x000031ca        0x2 
 .text._ZN17DallasTemperature27blockTillConversionCompleteEh
                0x000031cc       0x50 .\libraries\DallasTemperature\DallasTemperature.cpp.o
                0x000031cc                DallasTemperature::blockTillConversionComplete(unsigned char)
 .text._ZN17DallasTemperature19requestTemperaturesEv
                0x0000321c       0x2a .\libraries\DallasTemperature\DallasTemperature.cpp.o
                0x0000321c                DallasTemperature::requestTemperatures()
 .text._ZN17DallasTemperature20calculateTemperatureEPKhPh
                0x00003246       0x30 .\libraries\DallasTemperature\DallasTemperature.cpp.o
                0x00003246                DallasTemperature::calculateTemperature(unsigned char const*, unsigned char*)
 *fill*         0x00003276        0x2 
 .text._ZN17DallasTemperature7getTempEPKh
                0x00003278       0x2c .\libraries\DallasTemperature\DallasTemperature.cpp.o
                0x00003278                DallasTemperature::getTemp(unsigned char const*)
 .text._ZN12WatchdogSAMD5resetEv
                0x000032a4       0x14 .\libraries\Adafruit_SleepyDog_Library\utility\WatchdogSAMD.cpp.o
                0x000032a4                WatchdogSAMD::reset()
 .text._ZN12WatchdogSAMD7disableEv
                0x000032b8       0x18 .\libraries\Adafruit_SleepyDog_Library\utility\WatchdogSAMD.cpp.o
                0x000032b8                WatchdogSAMD::disable()
 .text.WDT_Handler
                0x000032d0       0x20 .\libraries\Adafruit_SleepyDog_Library\utility\WatchdogSAMD.cpp.o
                0x000032d0                WDT_Handler
 .text._ZN12WatchdogSAMD15_initialize_wdtEv
                0x000032f0       0x58 .\libraries\Adafruit_SleepyDog_Library\utility\WatchdogSAMD.cpp.o
                0x000032f0                WatchdogSAMD::_initialize_wdt()
 .text._ZN12WatchdogSAMD6enableEib
                0x00003348      0x158 .\libraries\Adafruit_SleepyDog_Library\utility\WatchdogSAMD.cpp.o
                0x00003348                WatchdogSAMD::enable(int, bool)
 .text.startup._GLOBAL__sub_I_Watchdog
                0x000034a0        0xc .\libraries\Adafruit_SleepyDog_Library\Adafruit_SleepyDog.cpp.o
 .text._ZN14arduinoLoRaWAN11printAnswerEh
                0x000034ac       0x7c .\arduinoLoRaWAN\arduinoLoRaWAN.cpp.o
                0x000034ac                arduinoLoRaWAN::printAnswer(unsigned char)
 .text._ZN14arduinoLoRaWAN5checkEv
                0x00003528       0xb0 .\arduinoLoRaWAN\arduinoLoRaWAN.cpp.o
                0x00003528                arduinoLoRaWAN::check()
 .text._ZN14arduinoLoRaWAN2ONEh
                0x000035d8       0x32 .\arduinoLoRaWAN\arduinoLoRaWAN.cpp.o
                0x000035d8                arduinoLoRaWAN::ON(unsigned char)
 *fill*         0x0000360a        0x2 
 .text._ZN14arduinoLoRaWAN15setBatteryLevelEh
                0x0000360c       0x7c .\arduinoLoRaWAN\arduinoLoRaWAN.cpp.o
                0x0000360c                arduinoLoRaWAN::setBatteryLevel(unsigned char)
 .text._ZN14arduinoLoRaWAN11setDataRateEh
                0x00003688       0xa4 .\arduinoLoRaWAN\arduinoLoRaWAN.cpp.o
                0x00003688                arduinoLoRaWAN::setDataRate(unsigned char)
 .text._ZN14arduinoLoRaWAN8joinOTAAEv
                0x0000372c       0xd4 .\arduinoLoRaWAN\arduinoLoRaWAN.cpp.o
                0x0000372c                arduinoLoRaWAN::joinOTAA()
 .text._ZN14arduinoLoRaWAN13sendConfirmedEhPc
                0x00003800      0x1b0 .\arduinoLoRaWAN\arduinoLoRaWAN.cpp.o
                0x00003800                arduinoLoRaWAN::sendConfirmed(unsigned char, char*)
 .text._ZN14arduinoLoRaWAN6setADREPc
                0x000039b0       0xc4 .\arduinoLoRaWAN\arduinoLoRaWAN.cpp.o
                0x000039b0                arduinoLoRaWAN::setADR(char*)
 .text._ZN14arduinoLoRaWAN10setRetriesEh
                0x00003a74       0x80 .\arduinoLoRaWAN\arduinoLoRaWAN.cpp.o
                0x00003a74                arduinoLoRaWAN::setRetries(unsigned char)
 .text._ZN14arduinoLoRaWAN5sleepEy
                0x00003af4       0x74 .\arduinoLoRaWAN\arduinoLoRaWAN.cpp.o
                0x00003af4                arduinoLoRaWAN::sleep(unsigned long long)
 .text._ZN14arduinoLoRaWAN6wakeUPEv
                0x00003b68       0x58 .\arduinoLoRaWAN\arduinoLoRaWAN.cpp.o
                0x00003b68                arduinoLoRaWAN::wakeUP()
 .text.startup._GLOBAL__sub_I__ZN14arduinoLoRaWAN11printAnswerEh
                0x00003bc0       0x30 .\arduinoLoRaWAN\arduinoLoRaWAN.cpp.o
 .text._ZN11arduinoUART4findEPhtPc
                0x00003bf0       0x3c .\arduino-api\arduinoUART.cpp.o
                0x00003bf0                arduinoUART::find(unsigned char*, unsigned short, char*)
 .text.beginSerial
                0x00003c2c       0x24 .\arduino-api\arduinoUART.cpp.o
                0x00003c2c                beginSerial
 .text._ZN11arduinoUART9beginUARTEv
                0x00003c50        0xe .\arduino-api\arduinoUART.cpp.o
                0x00003c50                arduinoUART::beginUART()
 *fill*         0x00003c5e        0x2 
 .text.serialWrite
                0x00003c60       0x24 .\arduino-api\arduinoUART.cpp.o
                0x00003c60                serialWrite
 .text.printString
                0x00003c84       0x18 .\arduino-api\arduinoUART.cpp.o
                0x00003c84                printString
 .text.serialAvailable
                0x00003c9c       0x20 .\arduino-api\arduinoUART.cpp.o
                0x00003c9c                serialAvailable
 .text.serialRead
                0x00003cbc       0x20 .\arduino-api\arduinoUART.cpp.o
                0x00003cbc                serialRead
 .text._ZN11arduinoUART7waitForEPcS0_S0_S0_m
                0x00003cdc       0xda .\arduino-api\arduinoUART.cpp.o
                0x00003cdc                arduinoUART::waitFor(char*, char*, char*, char*, unsigned long)
 .text._ZN11arduinoUART7waitForEPcm
                0x00003db6       0x10 .\arduino-api\arduinoUART.cpp.o
                0x00003db6                arduinoUART::waitFor(char*, unsigned long)
 .text._ZN11arduinoUART7waitForEPcS0_m
                0x00003dc6       0x10 .\arduino-api\arduinoUART.cpp.o
                0x00003dc6                arduinoUART::waitFor(char*, char*, unsigned long)
 *fill*         0x00003dd6        0x2 
 .text.serialFlush
                0x00003dd8       0x48 .\arduino-api\arduinoUART.cpp.o
                0x00003dd8                serialFlush
 .text._ZN11arduinoUART11sendCommandEPcS0_S0_S0_S0_m
                0x00003e20       0xf4 .\arduino-api\arduinoUART.cpp.o
                0x00003e20                arduinoUART::sendCommand(char*, char*, char*, char*, char*, unsigned long)
 .text._ZN11arduinoUART11sendCommandEPcS0_S0_m
                0x00003f14       0x14 .\arduino-api\arduinoUART.cpp.o
                0x00003f14                arduinoUART::sendCommand(char*, char*, char*, unsigned long)
 .text._ZN11arduinoUART11sendCommandEPcS0_S0_S0_m
                0x00003f28       0x16 .\arduino-api\arduinoUART.cpp.o
                0x00003f28                arduinoUART::sendCommand(char*, char*, char*, char*, unsigned long)
 .text._ZN11arduinoUART11sendCommandEPht
                0x00003f3e       0x32 .\arduino-api\arduinoUART.cpp.o
                0x00003f3e                arduinoUART::sendCommand(unsigned char*, unsigned short)
 .text._tc_interrupt_handler
                0x00003f70       0x5c .\Adafruit_ASFcore\tc_interrupt.c.o
                0x00003f70                _tc_interrupt_handler
 .text.TC3_Handler
                0x00003fcc        0xa .\Adafruit_ASFcore\tc_interrupt.c.o
                0x00003fcc                TC3_Handler
 .text.TC4_Handler
                0x00003fd6        0xa .\Adafruit_ASFcore\tc_interrupt.c.o
                0x00003fd6                TC4_Handler
 .text.TC5_Handler
                0x00003fe0        0xa .\Adafruit_ASFcore\tc_interrupt.c.o
                0x00003fe0                TC5_Handler
 *fill*         0x00003fea        0x2 
 .text.SERCOM0_Handler
                0x00003fec       0x10 C:/Users/Emanuele/Documents/sloeber-workspace/Catena/Release/arduino.ar(variant.cpp.o)
                0x00003fec                SERCOM0_Handler
 .text.SERCOM5_Handler
                0x00003ffc       0x10 C:/Users/Emanuele/Documents/sloeber-workspace/Catena/Release/arduino.ar(variant.cpp.o)
                0x00003ffc                SERCOM5_Handler
 .text.startup._GLOBAL__sub_I_g_APinDescription
                0x0000400c       0x94 C:/Users/Emanuele/Documents/sloeber-workspace/Catena/Release/arduino.ar(variant.cpp.o)
 .text._ZN7Serial_17availableForWriteEv
                0x000040a0        0x4 C:/Users/Emanuele/Documents/sloeber-workspace/Catena/Release/arduino.ar(CDC.cpp.o)
                0x000040a0                Serial_::availableForWrite()
 .text._ZN7Serial_5writeEh
                0x000040a4       0x14 C:/Users/Emanuele/Documents/sloeber-workspace/Catena/Release/arduino.ar(CDC.cpp.o)
                0x000040a4                Serial_::write(unsigned char)
 .text._ZN7Serial_9availableEv
                0x000040b8        0xc C:/Users/Emanuele/Documents/sloeber-workspace/Catena/Release/arduino.ar(CDC.cpp.o)
                0x000040b8                Serial_::available()
 .text._ZN7Serial_5flushEv
                0x000040c4        0xc C:/Users/Emanuele/Documents/sloeber-workspace/Catena/Release/arduino.ar(CDC.cpp.o)
                0x000040c4                Serial_::flush()
 .text._ZN7Serial_5writeEPKhj
                0x000040d0       0x1c C:/Users/Emanuele/Documents/sloeber-workspace/Catena/Release/arduino.ar(CDC.cpp.o)
                0x000040d0                Serial_::write(unsigned char const*, unsigned int)
 .text._ZN7Serial_4peekEv
                0x000040ec       0x1c C:/Users/Emanuele/Documents/sloeber-workspace/Catena/Release/arduino.ar(CDC.cpp.o)
                0x000040ec                Serial_::peek()
 .text._ZN7Serial_4readEv
                0x00004108       0x24 C:/Users/Emanuele/Documents/sloeber-workspace/Catena/Release/arduino.ar(CDC.cpp.o)
                0x00004108                Serial_::read()
 .text._Z16CDC_GetInterfacePh
                0x0000412c       0x1c C:/Users/Emanuele/Documents/sloeber-workspace/Catena/Release/arduino.ar(CDC.cpp.o)
                0x0000412c                CDC_GetInterface(unsigned char*)
 .text._Z9CDC_SetupR8USBSetup
                0x00004148       0x80 C:/Users/Emanuele/Documents/sloeber-workspace/Catena/Release/arduino.ar(CDC.cpp.o)
                0x00004148                CDC_Setup(USBSetup&)
 .text._ZN7Serial_5beginEm
                0x000041c8        0x2 C:/Users/Emanuele/Documents/sloeber-workspace/Catena/Release/arduino.ar(CDC.cpp.o)
                0x000041c8                Serial_::begin(unsigned long)
 .text._ZN7Serial_3endEv
                0x000041ca        0x2 C:/Users/Emanuele/Documents/sloeber-workspace/Catena/Release/arduino.ar(CDC.cpp.o)
                0x000041ca                Serial_::end()
 .text.startup._GLOBAL__sub_I__Z17_CDC_GetInterfacev
                0x000041cc       0x28 C:/Users/Emanuele/Documents/sloeber-workspace/Catena/Release/arduino.ar(CDC.cpp.o)
 .text._ZN14USBDeviceClass6initEPEmm.part.4
                0x000041f4       0x80 C:/Users/Emanuele/Documents/sloeber-workspace/Catena/Release/arduino.ar(USBCore.cpp.o)
 .text._ZN20USBDevice_SAMD21G18x5resetEv
                0x00004274       0x28 C:/Users/Emanuele/Documents/sloeber-workspace/Catena/Release/arduino.ar(USBCore.cpp.o)
                0x00004274                USBDevice_SAMD21G18x::reset()
 .text._ZN20USBDevice_SAMD21G18x9calibrateEv
                0x0000429c       0x5c C:/Users/Emanuele/Documents/sloeber-workspace/Catena/Release/arduino.ar(USBCore.cpp.o)
                0x0000429c                USBDevice_SAMD21G18x::calibrate()
 .text._ZN7__GuardC2Ev
                0x000042f8        0xe C:/Users/Emanuele/Documents/sloeber-workspace/Catena/Release/arduino.ar(USBCore.cpp.o)
                0x000042f8                __Guard::__Guard()
                0x000042f8                __Guard::__Guard()
 .text._ZN7__GuardD2Ev
                0x00004306        0xe C:/Users/Emanuele/Documents/sloeber-workspace/Catena/Release/arduino.ar(USBCore.cpp.o)
                0x00004306                __Guard::~__Guard()
                0x00004306                __Guard::~__Guard()
 .text._ZNK26DoubleBufferedEPOutHandler9availableEv
                0x00004314       0x5e C:/Users/Emanuele/Documents/sloeber-workspace/Catena/Release/arduino.ar(USBCore.cpp.o)
                0x00004314                DoubleBufferedEPOutHandler::available() const
 *fill*         0x00004372        0x2 
 .text._ZN26DoubleBufferedEPOutHandler7releaseEv
                0x00004374       0x58 C:/Users/Emanuele/Documents/sloeber-workspace/Catena/Release/arduino.ar(USBCore.cpp.o)
                0x00004374                DoubleBufferedEPOutHandler::release()
 .text._ZN26DoubleBufferedEPOutHandler4recvEPvm
                0x000043cc      0x11c C:/Users/Emanuele/Documents/sloeber-workspace/Catena/Release/arduino.ar(USBCore.cpp.o)
                0x000043cc                DoubleBufferedEPOutHandler::recv(void*, unsigned long)
 .text._ZN26DoubleBufferedEPOutHandler14handleEndpointEv
                0x000044e8       0xc4 C:/Users/Emanuele/Documents/sloeber-workspace/Catena/Release/arduino.ar(USBCore.cpp.o)
                0x000044e8                DoubleBufferedEPOutHandler::handleEndpoint()
 .text._ZN14USBDeviceClass14SendInterfacesEPm
                0x000045ac       0x2c C:/Users/Emanuele/Documents/sloeber-workspace/Catena/Release/arduino.ar(USBCore.cpp.o)
                0x000045ac                USBDeviceClass::SendInterfaces(unsigned long*)
 .text._ZN14USBDeviceClass14handleEndpointEh
                0x000045d8       0x40 C:/Users/Emanuele/Documents/sloeber-workspace/Catena/Release/arduino.ar(USBCore.cpp.o)
                0x000045d8                USBDeviceClass::handleEndpoint(unsigned char)
 .text._ZN14USBDeviceClass4initEv
                0x00004618       0xf0 C:/Users/Emanuele/Documents/sloeber-workspace/Catena/Release/arduino.ar(USBCore.cpp.o)
                0x00004618                USBDeviceClass::init()
 .text._ZN14USBDeviceClass6attachEv
                0x00004708       0x34 C:/Users/Emanuele/Documents/sloeber-workspace/Catena/Release/arduino.ar(USBCore.cpp.o)
                0x00004708                USBDeviceClass::attach()
 .text._ZN14USBDeviceClass10setAddressEm
                0x0000473c       0x48 C:/Users/Emanuele/Documents/sloeber-workspace/Catena/Release/arduino.ar(USBCore.cpp.o)
                0x0000473c                USBDeviceClass::setAddress(unsigned long)
 .text._ZN14USBDeviceClass6detachEv
                0x00004784       0x18 C:/Users/Emanuele/Documents/sloeber-workspace/Catena/Release/arduino.ar(USBCore.cpp.o)
                0x00004784                USBDeviceClass::detach()
 .text._ZN14USBDeviceClass25handleClassInterfaceSetupER8USBSetup
                0x0000479c       0x40 C:/Users/Emanuele/Documents/sloeber-workspace/Catena/Release/arduino.ar(USBCore.cpp.o)
                0x0000479c                USBDeviceClass::handleClassInterfaceSetup(USBSetup&)
 .text._ZN14USBDeviceClass6initEPEmm
                0x000047dc      0x128 C:/Users/Emanuele/Documents/sloeber-workspace/Catena/Release/arduino.ar(USBCore.cpp.o)
                0x000047dc                USBDeviceClass::initEP(unsigned long, unsigned long)
 .text._ZN14USBDeviceClass13initEndpointsEv
                0x00004904       0x24 C:/Users/Emanuele/Documents/sloeber-workspace/Catena/Release/arduino.ar(USBCore.cpp.o)
                0x00004904                USBDeviceClass::initEndpoints()
 .text._ZN14USBDeviceClass9availableEm
                0x00004928       0x2c C:/Users/Emanuele/Documents/sloeber-workspace/Catena/Release/arduino.ar(USBCore.cpp.o)
                0x00004928                USBDeviceClass::available(unsigned long)
 .text._ZN14USBDeviceClass5flushEm
                0x00004954       0x2c C:/Users/Emanuele/Documents/sloeber-workspace/Catena/Release/arduino.ar(USBCore.cpp.o)
                0x00004954                USBDeviceClass::flush(unsigned long)
 .text._ZN14USBDeviceClass14armRecvCtrlOUTEm
                0x00004980       0x60 C:/Users/Emanuele/Documents/sloeber-workspace/Catena/Release/arduino.ar(USBCore.cpp.o)
                0x00004980                USBDeviceClass::armRecvCtrlOUT(unsigned long)
 .text._ZN14USBDeviceClass11recvControlEPvm
                0x000049e0       0x3c C:/Users/Emanuele/Documents/sloeber-workspace/Catena/Release/arduino.ar(USBCore.cpp.o)
                0x000049e0                USBDeviceClass::recvControl(void*, unsigned long)
 .text._ZN14USBDeviceClass7armRecvEm
                0x00004a1c       0x3c C:/Users/Emanuele/Documents/sloeber-workspace/Catena/Release/arduino.ar(USBCore.cpp.o)
                0x00004a1c                USBDeviceClass::armRecv(unsigned long)
 .text._ZN14USBDeviceClass4recvEmPvm
                0x00004a58       0xd8 C:/Users/Emanuele/Documents/sloeber-workspace/Catena/Release/arduino.ar(USBCore.cpp.o)
                0x00004a58                USBDeviceClass::recv(unsigned long, void*, unsigned long)
 .text._ZN14USBDeviceClass4recvEm
                0x00004b30       0x1c C:/Users/Emanuele/Documents/sloeber-workspace/Catena/Release/arduino.ar(USBCore.cpp.o)
                0x00004b30                USBDeviceClass::recv(unsigned long)
 .text._ZN14USBDeviceClass4sendEmPKvm
                0x00004b4c      0x124 C:/Users/Emanuele/Documents/sloeber-workspace/Catena/Release/arduino.ar(USBCore.cpp.o)
                0x00004b4c                USBDeviceClass::send(unsigned long, void const*, unsigned long)
 .text._ZN14USBDeviceClass7armSendEmPKvm
                0x00004c70       0x48 C:/Users/Emanuele/Documents/sloeber-workspace/Catena/Release/arduino.ar(USBCore.cpp.o)
                0x00004c70                USBDeviceClass::armSend(unsigned long, void const*, unsigned long)
 .text._ZN14USBDeviceClass11sendControlEPKvm
                0x00004cb8       0x58 C:/Users/Emanuele/Documents/sloeber-workspace/Catena/Release/arduino.ar(USBCore.cpp.o)
                0x00004cb8                USBDeviceClass::sendControl(void const*, unsigned long)
 .text._ZN14USBDeviceClass20sendStringDescriptorEPKhh
                0x00004d10       0x68 C:/Users/Emanuele/Documents/sloeber-workspace/Catena/Release/arduino.ar(USBCore.cpp.o)
                0x00004d10                USBDeviceClass::sendStringDescriptor(unsigned char const*, unsigned char)
 .text._ZN14USBDeviceClass12packMessagesEb.part.6
                0x00004d78       0x20 C:/Users/Emanuele/Documents/sloeber-workspace/Catena/Release/arduino.ar(USBCore.cpp.o)
 .text._ZN14USBDeviceClass17sendConfigurationEm
                0x00004d98       0x90 C:/Users/Emanuele/Documents/sloeber-workspace/Catena/Release/arduino.ar(USBCore.cpp.o)
                0x00004d98                USBDeviceClass::sendConfiguration(unsigned long)
 .text._ZN14USBDeviceClass14sendDescriptorER8USBSetup
                0x00004e28       0xb4 C:/Users/Emanuele/Documents/sloeber-workspace/Catena/Release/arduino.ar(USBCore.cpp.o)
                0x00004e28                USBDeviceClass::sendDescriptor(USBSetup&)
 .text._ZN14USBDeviceClass19handleStandardSetupER8USBSetup
                0x00004edc      0x118 C:/Users/Emanuele/Documents/sloeber-workspace/Catena/Release/arduino.ar(USBCore.cpp.o)
                0x00004edc                USBDeviceClass::handleStandardSetup(USBSetup&)
 .text._ZN14USBDeviceClass10ISRHandlerEv
                0x00004ff4      0x150 C:/Users/Emanuele/Documents/sloeber-workspace/Catena/Release/arduino.ar(USBCore.cpp.o)
                0x00004ff4                USBDeviceClass::ISRHandler()
 .text.UDD_Handler
                0x00005144       0x10 C:/Users/Emanuele/Documents/sloeber-workspace/Catena/Release/arduino.ar(USBCore.cpp.o)
                0x00005144                UDD_Handler
 .text.startup._GLOBAL__sub_I__ZN20USBDevice_SAMD21G18x5resetEv
                0x00005154       0x10 C:/Users/Emanuele/Documents/sloeber-workspace/Catena/Release/arduino.ar(USBCore.cpp.o)
 .text._ZN5Print5writeEPKhj
                0x00005164       0x28 C:/Users/Emanuele/Documents/sloeber-workspace/Catena/Release/arduino.ar(Print.cpp.o)
                0x00005164                Print::write(unsigned char const*, unsigned int)
 .text._ZN5Print5printEmi.part.3
                0x0000518c        0xc C:/Users/Emanuele/Documents/sloeber-workspace/Catena/Release/arduino.ar(Print.cpp.o)
 .text._ZN5Print5writeEPKc
                0x00005198       0x1c C:/Users/Emanuele/Documents/sloeber-workspace/Catena/Release/arduino.ar(Print.cpp.o)
                0x00005198                Print::write(char const*)
 .text._ZN5Print5printEPKc
                0x000051b4        0x8 C:/Users/Emanuele/Documents/sloeber-workspace/Catena/Release/arduino.ar(Print.cpp.o)
                0x000051b4                Print::print(char const*)
 .text._ZN5Print5printEc
                0x000051bc        0xa C:/Users/Emanuele/Documents/sloeber-workspace/Catena/Release/arduino.ar(Print.cpp.o)
                0x000051bc                Print::print(char)
 *fill*         0x000051c6        0x2 
 .text._ZN5Print7printlnEv
                0x000051c8       0x10 C:/Users/Emanuele/Documents/sloeber-workspace/Catena/Release/arduino.ar(Print.cpp.o)
                0x000051c8                Print::println()
 .text._ZN5Print7printlnEPKc
                0x000051d8       0x14 C:/Users/Emanuele/Documents/sloeber-workspace/Catena/Release/arduino.ar(Print.cpp.o)
                0x000051d8                Print::println(char const*)
 .text._ZN5Print7printlnEc
                0x000051ec       0x14 C:/Users/Emanuele/Documents/sloeber-workspace/Catena/Release/arduino.ar(Print.cpp.o)
                0x000051ec                Print::println(char)
 .text._ZN5Print11printNumberEmh
                0x00005200       0x4e C:/Users/Emanuele/Documents/sloeber-workspace/Catena/Release/arduino.ar(Print.cpp.o)
                0x00005200                Print::printNumber(unsigned long, unsigned char)
 .text._ZN5Print5printEli
                0x0000524e       0x3c C:/Users/Emanuele/Documents/sloeber-workspace/Catena/Release/arduino.ar(Print.cpp.o)
                0x0000524e                Print::print(long, int)
 .text._ZN5Print5printEii
                0x0000528a        0x8 C:/Users/Emanuele/Documents/sloeber-workspace/Catena/Release/arduino.ar(Print.cpp.o)
                0x0000528a                Print::print(int, int)
 .text._ZN5Print5printEmi
                0x00005292       0x14 C:/Users/Emanuele/Documents/sloeber-workspace/Catena/Release/arduino.ar(Print.cpp.o)
                0x00005292                Print::print(unsigned long, int)
 .text._ZN5Print5printEhi
                0x000052a6        0x8 C:/Users/Emanuele/Documents/sloeber-workspace/Catena/Release/arduino.ar(Print.cpp.o)
                0x000052a6                Print::print(unsigned char, int)
 *fill*         0x000052ae        0x2 
 .text.initiateReset
                0x000052b0        0xc C:/Users/Emanuele/Documents/sloeber-workspace/Catena/Release/arduino.ar(Reset.cpp.o)
                0x000052b0                initiateReset
 .text.cancelReset
                0x000052bc       0x10 C:/Users/Emanuele/Documents/sloeber-workspace/Catena/Release/arduino.ar(Reset.cpp.o)
                0x000052bc                cancelReset
 .text.tickReset
                0x000052cc       0x74 C:/Users/Emanuele/Documents/sloeber-workspace/Catena/Release/arduino.ar(Reset.cpp.o)
                0x000052cc                tickReset
 .text._ZN10RingBufferC2Ev
                0x00005340       0x1a C:/Users/Emanuele/Documents/sloeber-workspace/Catena/Release/arduino.ar(RingBuffer.cpp.o)
                0x00005340                RingBuffer::RingBuffer()
                0x00005340                RingBuffer::RingBuffer()
 .text._ZN10RingBuffer10store_charEh
                0x0000535a       0x24 C:/Users/Emanuele/Documents/sloeber-workspace/Catena/Release/arduino.ar(RingBuffer.cpp.o)
                0x0000535a                RingBuffer::store_char(unsigned char)
 .text._ZN10RingBuffer5clearEv
                0x0000537e        0xe C:/Users/Emanuele/Documents/sloeber-workspace/Catena/Release/arduino.ar(RingBuffer.cpp.o)
                0x0000537e                RingBuffer::clear()
 .text._ZN10RingBuffer9read_charEv
                0x0000538c       0x28 C:/Users/Emanuele/Documents/sloeber-workspace/Catena/Release/arduino.ar(RingBuffer.cpp.o)
                0x0000538c                RingBuffer::read_char()
 .text._ZN10RingBuffer9availableEv
                0x000053b4       0x12 C:/Users/Emanuele/Documents/sloeber-workspace/Catena/Release/arduino.ar(RingBuffer.cpp.o)
                0x000053b4                RingBuffer::available()
 .text._ZN10RingBuffer4peekEv
                0x000053c6       0x1a C:/Users/Emanuele/Documents/sloeber-workspace/Catena/Release/arduino.ar(RingBuffer.cpp.o)
                0x000053c6                RingBuffer::peek()
 .text._ZN10RingBuffer6isFullEv
                0x000053e0       0x20 C:/Users/Emanuele/Documents/sloeber-workspace/Catena/Release/arduino.ar(RingBuffer.cpp.o)
                0x000053e0                RingBuffer::isFull()
 .text._ZN6SERCOMC2EP6Sercom
                0x00005400        0x4 C:/Users/Emanuele/Documents/sloeber-workspace/Catena/Release/arduino.ar(SERCOM.cpp.o)
                0x00005400                SERCOM::SERCOM(Sercom*)
                0x00005400                SERCOM::SERCOM(Sercom*)
 .text._ZN6SERCOM9initFrameE18SercomUartCharSize15SercomDataOrder16SercomParityMode19SercomNumberStopBit
                0x00005404       0x38 C:/Users/Emanuele/Documents/sloeber-workspace/Catena/Release/arduino.ar(SERCOM.cpp.o)
                0x00005404                SERCOM::initFrame(SercomUartCharSize, SercomDataOrder, SercomParityMode, SercomNumberStopBit)
 .text._ZN6SERCOM8initPadsE15SercomUartTXPad11SercomRXPad
                0x0000543c       0x26 C:/Users/Emanuele/Documents/sloeber-workspace/Catena/Release/arduino.ar(SERCOM.cpp.o)
                0x0000543c                SERCOM::initPads(SercomUartTXPad, SercomRXPad)
 .text._ZN6SERCOM9resetUARTEv
                0x00005462       0x1c C:/Users/Emanuele/Documents/sloeber-workspace/Catena/Release/arduino.ar(SERCOM.cpp.o)
                0x00005462                SERCOM::resetUART()
 .text._ZN6SERCOM10enableUARTEv
                0x0000547e       0x14 C:/Users/Emanuele/Documents/sloeber-workspace/Catena/Release/arduino.ar(SERCOM.cpp.o)
                0x0000547e                SERCOM::enableUART()
 .text._ZN6SERCOM9flushUARTEv
                0x00005492       0x10 C:/Users/Emanuele/Documents/sloeber-workspace/Catena/Release/arduino.ar(SERCOM.cpp.o)
                0x00005492                SERCOM::flushUART()
 .text._ZN6SERCOM15clearStatusUARTEv
                0x000054a2        0x8 C:/Users/Emanuele/Documents/sloeber-workspace/Catena/Release/arduino.ar(SERCOM.cpp.o)
                0x000054a2                SERCOM::clearStatusUART()
 .text._ZN6SERCOM17availableDataUARTEv
                0x000054aa        0xa C:/Users/Emanuele/Documents/sloeber-workspace/Catena/Release/arduino.ar(SERCOM.cpp.o)
                0x000054aa                SERCOM::availableDataUART()
 .text._ZN6SERCOM11isUARTErrorEv
                0x000054b4        0x8 C:/Users/Emanuele/Documents/sloeber-workspace/Catena/Release/arduino.ar(SERCOM.cpp.o)
                0x000054b4                SERCOM::isUARTError()
 .text._ZN6SERCOM20acknowledgeUARTErrorEv
                0x000054bc        0xe C:/Users/Emanuele/Documents/sloeber-workspace/Catena/Release/arduino.ar(SERCOM.cpp.o)
                0x000054bc                SERCOM::acknowledgeUARTError()
 .text._ZN6SERCOM12readDataUARTEv
                0x000054ca        0x8 C:/Users/Emanuele/Documents/sloeber-workspace/Catena/Release/arduino.ar(SERCOM.cpp.o)
                0x000054ca                SERCOM::readDataUART()
 .text._ZN6SERCOM13writeDataUARTEh
                0x000054d2        0xe C:/Users/Emanuele/Documents/sloeber-workspace/Catena/Release/arduino.ar(SERCOM.cpp.o)
                0x000054d2                SERCOM::writeDataUART(unsigned char)
 .text._ZN6SERCOM18prepareNackBitWIREEv
                0x000054e0       0x10 C:/Users/Emanuele/Documents/sloeber-workspace/Catena/Release/arduino.ar(SERCOM.cpp.o)
                0x000054e0                SERCOM::prepareNackBitWIRE()
 .text._ZN6SERCOM17prepareAckBitWIREEv
                0x000054f0       0x14 C:/Users/Emanuele/Documents/sloeber-workspace/Catena/Release/arduino.ar(SERCOM.cpp.o)
                0x000054f0                SERCOM::prepareAckBitWIRE()
 .text._ZN6SERCOM22prepareCommandBitsWireEh
                0x00005504       0x2c C:/Users/Emanuele/Documents/sloeber-workspace/Catena/Release/arduino.ar(SERCOM.cpp.o)
                0x00005504                SERCOM::prepareCommandBitsWire(unsigned char)
 .text._ZN6SERCOM17sendDataSlaveWIREEh
                0x00005530       0x1a C:/Users/Emanuele/Documents/sloeber-workspace/Catena/Release/arduino.ar(SERCOM.cpp.o)
                0x00005530                SERCOM::sendDataSlaveWIRE(unsigned char)
 .text._ZN6SERCOM11isSlaveWIREEv
                0x0000554a       0x12 C:/Users/Emanuele/Documents/sloeber-workspace/Catena/Release/arduino.ar(SERCOM.cpp.o)
                0x0000554a                SERCOM::isSlaveWIRE()
 .text._ZN6SERCOM15isDataReadyWIREEv
                0x0000555c        0xa C:/Users/Emanuele/Documents/sloeber-workspace/Catena/Release/arduino.ar(SERCOM.cpp.o)
                0x0000555c                SERCOM::isDataReadyWIRE()
 .text._ZN6SERCOM18isStopDetectedWIREEv
                0x00005566        0xa C:/Users/Emanuele/Documents/sloeber-workspace/Catena/Release/arduino.ar(SERCOM.cpp.o)
                0x00005566                SERCOM::isStopDetectedWIRE()
 .text._ZN6SERCOM21isRestartDetectedWIREEv
                0x00005570        0xa C:/Users/Emanuele/Documents/sloeber-workspace/Catena/Release/arduino.ar(SERCOM.cpp.o)
                0x00005570                SERCOM::isRestartDetectedWIRE()
 .text._ZN6SERCOM14isAddressMatchEv
                0x0000557a        0xa C:/Users/Emanuele/Documents/sloeber-workspace/Catena/Release/arduino.ar(SERCOM.cpp.o)
                0x0000557a                SERCOM::isAddressMatch()
 .text._ZN6SERCOM25isMasterReadOperationWIREEv
                0x00005584        0xa C:/Users/Emanuele/Documents/sloeber-workspace/Catena/Release/arduino.ar(SERCOM.cpp.o)
                0x00005584                SERCOM::isMasterReadOperationWIRE()
 .text._ZN6SERCOM12readDataWIREEv
                0x0000558e       0x1a C:/Users/Emanuele/Documents/sloeber-workspace/Catena/Release/arduino.ar(SERCOM.cpp.o)
                0x0000558e                SERCOM::readDataWIRE()
 .text._ZN6SERCOM13initClockNVICEv
                0x000055a8       0xac C:/Users/Emanuele/Documents/sloeber-workspace/Catena/Release/arduino.ar(SERCOM.cpp.o)
                0x000055a8                SERCOM::initClockNVIC()
 .text._ZN6SERCOM8initUARTE14SercomUartMode20SercomUartSampleRatem
                0x00005654       0x6c C:/Users/Emanuele/Documents/sloeber-workspace/Catena/Release/arduino.ar(SERCOM.cpp.o)
                0x00005654                SERCOM::initUART(SercomUartMode, SercomUartSampleRate, unsigned long)
 .text._ZN4UartcvbEv
                0x000056c0        0x4 C:/Users/Emanuele/Documents/sloeber-workspace/Catena/Release/arduino.ar(Uart.cpp.o)
                0x000056c0                Uart::operator bool()
 .text._ZN4Uart5beginEm
                0x000056c4       0x10 C:/Users/Emanuele/Documents/sloeber-workspace/Catena/Release/arduino.ar(Uart.cpp.o)
                0x000056c4                Uart::begin(unsigned long)
 .text._ZN4Uart3endEv
                0x000056d4       0x14 C:/Users/Emanuele/Documents/sloeber-workspace/Catena/Release/arduino.ar(Uart.cpp.o)
                0x000056d4                Uart::end()
 .text._ZN4Uart5flushEv
                0x000056e8        0xa C:/Users/Emanuele/Documents/sloeber-workspace/Catena/Release/arduino.ar(Uart.cpp.o)
                0x000056e8                Uart::flush()
 .text._ZN4Uart9availableEv
                0x000056f2        0xa C:/Users/Emanuele/Documents/sloeber-workspace/Catena/Release/arduino.ar(Uart.cpp.o)
                0x000056f2                Uart::available()
 .text._ZN4Uart4peekEv
                0x000056fc        0xa C:/Users/Emanuele/Documents/sloeber-workspace/Catena/Release/arduino.ar(Uart.cpp.o)
                0x000056fc                Uart::peek()
 .text._ZN4Uart4readEv
                0x00005706        0xa C:/Users/Emanuele/Documents/sloeber-workspace/Catena/Release/arduino.ar(Uart.cpp.o)
                0x00005706                Uart::read()
 .text._ZN4Uart5writeEh
                0x00005710        0xc C:/Users/Emanuele/Documents/sloeber-workspace/Catena/Release/arduino.ar(Uart.cpp.o)
                0x00005710                Uart::write(unsigned char)
 .text._ZN4UartC2EP6SERCOMhh11SercomRXPad15SercomUartTXPad
                0x0000571c       0x48 C:/Users/Emanuele/Documents/sloeber-workspace/Catena/Release/arduino.ar(Uart.cpp.o)
                0x0000571c                Uart::Uart(SERCOM*, unsigned char, unsigned char, SercomRXPad, SercomUartTXPad)
                0x0000571c                Uart::Uart(SERCOM*, unsigned char, unsigned char, SercomRXPad, SercomUartTXPad)
 .text._ZN4Uart10IrqHandlerEv
                0x00005764       0x36 C:/Users/Emanuele/Documents/sloeber-workspace/Catena/Release/arduino.ar(Uart.cpp.o)
                0x00005764                Uart::IrqHandler()
 .text._ZN4Uart16extractNbStopBitEt
                0x0000579a        0xe C:/Users/Emanuele/Documents/sloeber-workspace/Catena/Release/arduino.ar(Uart.cpp.o)
                0x0000579a                Uart::extractNbStopBit(unsigned short)
 .text._ZN4Uart15extractCharSizeEt
                0x000057a8       0x2c C:/Users/Emanuele/Documents/sloeber-workspace/Catena/Release/arduino.ar(Uart.cpp.o)
                0x000057a8                Uart::extractCharSize(unsigned short)
 .text._ZN4Uart13extractParityEt
                0x000057d4       0x18 C:/Users/Emanuele/Documents/sloeber-workspace/Catena/Release/arduino.ar(Uart.cpp.o)
                0x000057d4                Uart::extractParity(unsigned short)
 .text._ZN4Uart5beginEmt
                0x000057ec       0x88 C:/Users/Emanuele/Documents/sloeber-workspace/Catena/Release/arduino.ar(Uart.cpp.o)
                0x000057ec                Uart::begin(unsigned long, unsigned short)
 .text.Dummy_Handler
                0x00005874        0x2 C:/Users/Emanuele/Documents/sloeber-workspace/Catena/Release/arduino.ar(cortex_handlers.c.o)
                0x00005874                DMAC_Handler
                0x00005874                HardFault_Handler
                0x00005874                AC_Handler
                0x00005874                PendSV_Handler
                0x00005874                NMI_Handler
                0x00005874                TC7_Handler
                0x00005874                SERCOM1_Handler
                0x00005874                ADC_Handler
                0x00005874                TCC1_Handler
                0x00005874                SERCOM2_Handler
                0x00005874                TCC0_Handler
                0x00005874                EIC_Handler
                0x00005874                TC6_Handler
                0x00005874                Dummy_Handler
                0x00005874                PM_Handler
                0x00005874                SVC_Handler
                0x00005874                TCC2_Handler
                0x00005874                EVSYS_Handler
                0x00005874                SERCOM4_Handler
                0x00005874                I2S_Handler
                0x00005874                NVMCTRL_Handler
                0x00005874                DAC_Handler
                0x00005874                PTC_Handler
                0x00005874                SYSCTRL_Handler
 *fill*         0x00005876        0x2 
 .text.USB_Handler
                0x00005878       0x14 C:/Users/Emanuele/Documents/sloeber-workspace/Catena/Release/arduino.ar(cortex_handlers.c.o)
                0x00005878                USB_Handler
 .text.Reset_Handler
                0x0000588c       0x54 C:/Users/Emanuele/Documents/sloeber-workspace/Catena/Release/arduino.ar(cortex_handlers.c.o)
                0x0000588c                Reset_Handler
 .text.SysTick_Handler
                0x000058e0       0x10 C:/Users/Emanuele/Documents/sloeber-workspace/Catena/Release/arduino.ar(cortex_handlers.c.o)
                0x000058e0                SysTick_Handler
 .text.USB_SetHandler
                0x000058f0        0xc C:/Users/Emanuele/Documents/sloeber-workspace/Catena/Release/arduino.ar(cortex_handlers.c.o)
                0x000058f0                USB_SetHandler
 .text.millis   0x000058fc        0xc C:/Users/Emanuele/Documents/sloeber-workspace/Catena/Release/arduino.ar(delay.c.o)
                0x000058fc                millis
 .text.delay    0x00005908       0x20 C:/Users/Emanuele/Documents/sloeber-workspace/Catena/Release/arduino.ar(delay.c.o)
                0x00005908                delay
 .text.SysTick_DefaultHandler
                0x00005928       0x14 C:/Users/Emanuele/Documents/sloeber-workspace/Catena/Release/arduino.ar(delay.c.o)
                0x00005928                SysTick_DefaultHandler
 .text.__empty  0x0000593c        0x2 C:/Users/Emanuele/Documents/sloeber-workspace/Catena/Release/arduino.ar(hooks.c.o)
                0x0000593c                yield
 .text.__false  0x0000593e        0x4 C:/Users/Emanuele/Documents/sloeber-workspace/Catena/Release/arduino.ar(hooks.c.o)
                0x0000593e                sysTickHook
 .text._Z11initVariantv
                0x00005942        0x2 C:/Users/Emanuele/Documents/sloeber-workspace/Catena/Release/arduino.ar(main.cpp.o)
                0x00005942                initVariant()
 .text.startup.main
                0x00005944       0x40 C:/Users/Emanuele/Documents/sloeber-workspace/Catena/Release/arduino.ar(main.cpp.o)
                0x00005944                main
 .text._Znwj    0x00005984        0x8 C:/Users/Emanuele/Documents/sloeber-workspace/Catena/Release/arduino.ar(new.cpp.o)
                0x00005984                operator new(unsigned int)
 .text.SystemInit
                0x0000598c      0x168 C:/Users/Emanuele/Documents/sloeber-workspace/Catena/Release/arduino.ar(startup.c.o)
                0x0000598c                SystemInit
 .text.init     0x00005af4       0xf0 C:/Users/Emanuele/Documents/sloeber-workspace/Catena/Release/arduino.ar(wiring.c.o)
                0x00005af4                init
 .text.mapResolution
                0x00005be4       0x12 C:/Users/Emanuele/Documents/sloeber-workspace/Catena/Release/arduino.ar(wiring_analog.c.o)
 *fill*         0x00005bf6        0x2 
 .text.analogReadResolution
                0x00005bf8       0x4c C:/Users/Emanuele/Documents/sloeber-workspace/Catena/Release/arduino.ar(wiring_analog.c.o)
                0x00005bf8                analogReadResolution
 .text.analogReference
                0x00005c44       0x5c C:/Users/Emanuele/Documents/sloeber-workspace/Catena/Release/arduino.ar(wiring_analog.c.o)
                0x00005c44                analogReference
 .text.analogRead
                0x00005ca0       0xe4 C:/Users/Emanuele/Documents/sloeber-workspace/Catena/Release/arduino.ar(wiring_analog.c.o)
                0x00005ca0                analogRead
 .text.pinMode  0x00005d84       0xb4 C:/Users/Emanuele/Documents/sloeber-workspace/Catena/Release/arduino.ar(wiring_digital.c.o)
                0x00005d84                pinMode
 .text.digitalWrite
                0x00005e38       0x60 C:/Users/Emanuele/Documents/sloeber-workspace/Catena/Release/arduino.ar(wiring_digital.c.o)
                0x00005e38                digitalWrite
 .text.pinPeripheral
                0x00005e98       0xc4 C:/Users/Emanuele/Documents/sloeber-workspace/Catena/Release/arduino.ar(wiring_private.c.o)
                0x00005e98                pinPeripheral
 .text._ZN13PluggableUSB_12getInterfaceEPh
                0x00005f5c       0x2a C:/Users/Emanuele/Documents/sloeber-workspace/Catena/Release/arduino.ar(PluggableUSB.cpp.o)
                0x00005f5c                PluggableUSB_::getInterface(unsigned char*)
 .text._ZN13PluggableUSB_13getDescriptorER8USBSetup
                0x00005f86       0x20 C:/Users/Emanuele/Documents/sloeber-workspace/Catena/Release/arduino.ar(PluggableUSB.cpp.o)
                0x00005f86                PluggableUSB_::getDescriptor(USBSetup&)
 .text._ZN13PluggableUSB_12getShortNameEPc
                0x00005fa6       0x1e C:/Users/Emanuele/Documents/sloeber-workspace/Catena/Release/arduino.ar(PluggableUSB.cpp.o)
                0x00005fa6                PluggableUSB_::getShortName(char*)
 .text._ZN13PluggableUSB_5setupER8USBSetup
                0x00005fc4       0x24 C:/Users/Emanuele/Documents/sloeber-workspace/Catena/Release/arduino.ar(PluggableUSB.cpp.o)
                0x00005fc4                PluggableUSB_::setup(USBSetup&)
 .text._Z12PluggableUSBv
                0x00005fe8       0x24 C:/Users/Emanuele/Documents/sloeber-workspace/Catena/Release/arduino.ar(PluggableUSB.cpp.o)
                0x00005fe8                PluggableUSB()
 .text          0x0000600c       0x14 c:/program files/sloeber/arduinoplugin/packages/arduino/tools/arm-none-eabi-gcc/4.8.3-2014q1/bin/../lib/gcc/arm-none-eabi/4.8.3/armv6-m\libgcc.a(_thumb1_case_uqi.o)
                0x0000600c                __gnu_thumb1_case_uqi
 .text          0x00006020       0x9c c:/program files/sloeber/arduinoplugin/packages/arduino/tools/arm-none-eabi-gcc/4.8.3-2014q1/bin/../lib/gcc/arm-none-eabi/4.8.3/armv6-m\libgcc.a(_udivsi3.o)
                0x00006020                __aeabi_uidiv
                0x00006020                __udivsi3
                0x000060a8                __aeabi_uidivmod
 .text          0x000060bc       0xc0 c:/program files/sloeber/arduinoplugin/packages/arduino/tools/arm-none-eabi-gcc/4.8.3-2014q1/bin/../lib/gcc/arm-none-eabi/4.8.3/armv6-m\libgcc.a(_divsi3.o)
                0x000060bc                __divsi3
                0x000060bc                __aeabi_idiv
                0x00006168                __aeabi_idivmod
 .text          0x0000617c        0x4 c:/program files/sloeber/arduinoplugin/packages/arduino/tools/arm-none-eabi-gcc/4.8.3-2014q1/bin/../lib/gcc/arm-none-eabi/4.8.3/armv6-m\libgcc.a(_dvmd_tls.o)
                0x0000617c                __aeabi_idiv0
                0x0000617c                __aeabi_ldiv0
 .text          0x00006180       0x74 c:/program files/sloeber/arduinoplugin/packages/arduino/tools/arm-none-eabi-gcc/4.8.3-2014q1/bin/../lib/gcc/arm-none-eabi/4.8.3/armv6-m\libgcc.a(_arm_cmpsf2.o)
                0x00006180                __aeabi_cfrcmple
                0x00006188                __aeabi_cfcmpeq
                0x00006188                __aeabi_cfcmple
                0x00006198                __aeabi_fcmpeq
                0x000061a4                __aeabi_fcmplt
                0x000061b8                __aeabi_fcmple
                0x000061cc                __aeabi_fcmpgt
                0x000061e0                __aeabi_fcmpge
 .text          0x000061f4       0x30 c:/program files/sloeber/arduinoplugin/packages/arduino/tools/arm-none-eabi-gcc/4.8.3-2014q1/bin/../lib/gcc/arm-none-eabi/4.8.3/armv6-m\libgcc.a(_fixunssfsi.o)
                0x000061f4                __fixunssfsi
                0x000061f4                __aeabi_f2uiz
 .text          0x00006224      0x24c c:/program files/sloeber/arduinoplugin/packages/arduino/tools/arm-none-eabi-gcc/4.8.3-2014q1/bin/../lib/gcc/arm-none-eabi/4.8.3/armv6-m\libgcc.a(divsf3.o)
                0x00006224                __aeabi_fdiv
 .text          0x00006470       0x54 c:/program files/sloeber/arduinoplugin/packages/arduino/tools/arm-none-eabi-gcc/4.8.3-2014q1/bin/../lib/gcc/arm-none-eabi/4.8.3/armv6-m\libgcc.a(eqsf2.o)
                0x00006470                __eqsf2
                0x00006470                __nesf2
 .text          0x000064c4       0x90 c:/program files/sloeber/arduinoplugin/packages/arduino/tools/arm-none-eabi-gcc/4.8.3-2014q1/bin/../lib/gcc/arm-none-eabi/4.8.3/armv6-m\libgcc.a(gesf2.o)
                0x000064c4                __gesf2
                0x000064c4                __gtsf2
 .text          0x00006554       0x98 c:/program files/sloeber/arduinoplugin/packages/arduino/tools/arm-none-eabi-gcc/4.8.3-2014q1/bin/../lib/gcc/arm-none-eabi/4.8.3/armv6-m\libgcc.a(lesf2.o)
                0x00006554                __ltsf2
                0x00006554                __lesf2
 .text          0x000065ec      0x254 c:/program files/sloeber/arduinoplugin/packages/arduino/tools/arm-none-eabi-gcc/4.8.3-2014q1/bin/../lib/gcc/arm-none-eabi/4.8.3/armv6-m\libgcc.a(mulsf3.o)
                0x000065ec                __aeabi_fmul
 .text          0x00006840      0x2e0 c:/program files/sloeber/arduinoplugin/packages/arduino/tools/arm-none-eabi-gcc/4.8.3-2014q1/bin/../lib/gcc/arm-none-eabi/4.8.3/armv6-m\libgcc.a(subsf3.o)
                0x00006840                __aeabi_fsub
 .text          0x00006b20       0x40 c:/program files/sloeber/arduinoplugin/packages/arduino/tools/arm-none-eabi-gcc/4.8.3-2014q1/bin/../lib/gcc/arm-none-eabi/4.8.3/armv6-m\libgcc.a(fixsfsi.o)
                0x00006b20                __aeabi_f2iz
 .text          0x00006b60       0xb8 c:/program files/sloeber/arduinoplugin/packages/arduino/tools/arm-none-eabi-gcc/4.8.3-2014q1/bin/../lib/gcc/arm-none-eabi/4.8.3/armv6-m\libgcc.a(floatsisf.o)
                0x00006b60                __aeabi_i2f
 .text          0x00006c18      0x638 c:/program files/sloeber/arduinoplugin/packages/arduino/tools/arm-none-eabi-gcc/4.8.3-2014q1/bin/../lib/gcc/arm-none-eabi/4.8.3/armv6-m\libgcc.a(adddf3.o)
                0x00006c18                __aeabi_dadd
 .text          0x00007250      0x648 c:/program files/sloeber/arduinoplugin/packages/arduino/tools/arm-none-eabi-gcc/4.8.3-2014q1/bin/../lib/gcc/arm-none-eabi/4.8.3/armv6-m\libgcc.a(divdf3.o)
                0x00007250                __aeabi_ddiv
 .text          0x00007898      0x520 c:/program files/sloeber/arduinoplugin/packages/arduino/tools/arm-none-eabi-gcc/4.8.3-2014q1/bin/../lib/gcc/arm-none-eabi/4.8.3/armv6-m\libgcc.a(muldf3.o)
                0x00007898                __aeabi_dmul
 .text          0x00007db8       0xa4 c:/program files/sloeber/arduinoplugin/packages/arduino/tools/arm-none-eabi-gcc/4.8.3-2014q1/bin/../lib/gcc/arm-none-eabi/4.8.3/armv6-m\libgcc.a(extendsfdf2.o)
                0x00007db8                __aeabi_f2d
 .text          0x00007e5c      0x118 c:/program files/sloeber/arduinoplugin/packages/arduino/tools/arm-none-eabi-gcc/4.8.3-2014q1/bin/../lib/gcc/arm-none-eabi/4.8.3/armv6-m\libgcc.a(truncdfsf2.o)
                0x00007e5c                __aeabi_d2f
 .text          0x00007f74       0x3c c:/program files/sloeber/arduinoplugin/packages/arduino/tools/arm-none-eabi-gcc/4.8.3-2014q1/bin/../lib/gcc/arm-none-eabi/4.8.3/armv6-m\libgcc.a(_clzsi2.o)
                0x00007f74                __clzsi2
 .text.atoi     0x00007fb0        0xc c:/program files/sloeber/arduinoplugin/packages/arduino/tools/arm-none-eabi-gcc/4.8.3-2014q1/bin/../lib/gcc/arm-none-eabi/4.8.3/../../../../arm-none-eabi/lib/armv6-m\libc_s.a(lib_a-atoi.o)
                0x00007fb0                atoi
 .text.__libc_init_array
                0x00007fbc       0x4c c:/program files/sloeber/arduinoplugin/packages/arduino/tools/arm-none-eabi-gcc/4.8.3-2014q1/bin/../lib/gcc/arm-none-eabi/4.8.3/../../../../arm-none-eabi/lib/armv6-m\libc_s.a(lib_a-init.o)
                0x00007fbc                __libc_init_array
 .text.malloc   0x00008008       0x14 c:/program files/sloeber/arduinoplugin/packages/arduino/tools/arm-none-eabi-gcc/4.8.3-2014q1/bin/../lib/gcc/arm-none-eabi/4.8.3/../../../../arm-none-eabi/lib/armv6-m\libc_s.a(lib_a-malloc.o)
                0x00008008                malloc
 .text.memcmp   0x0000801c       0x1e c:/program files/sloeber/arduinoplugin/packages/arduino/tools/arm-none-eabi-gcc/4.8.3-2014q1/bin/../lib/gcc/arm-none-eabi/4.8.3/../../../../arm-none-eabi/lib/armv6-m\libc_s.a(lib_a-memcmp.o)
                0x0000801c                memcmp
 .text.memcpy   0x0000803a       0x12 c:/program files/sloeber/arduinoplugin/packages/arduino/tools/arm-none-eabi-gcc/4.8.3-2014q1/bin/../lib/gcc/arm-none-eabi/4.8.3/../../../../arm-none-eabi/lib/armv6-m\libc_s.a(lib_a-memcpy-stub.o)
                0x0000803a                memcpy
 .text.memset   0x0000804c       0x10 c:/program files/sloeber/arduinoplugin/packages/arduino/tools/arm-none-eabi-gcc/4.8.3-2014q1/bin/../lib/gcc/arm-none-eabi/4.8.3/../../../../arm-none-eabi/lib/armv6-m\libc_s.a(lib_a-memset.o)
                0x0000804c                memset
 .text._free_r  0x0000805c       0x90 c:/program files/sloeber/arduinoplugin/packages/arduino/tools/arm-none-eabi-gcc/4.8.3-2014q1/bin/../lib/gcc/arm-none-eabi/4.8.3/../../../../arm-none-eabi/lib/armv6-m\libc_s.a(lib_a-nano-freer.o)
                0x0000805c                _free_r
 .text._malloc_r
                0x000080ec       0xa8 c:/program files/sloeber/arduinoplugin/packages/arduino/tools/arm-none-eabi-gcc/4.8.3-2014q1/bin/../lib/gcc/arm-none-eabi/4.8.3/../../../../arm-none-eabi/lib/armv6-m\libc_s.a(lib_a-nano-mallocr.o)
                0x000080ec                _malloc_r
 .text._sbrk_r  0x00008194       0x24 c:/program files/sloeber/arduinoplugin/packages/arduino/tools/arm-none-eabi-gcc/4.8.3-2014q1/bin/../lib/gcc/arm-none-eabi/4.8.3/../../../../arm-none-eabi/lib/armv6-m\libc_s.a(lib_a-sbrkr.o)
                0x00008194                _sbrk_r
 .text.sprintf  0x000081b8       0x44 c:/program files/sloeber/arduinoplugin/packages/arduino/tools/arm-none-eabi-gcc/4.8.3-2014q1/bin/../lib/gcc/arm-none-eabi/4.8.3/../../../../arm-none-eabi/lib/armv6-m\libc_s.a(lib_a-sprintf.o)
                0x000081b8                siprintf
                0x000081b8                sprintf
 .text.strcat   0x000081fc       0x1a c:/program files/sloeber/arduinoplugin/packages/arduino/tools/arm-none-eabi-gcc/4.8.3-2014q1/bin/../lib/gcc/arm-none-eabi/4.8.3/../../../../arm-none-eabi/lib/armv6-m\libc_s.a(lib_a-strcat.o)
                0x000081fc                strcat
 .text          0x00008216       0x14 c:/program files/sloeber/arduinoplugin/packages/arduino/tools/arm-none-eabi-gcc/4.8.3-2014q1/bin/../lib/gcc/arm-none-eabi/4.8.3/../../../../arm-none-eabi/lib/armv6-m\libc_s.a(lib_a-strcmp.o)
                0x00008216                strcmp
 .text.strcpy   0x0000822a       0x10 c:/program files/sloeber/arduinoplugin/packages/arduino/tools/arm-none-eabi-gcc/4.8.3-2014q1/bin/../lib/gcc/arm-none-eabi/4.8.3/../../../../arm-none-eabi/lib/armv6-m\libc_s.a(lib_a-strcpy.o)
                0x0000822a                strcpy
 .text.strlen   0x0000823a        0xe c:/program files/sloeber/arduinoplugin/packages/arduino/tools/arm-none-eabi-gcc/4.8.3-2014q1/bin/../lib/gcc/arm-none-eabi/4.8.3/../../../../arm-none-eabi/lib/armv6-m\libc_s.a(lib_a-strlen.o)
                0x0000823a                strlen
 .text.strncpy  0x00008248       0x28 c:/program files/sloeber/arduinoplugin/packages/arduino/tools/arm-none-eabi-gcc/4.8.3-2014q1/bin/../lib/gcc/arm-none-eabi/4.8.3/../../../../arm-none-eabi/lib/armv6-m\libc_s.a(lib_a-strncpy.o)
                0x00008248                strncpy
 .text.strtok   0x00008270       0x64 c:/program files/sloeber/arduinoplugin/packages/arduino/tools/arm-none-eabi-gcc/4.8.3-2014q1/bin/../lib/gcc/arm-none-eabi/4.8.3/../../../../arm-none-eabi/lib/armv6-m\libc_s.a(lib_a-strtok.o)
                0x00008270                strtok
 .text.__strtok_r
                0x000082d4       0x5c c:/program files/sloeber/arduinoplugin/packages/arduino/tools/arm-none-eabi-gcc/4.8.3-2014q1/bin/../lib/gcc/arm-none-eabi/4.8.3/../../../../arm-none-eabi/lib/armv6-m\libc_s.a(lib_a-strtok_r.o)
                0x000082d4                __strtok_r
 .text._strtol_r
                0x00008330      0x114 c:/program files/sloeber/arduinoplugin/packages/arduino/tools/arm-none-eabi-gcc/4.8.3-2014q1/bin/../lib/gcc/arm-none-eabi/4.8.3/../../../../arm-none-eabi/lib/armv6-m\libc_s.a(lib_a-strtol.o)
                0x00008330                _strtol_r
 .text.strtol   0x00008444       0x1c c:/program files/sloeber/arduinoplugin/packages/arduino/tools/arm-none-eabi-gcc/4.8.3-2014q1/bin/../lib/gcc/arm-none-eabi/4.8.3/../../../../arm-none-eabi/lib/armv6-m\libc_s.a(lib_a-strtol.o)
                0x00008444                strtol
 .text.__ssputs_r
                0x00008460       0xc0 c:/program files/sloeber/arduinoplugin/packages/arduino/tools/arm-none-eabi-gcc/4.8.3-2014q1/bin/../lib/gcc/arm-none-eabi/4.8.3/../../../../arm-none-eabi/lib/armv6-m\libc_s.a(lib_a-svfprintf.o)
                0x00008460                __ssputs_r
 .text._svfprintf_r
                0x00008520      0x1e0 c:/program files/sloeber/arduinoplugin/packages/arduino/tools/arm-none-eabi-gcc/4.8.3-2014q1/bin/../lib/gcc/arm-none-eabi/4.8.3/../../../../arm-none-eabi/lib/armv6-m\libc_s.a(lib_a-svfprintf.o)
                0x00008520                _svfiprintf_r
                0x00008520                _svfprintf_r
 .text._printf_common
                0x00008700       0xe8 c:/program files/sloeber/arduinoplugin/packages/arduino/tools/arm-none-eabi-gcc/4.8.3-2014q1/bin/../lib/gcc/arm-none-eabi/4.8.3/../../../../arm-none-eabi/lib/armv6-m\libc_s.a(lib_a-vfprintf_i.o)
                0x00008700                _printf_common
 .text._printf_i
                0x000087e8      0x22c c:/program files/sloeber/arduinoplugin/packages/arduino/tools/arm-none-eabi-gcc/4.8.3-2014q1/bin/../lib/gcc/arm-none-eabi/4.8.3/../../../../arm-none-eabi/lib/armv6-m\libc_s.a(lib_a-vfprintf_i.o)
                0x000087e8                _printf_i
 .text.memchr   0x00008a14       0x16 c:/program files/sloeber/arduinoplugin/packages/arduino/tools/arm-none-eabi-gcc/4.8.3-2014q1/bin/../lib/gcc/arm-none-eabi/4.8.3/../../../../arm-none-eabi/lib/armv6-m\libc_s.a(lib_a-memchr-stub.o)
                0x00008a14                memchr
 .text.memmove  0x00008a2a       0x32 c:/program files/sloeber/arduinoplugin/packages/arduino/tools/arm-none-eabi-gcc/4.8.3-2014q1/bin/../lib/gcc/arm-none-eabi/4.8.3/../../../../arm-none-eabi/lib/armv6-m\libc_s.a(lib_a-memmove.o)
                0x00008a2a                memmove
 .text._realloc_r
                0x00008a5c       0x4c c:/program files/sloeber/arduinoplugin/packages/arduino/tools/arm-none-eabi-gcc/4.8.3-2014q1/bin/../lib/gcc/arm-none-eabi/4.8.3/../../../../arm-none-eabi/lib/armv6-m\libc_s.a(lib_a-nano-reallocr.o)
                0x00008a5c                _realloc_r
 .text._malloc_usable_size_r
                0x00008aa8       0x12 c:/program files/sloeber/arduinoplugin/packages/arduino/tools/arm-none-eabi-gcc/4.8.3-2014q1/bin/../lib/gcc/arm-none-eabi/4.8.3/../../../../arm-none-eabi/lib/armv6-m\libc_s.a(lib_a-nano-msizer.o)
                0x00008aa8                _malloc_usable_size_r
 *fill*         0x00008aba        0x2 
 .text._sbrk    0x00008abc       0x34 c:/program files/sloeber/arduinoplugin/packages/arduino/tools/arm-none-eabi-gcc/4.8.3-2014q1/bin/../lib/gcc/arm-none-eabi/4.8.3/../../../../arm-none-eabi/lib/armv6-m\libnosys.a(sbrk.o)
                0x00008abc                _sbrk
 *(.init)
 .init          0x00008af0        0x4 c:/program files/sloeber/arduinoplugin/packages/arduino/tools/arm-none-eabi-gcc/4.8.3-2014q1/bin/../lib/gcc/arm-none-eabi/4.8.3/armv6-m/crti.o
                0x00008af0                _init
 .init          0x00008af4        0x8 c:/program files/sloeber/arduinoplugin/packages/arduino/tools/arm-none-eabi-gcc/4.8.3-2014q1/bin/../lib/gcc/arm-none-eabi/4.8.3/armv6-m/crtn.o
 *(.fini)
 .fini          0x00008afc        0x4 c:/program files/sloeber/arduinoplugin/packages/arduino/tools/arm-none-eabi-gcc/4.8.3-2014q1/bin/../lib/gcc/arm-none-eabi/4.8.3/armv6-m/crti.o
                0x00008afc                _fini
 .fini          0x00008b00        0x8 c:/program files/sloeber/arduinoplugin/packages/arduino/tools/arm-none-eabi-gcc/4.8.3-2014q1/bin/../lib/gcc/arm-none-eabi/4.8.3/armv6-m/crtn.o
 *crtbegin.o(.ctors)
 *crtbegin?.o(.ctors)
 *(EXCLUDE_FILE(*crtend.o *crtend?.o) .ctors)
 *(SORT(.ctors.*))
 *(.ctors)
 *crtbegin.o(.dtors)
 *crtbegin?.o(.dtors)
 *(EXCLUDE_FILE(*crtend.o *crtend?.o) .dtors)
 *(SORT(.dtors.*))
 *(.dtors)
 *(.rodata*)
 .rodata.str1.1
                0x00008b08       0x62 .\sloeber.ino.cpp.o
                                 0x6f (size before relaxing)
 *fill*         0x00008b6a        0x6 
 .rodata._ZTV7TwoWire
                0x00008b70       0x20 .\libraries\Wire\Wire.cpp.o
                0x00008b70                vtable for TwoWire
 .rodata._ZL11dscrc_table
                0x00008b90      0x100 .\libraries\OneWire\OneWire.cpp.o
 .rodata.CSWTCH.74
                0x00008c90        0x6 .\libraries\DallasTemperature\DallasTemperature.cpp.o
 .rodata._ZL10command_10
                0x00008c96        0xd .\arduinoLoRaWAN\arduinoLoRaWAN.cpp.o
 .rodata._ZL10command_11
                0x00008ca3       0x15 .\arduinoLoRaWAN\arduinoLoRaWAN.cpp.o
 .rodata._ZL10command_12
                0x00008cb8       0x14 .\arduinoLoRaWAN\arduinoLoRaWAN.cpp.o
 .rodata._ZL10command_13
                0x00008ccc       0x14 .\arduinoLoRaWAN\arduinoLoRaWAN.cpp.o
 .rodata._ZL10command_14
                0x00008ce0       0x15 .\arduinoLoRaWAN\arduinoLoRaWAN.cpp.o
 .rodata._ZL10command_15
                0x00008cf5       0x15 .\arduinoLoRaWAN\arduinoLoRaWAN.cpp.o
 .rodata._ZL10command_16
                0x00008d0a       0x14 .\arduinoLoRaWAN\arduinoLoRaWAN.cpp.o
 .rodata._ZL10command_17
                0x00008d1e       0x14 .\arduinoLoRaWAN\arduinoLoRaWAN.cpp.o
 .rodata._ZL10command_18
                0x00008d32       0x10 .\arduinoLoRaWAN\arduinoLoRaWAN.cpp.o
 .rodata._ZL10command_19
                0x00008d42       0x11 .\arduinoLoRaWAN\arduinoLoRaWAN.cpp.o
 .rodata._ZL10command_50
                0x00008d53       0x14 .\arduinoLoRaWAN\arduinoLoRaWAN.cpp.o
 .rodata._ZL10command_51
                0x00008d67       0x15 .\arduinoLoRaWAN\arduinoLoRaWAN.cpp.o
 .rodata._ZL10command_52
                0x00008d7c       0x13 .\arduinoLoRaWAN\arduinoLoRaWAN.cpp.o
 .rodata._ZL10command_53
                0x00008d8f       0x12 .\arduinoLoRaWAN\arduinoLoRaWAN.cpp.o
 .rodata._ZL10command_54
                0x00008da1       0x14 .\arduinoLoRaWAN\arduinoLoRaWAN.cpp.o
 .rodata._ZL10command_55
                0x00008db5       0x12 .\arduinoLoRaWAN\arduinoLoRaWAN.cpp.o
 .rodata._ZL10command_56
                0x00008dc7       0x10 .\arduinoLoRaWAN\arduinoLoRaWAN.cpp.o
 .rodata._ZL10command_57
                0x00008dd7       0x11 .\arduinoLoRaWAN\arduinoLoRaWAN.cpp.o
 .rodata._ZL10command_58
                0x00008de8       0x10 .\arduinoLoRaWAN\arduinoLoRaWAN.cpp.o
 .rodata._ZL10command_59
                0x00008df8        0xf .\arduinoLoRaWAN\arduinoLoRaWAN.cpp.o
 .rodata._ZL9answer_10
                0x00008e07        0x4 .\arduinoLoRaWAN\arduinoLoRaWAN.cpp.o
 .rodata._ZL9answer_11
                0x00008e0b        0xb .\arduinoLoRaWAN\arduinoLoRaWAN.cpp.o
 .rodata._ZL9answer_12
                0x00008e16        0xa .\arduinoLoRaWAN\arduinoLoRaWAN.cpp.o
 .rodata._ZL9answer_13
                0x00008e20        0x3 .\arduinoLoRaWAN\arduinoLoRaWAN.cpp.o
 .rodata._ZL9answer_14
                0x00008e23        0xb .\arduinoLoRaWAN\arduinoLoRaWAN.cpp.o
 .rodata._ZL9answer_15
                0x00008e2e        0x8 .\arduinoLoRaWAN\arduinoLoRaWAN.cpp.o
 .rodata._ZL9answer_16
                0x00008e36       0x11 .\arduinoLoRaWAN\arduinoLoRaWAN.cpp.o
 .rodata._ZL9answer_17
                0x00008e47        0xe .\arduinoLoRaWAN\arduinoLoRaWAN.cpp.o
 .rodata._ZL9answer_18
                0x00008e55        0xb .\arduinoLoRaWAN\arduinoLoRaWAN.cpp.o
 .rodata._ZL9answer_19
                0x00008e60        0x7 .\arduinoLoRaWAN\arduinoLoRaWAN.cpp.o
 .rodata._ZL10command_20
                0x00008e67       0x19 .\arduinoLoRaWAN\arduinoLoRaWAN.cpp.o
 .rodata._ZL10command_21
                0x00008e80       0x1a .\arduinoLoRaWAN\arduinoLoRaWAN.cpp.o
 .rodata._ZL10command_22
                0x00008e9a       0x1e .\arduinoLoRaWAN\arduinoLoRaWAN.cpp.o
 .rodata._ZL10command_23
                0x00008eb8       0x1a .\arduinoLoRaWAN\arduinoLoRaWAN.cpp.o
 .rodata._ZL10command_24
                0x00008ed2       0x12 .\arduinoLoRaWAN\arduinoLoRaWAN.cpp.o
 .rodata._ZL10command_25
                0x00008ee4       0x11 .\arduinoLoRaWAN\arduinoLoRaWAN.cpp.o
 .rodata._ZL10command_26
                0x00008ef5       0x11 .\arduinoLoRaWAN\arduinoLoRaWAN.cpp.o
 .rodata._ZL10command_27
                0x00008f06        0xd .\arduinoLoRaWAN\arduinoLoRaWAN.cpp.o
 .rodata._ZL10command_28
                0x00008f13        0xf .\arduinoLoRaWAN\arduinoLoRaWAN.cpp.o
 .rodata._ZL10command_29
                0x00008f22       0x11 .\arduinoLoRaWAN\arduinoLoRaWAN.cpp.o
 .rodata._ZL9answer_22
                0x00008f33        0x3 .\arduinoLoRaWAN\arduinoLoRaWAN.cpp.o
 .rodata._ZL10command_60
                0x00008f36       0x11 .\arduinoLoRaWAN\arduinoLoRaWAN.cpp.o
 .rodata._ZL10command_61
                0x00008f47       0x14 .\arduinoLoRaWAN\arduinoLoRaWAN.cpp.o
 .rodata._ZL10command_62
                0x00008f5b        0xf .\arduinoLoRaWAN\arduinoLoRaWAN.cpp.o
 .rodata._ZL10command_63
                0x00008f6a       0x10 .\arduinoLoRaWAN\arduinoLoRaWAN.cpp.o
 .rodata._ZL10command_64
                0x00008f7a        0xf .\arduinoLoRaWAN\arduinoLoRaWAN.cpp.o
 .rodata._ZL10command_65
                0x00008f89       0x10 .\arduinoLoRaWAN\arduinoLoRaWAN.cpp.o
 .rodata._ZL10command_66
                0x00008f99       0x10 .\arduinoLoRaWAN\arduinoLoRaWAN.cpp.o
 .rodata._ZL10command_67
                0x00008fa9       0x12 .\arduinoLoRaWAN\arduinoLoRaWAN.cpp.o
 .rodata._ZL10command_68
                0x00008fbb        0xe .\arduinoLoRaWAN\arduinoLoRaWAN.cpp.o
 .rodata._ZL10command_69
                0x00008fc9       0x12 .\arduinoLoRaWAN\arduinoLoRaWAN.cpp.o
 .rodata._ZL9answer_20
                0x00008fdb        0x7 .\arduinoLoRaWAN\arduinoLoRaWAN.cpp.o
 .rodata._ZL9answer_21
                0x00008fe2        0xe .\arduinoLoRaWAN\arduinoLoRaWAN.cpp.o
 .rodata._ZL10command_30
                0x00008ff0        0xe .\arduinoLoRaWAN\arduinoLoRaWAN.cpp.o
 .rodata._ZL10command_31
                0x00008ffe       0x13 .\arduinoLoRaWAN\arduinoLoRaWAN.cpp.o
 .rodata._ZL10command_32
                0x00009011        0xf .\arduinoLoRaWAN\arduinoLoRaWAN.cpp.o
 .rodata._ZL10command_33
                0x00009020        0xf .\arduinoLoRaWAN\arduinoLoRaWAN.cpp.o
 .rodata._ZL10command_34
                0x0000902f       0x11 .\arduinoLoRaWAN\arduinoLoRaWAN.cpp.o
 .rodata._ZL10command_35
                0x00009040       0x15 .\arduinoLoRaWAN\arduinoLoRaWAN.cpp.o
 .rodata._ZL10command_36
                0x00009055       0x17 .\arduinoLoRaWAN\arduinoLoRaWAN.cpp.o
 .rodata._ZL10command_37
                0x0000906c       0x18 .\arduinoLoRaWAN\arduinoLoRaWAN.cpp.o
 .rodata._ZL10command_38
                0x00009084       0x17 .\arduinoLoRaWAN\arduinoLoRaWAN.cpp.o
 .rodata._ZL10command_39
                0x0000909b        0xd .\arduinoLoRaWAN\arduinoLoRaWAN.cpp.o
 .rodata.str1.1
                0x000090a8       0xe1 .\arduinoLoRaWAN\arduinoLoRaWAN.cpp.o
                                 0xe7 (size before relaxing)
 .rodata._ZL10command_70
                0x00009189        0xf .\arduinoLoRaWAN\arduinoLoRaWAN.cpp.o
 .rodata._ZL10command_71
                0x00009198       0x11 .\arduinoLoRaWAN\arduinoLoRaWAN.cpp.o
 .rodata._ZL10command_72
                0x000091a9       0x14 .\arduinoLoRaWAN\arduinoLoRaWAN.cpp.o
 .rodata._ZL10command_73
                0x000091bd       0x10 .\arduinoLoRaWAN\arduinoLoRaWAN.cpp.o
 .rodata._ZL10command_74
                0x000091cd       0x14 .\arduinoLoRaWAN\arduinoLoRaWAN.cpp.o
 .rodata._ZL10command_75
                0x000091e1       0x10 .\arduinoLoRaWAN\arduinoLoRaWAN.cpp.o
 .rodata._ZL10command_76
                0x000091f1       0x10 .\arduinoLoRaWAN\arduinoLoRaWAN.cpp.o
 .rodata._ZL10command_77
                0x00009201       0x15 .\arduinoLoRaWAN\arduinoLoRaWAN.cpp.o
 .rodata._ZL10command_78
                0x00009216       0x15 .\arduinoLoRaWAN\arduinoLoRaWAN.cpp.o
 .rodata._ZL10command_79
                0x0000922b       0x16 .\arduinoLoRaWAN\arduinoLoRaWAN.cpp.o
 *fill*         0x00009241        0x3 
 .rodata._ZL21table_LoRaWAN_ANSWERS
                0x00009244       0x5c .\arduinoLoRaWAN\arduinoLoRaWAN.cpp.o
 .rodata._ZL10command_00
                0x000092a0        0xc .\arduinoLoRaWAN\arduinoLoRaWAN.cpp.o
 .rodata._ZL10command_01
                0x000092ac       0x13 .\arduinoLoRaWAN\arduinoLoRaWAN.cpp.o
 .rodata._ZL10command_02
                0x000092bf       0x10 .\arduinoLoRaWAN\arduinoLoRaWAN.cpp.o
 .rodata._ZL10command_03
                0x000092cf        0xe .\arduinoLoRaWAN\arduinoLoRaWAN.cpp.o
 .rodata._ZL10command_04
                0x000092dd        0xf .\arduinoLoRaWAN\arduinoLoRaWAN.cpp.o
 .rodata._ZL10command_05
                0x000092ec       0x13 .\arduinoLoRaWAN\arduinoLoRaWAN.cpp.o
 .rodata._ZL10command_06
                0x000092ff       0x15 .\arduinoLoRaWAN\arduinoLoRaWAN.cpp.o
 .rodata._ZL10command_07
                0x00009314        0xf .\arduinoLoRaWAN\arduinoLoRaWAN.cpp.o
 .rodata._ZL10command_08
                0x00009323        0xb .\arduinoLoRaWAN\arduinoLoRaWAN.cpp.o
 .rodata._ZL10command_09
                0x0000932e        0xc .\arduinoLoRaWAN\arduinoLoRaWAN.cpp.o
 .rodata._ZL10command_40
                0x0000933a        0xe .\arduinoLoRaWAN\arduinoLoRaWAN.cpp.o
 .rodata._ZL10command_41
                0x00009348        0xe .\arduinoLoRaWAN\arduinoLoRaWAN.cpp.o
 .rodata._ZL10command_42
                0x00009356        0xf .\arduinoLoRaWAN\arduinoLoRaWAN.cpp.o
 .rodata._ZL10command_43
                0x00009365       0x13 .\arduinoLoRaWAN\arduinoLoRaWAN.cpp.o
 .rodata._ZL10command_44
                0x00009378       0x15 .\arduinoLoRaWAN\arduinoLoRaWAN.cpp.o
 .rodata._ZL10command_45
                0x0000938d       0x13 .\arduinoLoRaWAN\arduinoLoRaWAN.cpp.o
 .rodata._ZL10command_46
                0x000093a0       0x12 .\arduinoLoRaWAN\arduinoLoRaWAN.cpp.o
 .rodata._ZL10command_47
                0x000093b2       0x14 .\arduinoLoRaWAN\arduinoLoRaWAN.cpp.o
 .rodata._ZL10command_48
                0x000093c6       0x17 .\arduinoLoRaWAN\arduinoLoRaWAN.cpp.o
 .rodata._ZL10command_49
                0x000093dd       0x17 .\arduinoLoRaWAN\arduinoLoRaWAN.cpp.o
 .rodata._ZL10command_80
                0x000093f4        0xc .\arduinoLoRaWAN\arduinoLoRaWAN.cpp.o
 .rodata._ZL10command_81
                0x00009400       0x10 .\arduinoLoRaWAN\arduinoLoRaWAN.cpp.o
 .rodata._ZL10command_82
                0x00009410       0x11 .\arduinoLoRaWAN\arduinoLoRaWAN.cpp.o
 .rodata._ZL9answer_07
                0x00009421        0xb .\arduinoLoRaWAN\arduinoLoRaWAN.cpp.o
 .rodata._ZL9answer_00
                0x0000942c        0x3 .\arduinoLoRaWAN\arduinoLoRaWAN.cpp.o
 .rodata._ZL9answer_01
                0x0000942f        0xe .\arduinoLoRaWAN\arduinoLoRaWAN.cpp.o
 .rodata._ZL9answer_02
                0x0000943d        0xb .\arduinoLoRaWAN\arduinoLoRaWAN.cpp.o
 .rodata._ZL9answer_03
                0x00009448        0x7 .\arduinoLoRaWAN\arduinoLoRaWAN.cpp.o
 .rodata._ZL9answer_04
                0x0000944f        0xc .\arduinoLoRaWAN\arduinoLoRaWAN.cpp.o
 .rodata._ZL9answer_05
                0x0000945b        0x7 .\arduinoLoRaWAN\arduinoLoRaWAN.cpp.o
 .rodata._ZL9answer_06
                0x00009462        0x9 .\arduinoLoRaWAN\arduinoLoRaWAN.cpp.o
 *fill*         0x0000946b        0x1 
 .rodata._ZL22table_LoRaWAN_COMMANDS
                0x0000946c      0x14c .\arduinoLoRaWAN\arduinoLoRaWAN.cpp.o
 .rodata._ZL9answer_08
                0x000095b8        0xa .\arduinoLoRaWAN\arduinoLoRaWAN.cpp.o
 .rodata._ZL9answer_09
                0x000095c2        0x3 .\arduinoLoRaWAN\arduinoLoRaWAN.cpp.o
 *fill*         0x000095c5        0x3 
 .rodata.g_APinDescription
                0x000095c8      0x450 C:/Users/Emanuele/Documents/sloeber-workspace/Catena/Release/arduino.ar(variant.cpp.o)
                0x000095c8                g_APinDescription
 .rodata._ZTV7Serial_
                0x00009a18       0x28 C:/Users/Emanuele/Documents/sloeber-workspace/Catena/Release/arduino.ar(CDC.cpp.o)
                0x00009a18                vtable for Serial_
 .rodata._ZTV26DoubleBufferedEPOutHandler
                0x00009a40       0x18 C:/Users/Emanuele/Documents/sloeber-workspace/Catena/Release/arduino.ar(USBCore.cpp.o)
                0x00009a40                vtable for DoubleBufferedEPOutHandler
 .rodata._ZL19STRING_MANUFACTURER
                0x00009a58        0x9 C:/Users/Emanuele/Documents/sloeber-workspace/Catena/Release/arduino.ar(USBCore.cpp.o)
 *fill*         0x00009a61        0x1 
 .rodata._ZL15STRING_LANGUAGE
                0x00009a62        0x4 C:/Users/Emanuele/Documents/sloeber-workspace/Catena/Release/arduino.ar(USBCore.cpp.o)
 .rodata._ZL21USB_DeviceDescriptorB
                0x00009a66       0x12 C:/Users/Emanuele/Documents/sloeber-workspace/Catena/Release/arduino.ar(USBCore.cpp.o)
 .rodata._ZL14STRING_PRODUCT
                0x00009a78        0xb C:/Users/Emanuele/Documents/sloeber-workspace/Catena/Release/arduino.ar(USBCore.cpp.o)
 .rodata.str1.1
                0x00009a83        0xc C:/Users/Emanuele/Documents/sloeber-workspace/Catena/Release/arduino.ar(Print.cpp.o)
                                 0x11 (size before relaxing)
 *fill*         0x00009a8f        0x1 
 .rodata._ZTV4Uart
                0x00009a90       0x30 C:/Users/Emanuele/Documents/sloeber-workspace/Catena/Release/arduino.ar(Uart.cpp.o)
                0x00009a90                vtable for Uart
 .rodata        0x00009ac0       0x40 c:/program files/sloeber/arduinoplugin/packages/arduino/tools/arm-none-eabi-gcc/4.8.3-2014q1/bin/../lib/gcc/arm-none-eabi/4.8.3/armv6-m\libgcc.a(divsf3.o)
 .rodata        0x00009b00       0x40 c:/program files/sloeber/arduinoplugin/packages/arduino/tools/arm-none-eabi-gcc/4.8.3-2014q1/bin/../lib/gcc/arm-none-eabi/4.8.3/armv6-m\libgcc.a(mulsf3.o)
 .rodata        0x00009b40       0x40 c:/program files/sloeber/arduinoplugin/packages/arduino/tools/arm-none-eabi-gcc/4.8.3-2014q1/bin/../lib/gcc/arm-none-eabi/4.8.3/armv6-m\libgcc.a(divdf3.o)
 .rodata        0x00009b80       0x40 c:/program files/sloeber/arduinoplugin/packages/arduino/tools/arm-none-eabi-gcc/4.8.3-2014q1/bin/../lib/gcc/arm-none-eabi/4.8.3/armv6-m\libgcc.a(muldf3.o)
 .rodata.str1.1
                0x00009bc0        0x2 c:/program files/sloeber/arduinoplugin/packages/arduino/tools/arm-none-eabi-gcc/4.8.3-2014q1/bin/../lib/gcc/arm-none-eabi/4.8.3/../../../../arm-none-eabi/lib/armv6-m\libc_s.a(lib_a-impure.o)
 .rodata.str1.1
                0x00009bc2       0x11 c:/program files/sloeber/arduinoplugin/packages/arduino/tools/arm-none-eabi-gcc/4.8.3-2014q1/bin/../lib/gcc/arm-none-eabi/4.8.3/../../../../arm-none-eabi/lib/armv6-m\libc_s.a(lib_a-svfprintf.o)
 .rodata.str1.1
                0x00009bd3       0x22 c:/program files/sloeber/arduinoplugin/packages/arduino/tools/arm-none-eabi-gcc/4.8.3-2014q1/bin/../lib/gcc/arm-none-eabi/4.8.3/../../../../arm-none-eabi/lib/armv6-m\libc_s.a(lib_a-vfprintf_i.o)
 .rodata._ctype_
                0x00009bf5      0x101 c:/program files/sloeber/arduinoplugin/packages/arduino/tools/arm-none-eabi-gcc/4.8.3-2014q1/bin/../lib/gcc/arm-none-eabi/4.8.3/../../../../arm-none-eabi/lib/armv6-m\libc_s.a(lib_a-ctype_.o)
                0x00009bf5                _ctype_
 *(.eh_frame*)
 *fill*         0x00009cf6        0x2 
 .eh_frame      0x00009cf8        0x0 c:/program files/sloeber/arduinoplugin/packages/arduino/tools/arm-none-eabi-gcc/4.8.3-2014q1/bin/../lib/gcc/arm-none-eabi/4.8.3/armv6-m/crtbegin.o
 .eh_frame      0x00009cf8        0x4 c:/program files/sloeber/arduinoplugin/packages/arduino/tools/arm-none-eabi-gcc/4.8.3-2014q1/bin/../lib/gcc/arm-none-eabi/4.8.3/armv6-m/crtend.o

.glue_7         0x00009cfc        0x0
 .glue_7        0x00000000        0x0 linker stubs

.glue_7t        0x00009cfc        0x0
 .glue_7t       0x00000000        0x0 linker stubs

.vfp11_veneer   0x00009cfc        0x0
 .vfp11_veneer  0x00000000        0x0 linker stubs

.v4_bx          0x00009cfc        0x0
 .v4_bx         0x00000000        0x0 linker stubs

.iplt           0x00009cfc        0x0
 .iplt          0x00000000        0x0 c:/program files/sloeber/arduinoplugin/packages/arduino/tools/arm-none-eabi-gcc/4.8.3-2014q1/bin/../lib/gcc/arm-none-eabi/4.8.3/armv6-m/crtbegin.o

.rel.dyn        0x00009cfc        0x0
 .rel.iplt      0x00000000        0x0 c:/program files/sloeber/arduinoplugin/packages/arduino/tools/arm-none-eabi-gcc/4.8.3-2014q1/bin/../lib/gcc/arm-none-eabi/4.8.3/armv6-m/crtbegin.o

.ARM.extab
 *(.ARM.extab* .gnu.linkonce.armextab.*)
                0x00009cfc                __exidx_start = .

.ARM.exidx
 *(.ARM.exidx* .gnu.linkonce.armexidx.*)
                0x00009cfc                __exidx_end = .
                0x00009cfc                __etext = .

.data           0x20000000      0x1a0 load address 0x00009cfc
                0x20000000                __data_start__ = .
 *(vtable)
 *(.data*)
 .data.data     0x20000000        0x7 .\sloeber.ino.cpp.o
                0x20000000                data
 .data.dsaddr   0x20000007       0x78 .\sloeber.ino.cpp.o
                0x20000007                dsaddr
 .data.uart     0x2000007f        0x1 .\sloeber.ino.cpp.o
                0x2000007f                uart
 .data.port     0x20000080        0x1 .\sloeber.ino.cpp.o
                0x20000080                port
 *fill*         0x20000081        0x3 
 .data._ZL12_usbLineInfo
                0x20000084        0x8 C:/Users/Emanuele/Documents/sloeber-workspace/Catena/Release/arduino.ar(CDC.cpp.o)
 .data._ZL10breakValue
                0x2000008c        0x4 C:/Users/Emanuele/Documents/sloeber-workspace/Catena/Release/arduino.ar(CDC.cpp.o)
 .data._ZL13_cdcInterface
                0x20000090       0x42 C:/Users/Emanuele/Documents/sloeber-workspace/Catena/Release/arduino.ar(CDC.cpp.o)
 *fill*         0x200000d2        0x2 
 .data._serialPeek
                0x200000d4        0x4 C:/Users/Emanuele/Documents/sloeber-workspace/Catena/Release/arduino.ar(CDC.cpp.o)
                0x200000d4                _serialPeek
 .data.EndPoints
                0x200000d8       0x28 C:/Users/Emanuele/Documents/sloeber-workspace/Catena/Release/arduino.ar(USBCore.cpp.o)
                0x200000d8                EndPoints
 .data._ZL5ticks
                0x20000100        0x4 C:/Users/Emanuele/Documents/sloeber-workspace/Catena/Release/arduino.ar(Reset.cpp.o)
 .data.SystemCoreClock
                0x20000104        0x4 C:/Users/Emanuele/Documents/sloeber-workspace/Catena/Release/arduino.ar(wiring.c.o)
                0x20000104                SystemCoreClock
 .data._ADCResolution
                0x20000108        0x4 C:/Users/Emanuele/Documents/sloeber-workspace/Catena/Release/arduino.ar(wiring_analog.c.o)
 .data._readResolution
                0x2000010c        0x4 C:/Users/Emanuele/Documents/sloeber-workspace/Catena/Release/arduino.ar(wiring_analog.c.o)
 .data.impure_data
                0x20000110       0x60 c:/program files/sloeber/arduinoplugin/packages/arduino/tools/arm-none-eabi-gcc/4.8.3-2014q1/bin/../lib/gcc/arm-none-eabi/4.8.3/../../../../arm-none-eabi/lib/armv6-m\libc_s.a(lib_a-impure.o)
 .data._impure_ptr
                0x20000170        0x4 c:/program files/sloeber/arduinoplugin/packages/arduino/tools/arm-none-eabi-gcc/4.8.3-2014q1/bin/../lib/gcc/arm-none-eabi/4.8.3/../../../../arm-none-eabi/lib/armv6-m\libc_s.a(lib_a-impure.o)
                0x20000170                _impure_ptr
 .data.__ctype_ptr__
                0x20000174        0x4 c:/program files/sloeber/arduinoplugin/packages/arduino/tools/arm-none-eabi-gcc/4.8.3-2014q1/bin/../lib/gcc/arm-none-eabi/4.8.3/../../../../arm-none-eabi/lib/armv6-m\libc_s.a(lib_a-ctype_.o)
                0x20000174                __ctype_ptr__
                0x20000178                . = ALIGN (0x4)
                0x20000178                PROVIDE (__preinit_array_start, .)
 *(.preinit_array)
                0x20000178                PROVIDE (__preinit_array_end, .)
                0x20000178                . = ALIGN (0x4)
                0x20000178                PROVIDE (__init_array_start, .)
 *(SORT(.init_array.*))
 *(.init_array)
 .init_array    0x20000178        0x4 c:/program files/sloeber/arduinoplugin/packages/arduino/tools/arm-none-eabi-gcc/4.8.3-2014q1/bin/../lib/gcc/arm-none-eabi/4.8.3/armv6-m/crtbegin.o
 .init_array    0x2000017c        0x4 .\sloeber.ino.cpp.o
 .init_array    0x20000180        0x4 .\libraries\Wire\Wire.cpp.o
 .init_array    0x20000184        0x4 .\libraries\Adafruit_SleepyDog_Library\Adafruit_SleepyDog.cpp.o
 .init_array    0x20000188        0x4 .\arduinoLoRaWAN\arduinoLoRaWAN.cpp.o
 .init_array    0x2000018c        0x4 C:/Users/Emanuele/Documents/sloeber-workspace/Catena/Release/arduino.ar(variant.cpp.o)
 .init_array    0x20000190        0x4 C:/Users/Emanuele/Documents/sloeber-workspace/Catena/Release/arduino.ar(CDC.cpp.o)
 .init_array    0x20000194        0x4 C:/Users/Emanuele/Documents/sloeber-workspace/Catena/Release/arduino.ar(USBCore.cpp.o)
                0x20000198                PROVIDE (__init_array_end, .)
                0x20000198                . = ALIGN (0x4)